2023-07-11 08:59:30.605345+1000 0x39a      Default     0x0                  0      0    kernel: (AppleCredentialManager) ACMTRM-S: setData: saving *policy* (dataLen=53) in 3 seconds (fullSync: NO -> NO).
2023-07-11 08:59:30.605413+1000 0xa77      Default     0x0                  273    0    UVCAssistant: (UVCExtension) [com.apple.UVCExtension:provider] UVCExtensionProvider: [0x121c080c0] kCGNotifyGUISessionUserChanged notification received
2023-07-11 08:59:30.605453+1000 0x7b2      Default     0x0                  156    5    loginwindow: [com.apple.loginwindow.logging:Standard] -[Login1 doLogin] | setting SCconsole information
2023-07-11 08:59:30.605484+1000 0x7b2      Default     0x0                  156    5    loginwindow: [com.apple.loginwindow.logging:Standard] -[LoginDServer setSCDynamicStoreConsoleInformation:uid:gid:sessionList:] | enter.  userName:huhWHAT, uid:501, gid:20, sessions:(
        {
        kCGSSessionAuditIDKey = 100004;
        kCGSSessionGroupIDKey = 20;
        kCGSSessionIDKey = 257;
        kCGSSessionLoginwindowSafeLogin = 0;
        kCGSSessionOnConsoleKey = 1;
        kCGSSessionSystemSafeBoot = 0;
        kCGSSessionUserIDKey = 501;
        kCGSSessionUserNameKey = huhWHAT;
        kCGSessionLoginDoneKey = 1;
        kCGSessionLongUserNameKey = "huhWHAT X";
        kSCSecuritySessionID = 100004;
    }
)
2023-07-11 08:59:30.605484+1000 0x7b2      Default     0x0                  156    5    loginwindow: [com.apple.loginwindow.logging:Standard] -[LoginDServer setSCDynamicStoreConsoleInformation:uid:gid:sessionList:] | entryEUID is root, calling SCDynamicStoreSetConsoleInformation directly
2023-07-11 08:59:30.605567+1000 0x7b2      Default     0x0                  156    5    loginwindow: [com.apple.loginwindow.logging:Standard] -[Login1 doLogin] | _managedAccount = 0, homeDirType = 1
2023-07-11 08:59:30.605567+1000 0x7b2      Default     0x0                  156    5    loginwindow: [com.apple.loginwindow.logging:Standard] -[Login1 doLoginHook] | enter
2023-07-11 08:59:30.605824+1000 0xde7      Default     0x0                  0      0    kernel: Couldn't alloc class "AppleKeyStoreTest"
2023-07-11 08:59:30.605974+1000 0x71f      Default     0x0                  140    0    bluetoothd: [com.apple.bluetooth:Server.XPC] dynamicSystemConfigurationStoreCallback callback called for com.apple.BTServer.cloudpairing, uid: 501
2023-07-11 08:59:30.605990+1000 0x71f      Default     0x0                  140    0    bluetoothd: [com.apple.bluetooth:Server.XPC] User switched to <private> with UID 501.
2023-07-11 08:59:30.605991+1000 0x71f      Default     0x0                  140    0    bluetoothd: [com.apple.bluetooth:Server.XPC] Connection status for service com.apple.BTServer.cloudpairing is close
2023-07-11 08:59:30.606015+1000 0x71f      Default     0x0                  140    0    bluetoothd: [com.apple.bluetooth:Server.XPC] [WARNING] Don't call this if you are setting up connection to root-user for service com.apple.BTServer.cloudpairing
2023-07-11 08:59:30.606015+1000 0x71f      Default     0x0                  140    0    bluetoothd: [com.apple.bluetooth:Server.XPC] User ID for service com.apple.BTServer.cloudpairing is 501
2023-07-11 08:59:30.606016+1000 0x71f      Default     0x0                  140    0    bluetoothd: [com.apple.bluetooth:Server.XPC] About to set UID 501 to connection com.apple.BTServer.cloudpairing is connection status close
2023-07-11 08:59:30.606018+1000 0x71f      Default     0x0                  140    0    bluetoothd: [com.apple.bluetooth:Server.XPC] Successfully set UID 501 to connection com.apple.BTServer.cloudpairing
2023-07-11 08:59:30.606115+1000 0x7b2      Default     0x0                  156    5    loginwindow: [com.apple.loginwindow.logging:Standard] -[Login1 doLogin] |                 dologin - launching workspace
2023-07-11 08:59:30.606116+1000 0x7b2      Default     0x0                  156    5    loginwindow: [com.apple.loginwindow.logging:Standard] -[Login1 launchWorkspace] | enter
2023-07-11 08:59:30.606126+1000 0x7b2      Activity    0x9fb                156    0    loginwindow: (libsystem_info.dylib) Resolve user group list
2023-07-11 08:59:30.606225+1000 0xa77      Default     0x0                  273    7    UVCAssistant: (SkyLight) [com.apple.SkyLight:default] server port 0x0000270b, session port 0x00002607
2023-07-11 08:59:30.606242+1000 0xa77      Default     0x0                  273    0    UVCAssistant: (UVCExtension) [com.apple.UVCExtension:provider] UVCExtensionProvider: [0x121c080c0] WS Session connected ..
2023-07-11 08:59:30.606285+1000 0xce5      Default     0x0                  140    0    bluetoothd: [com.apple.bluetooth:Server.XPC] dynamicSystemConfigurationStoreCallback callback called for com.apple.BTServer.le.agent, uid: 501
2023-07-11 08:59:30.606289+1000 0xce5      Default     0x0                  140    0    bluetoothd: [com.apple.bluetooth:Server.XPC] User switched to <private> with UID 501.
2023-07-11 08:59:30.606290+1000 0xce5      Default     0x0                  140    0    bluetoothd: [com.apple.bluetooth:Server.XPC] Connection status for service com.apple.BTServer.le.agent is close
2023-07-11 08:59:30.606310+1000 0x71f      Default     0x0                  140    0    bluetoothd: [com.apple.bluetooth:Server.XPC] dynamicSystemConfigurationStoreCallback callback called for com.apple.BTServer.cloudpairing, uid: 501
2023-07-11 08:59:30.606311+1000 0x71f      Default     0x0                  140    0    bluetoothd: [com.apple.bluetooth:Server.XPC] User switched to <private> with UID 501.
2023-07-11 08:59:30.606317+1000 0xce5      Default     0x0                  140    0    bluetoothd: [com.apple.bluetooth:Server.XPC] [WARNING] Don't call this if you are setting up connection to root-user for service com.apple.BTServer.le.agent
2023-07-11 08:59:30.606318+1000 0x71f      Default     0x0                  140    0    bluetoothd: [com.apple.bluetooth:Server.XPC] Connection status for service com.apple.BTServer.cloudpairing is close
2023-07-11 08:59:30.606324+1000 0xce5      Default     0x0                  140    0    bluetoothd: [com.apple.bluetooth:Server.XPC] User ID for service com.apple.BTServer.le.agent is 501
2023-07-11 08:59:30.606324+1000 0xce5      Default     0x0                  140    0    bluetoothd: [com.apple.bluetooth:Server.XPC] About to set UID 501 to connection com.apple.BTServer.le.agent is connection status close
2023-07-11 08:59:30.606326+1000 0xce5      Default     0x0                  140    0    bluetoothd: [com.apple.bluetooth:Server.XPC] Successfully set UID 501 to connection com.apple.BTServer.le.agent
2023-07-11 08:59:30.606342+1000 0x71f      Default     0x0                  140    0    bluetoothd: [com.apple.bluetooth:Server.XPC] [WARNING] Don't call this if you are setting up connection to root-user for service com.apple.BTServer.cloudpairing
2023-07-11 08:59:30.606342+1000 0x71f      Default     0x0                  140    0    bluetoothd: [com.apple.bluetooth:Server.XPC] User ID for service com.apple.BTServer.cloudpairing is 501
2023-07-11 08:59:30.606343+1000 0x71f      Default     0x0                  140    0    bluetoothd: [com.apple.bluetooth:Server.XPC] About to set UID 501 to connection com.apple.BTServer.cloudpairing is connection status close
2023-07-11 08:59:30.606344+1000 0x71f      Default     0x0                  140    0    bluetoothd: [com.apple.bluetooth:Server.XPC] Successfully set UID 501 to connection com.apple.BTServer.cloudpairing
2023-07-11 08:59:30.606423+1000 0xde2      Info        0x9fb                118    0    opendirectoryd: [com.apple.opendirectoryd:session] UID: 0, EUID: 0, GID: 20, EGID: 20, PID: 156, PROC: loginwindow RPC: getgrouplist, Module: SystemCache, rpc_version: 2, ngroups: 17, name: <private>
2023-07-11 08:59:30.606423+1000 0x7c6      Default     0x0                  110    0    diskarbitrationd: [com.apple.DiskArbitration.diskarbitrationd:default] configd [0] -> diskarbitrationd [110]
2023-07-11 08:59:30.606438+1000 0xde2      Info        0x9fb                118    0    opendirectoryd: (SystemCache) [com.apple.opendirectoryd:systemcache.memberships] adding Network Direct & Nested to skipmask because entry is local but local users not allowed in netgroups. user: 501@/Local/Default
2023-07-11 08:59:30.606441+1000 0xde2      Info        0x9fb                118    0    opendirectoryd: (SystemCache) [com.apple.opendirectoryd:systemcache.memberships] skipping refresh Network Direct memberOf due to skipmask. user: 501@/Local/Default
2023-07-11 08:59:30.606441+1000 0xde2      Info        0x9fb                118    0    opendirectoryd: (SystemCache) [com.apple.opendirectoryd:systemcache.memberships] skipping refresh Network Nested memberOf due to skipmask. user: 501@/Local/Default
2023-07-11 08:59:30.606459+1000 0xde2      Info        0x9fb                118    0    opendirectoryd: [com.apple.opendirectoryd:session] getgrouplist completed, delivered 16 results
2023-07-11 08:59:30.606467+1000 0x7b2      Default     0x0                  156    5    loginwindow: [com.apple.loginwindow.logging:Standard] -[Login1 launchWorkspace] |                 launchWorkspace - initgroups, setgid
2023-07-11 08:59:30.606476+1000 0x7b2      Default     0x0                  156    5    loginwindow: [com.apple.loginwindow.logging:Standard] -[Login1 launchWorkspace] |                 launchWorkspace - lomem thread
2023-07-11 08:59:30.606479+1000 0x7b2      Default     0x0                  156    5    loginwindow: [com.apple.loginwindow.logging:Standard] -[LWPluginManager isLoginAllowedForUserID:shortName:] | enter
2023-07-11 08:59:30.606489+1000 0x7b2      Default     0x0                  156    5    loginwindow: [com.apple.loginwindow.logging:Standard] -[Login1 launchWorkspace] |                 launchWorkspace - setlogin. plugins loginallowed = 1
2023-07-11 08:59:30.606494+1000 0x7b2      Default     0x0                  156    5    loginwindow: [com.apple.loginwindow.logging:Standard] -[SessionAgentNotificationCenter doSpecialNotificationHandling:] | doSpecialNotificationHandling:3
2023-07-11 08:59:30.606506+1000 0x71f      Default     0x0                  140    0    bluetoothd: [com.apple.bluetooth:Server.Core] StackManager void BT::systemConfigurationKeysChanged(SCDynamicStoreRef, CFArrayRef, void *) with keys <private> fConsoleUserKey
2023-07-11 08:59:30.606508+1000 0xa6b      Default     0x0                  273    0    UVCAssistant: (UVCExtension) [com.apple.UVCExtension:provider] UVCExtensionProvider: [0x121c080c0] registerCGSNotifications
2023-07-11 08:59:30.606588+1000 0x7b2      Default     0x0                  156    5    loginwindow: [com.apple.loginwindow.logging:Standard] -[SessionAgentNotificationCenter setupInitialUserID:] | notify_register_check success, token:60
2023-07-11 08:59:30.606588+1000 0x7b2      Default     0x0                  156    5    loginwindow: [com.apple.loginwindow.logging:Standard] -[SessionAgentNotificationCenter setupInitialUserID:] | setting token:60 to userID:501
2023-07-11 08:59:30.606594+1000 0x71f      Default     0x0                  140    0    bluetoothd: [com.apple.bluetooth:Server.HID] void BT::HIDProfile::handleUserChanged() -- handleUserChanged
2023-07-11 08:59:30.606601+1000 0x7b2      Default     0x0                  156    0    loginwindow: (loginsupport) [com.apple.login:SA_General] SASetSessionState: enter
2023-07-11 08:59:30.606724+1000 0xa72      Default     0x0                  135    0    logind: (loginsupport) [com.apple.login:Logind_General] -[SessionAgent SA_SetSessionStateForUser:state:reply:]:536: state set to: 1
2023-07-11 08:59:30.606728+1000 0xa72      Default     0x0                  135    0    logind: (loginsupport) [com.apple.login:Logind_General] -[SessionAgent SA_SetSessionStateForUser:state:reply:]:544: result: 0
2023-07-11 08:59:30.606753+1000 0x7b2      Default     0x0                  156    0    loginwindow: (loginsupport) [com.apple.login:SA_General] SASetSessionState: exit: result = 0
2023-07-11 08:59:30.606754+1000 0x7b2      Default     0x0                  156    5    loginwindow: [com.apple.loginwindow.logging:Standard] -[LoginDServer systemSetSessionState:forUser:] | systemSetSessionState success, new state: Logging in
2023-07-11 08:59:30.606772+1000 0x7b2      Default     0x0                  156    5    loginwindow: [com.apple.loginwindow.logging:Standard] -[SessionAgentNotificationCenter sendSystemBSDNotification:forUserID:] | sendSystemBSDNotification: com.apple.system.loginwindow.loginInitiated, with userID:501
2023-07-11 08:59:30.606774+1000 0x7b2      Default     0x0                  156    0    loginwindow: (loginsupport) [com.apple.login:SA_General] SASystemNotifyPost: enter
2023-07-11 08:59:30.606825+1000 0xa72      Default     0x0                  135    0    logind: (loginsupport) [com.apple.login:Logind_General] -[SessionAgent SA_SystemNotifyPost:reply:]:477: posting: com.apple.system.loginwindow.loginInitiated, result: 0
2023-07-11 08:59:30.606834+1000 0x70f      Default     0x0                  119    0    apsd: [com.apple.apsd:daemon] <private>: Change in users with uid new = <private>, logged out = <private>
2023-07-11 08:59:30.606846+1000 0x70f      Activity    0x1242               119    0    apsd: (libsystem_info.dylib) Membership API: translate identifier
2023-07-11 08:59:30.606850+1000 0x7b2      Default     0x0                  156    0    loginwindow: (loginsupport) [com.apple.login:SA_General] SASystemNotifyPost: exit: result = 0
2023-07-11 08:59:30.606851+1000 0x7b2      Default     0x0                  156    5    loginwindow: [com.apple.loginwindow.logging:Standard] -[LoginDServer systemNotifyPost:] | systemNotifyPost success
2023-07-11 08:59:30.606854+1000 0x7b2      Default     0x0                  156    5    loginwindow: [com.apple.loginwindow.logging:Standard] -[SessionAgentNotificationCenter sendSystemBSDNotification:forUserID:] | sendSystemBSDNotification: com.apple.system.sessionagent.sessionstatechanged, with userID:501
2023-07-11 08:59:30.606855+1000 0x7b2      Default     0x0                  156    0    loginwindow: (loginsupport) [com.apple.login:SA_General] SASystemNotifyPost: enter
2023-07-11 08:59:30.606897+1000 0xa72      Default     0x0                  135    0    logind: (loginsupport) [com.apple.login:Logind_General] -[SessionAgent SA_SystemNotifyPost:reply:]:477: posting: com.apple.system.sessionagent.sessionstatechanged, result: 0
2023-07-11 08:59:30.606912+1000 0x721      Activity    0x217                143    0    corebrightnessd: (CFOpenDirectory) Open a given node
2023-07-11 08:59:30.606914+1000 0x7b2      Default     0x0                  156    0    loginwindow: (loginsupport) [com.apple.login:SA_General] SASystemNotifyPost: exit: result = 0
2023-07-11 08:59:30.606914+1000 0x7b2      Default     0x0                  156    5    loginwindow: [com.apple.loginwindow.logging:Standard] -[LoginDServer systemNotifyPost:] | systemNotifyPost success
2023-07-11 08:59:30.606915+1000 0x7b2      Default     0x0                  156    5    loginwindow: [com.apple.loginwindow.logging:Standard] -[LWPluginManager willLogin] | enter
2023-07-11 08:59:30.606933+1000 0x7b2      Default     0x0                  156    5    loginwindow: [com.apple.loginwindow.logging:Standard] -[Login1 launchWorkspace] |                 launchWorkspace - plugins willlogin called
2023-07-11 08:59:30.606935+1000 0x7b2      Default     0x0                  156    5    loginwindow: [com.apple.loginwindow.logging:Standard] -[Login1 launchWorkspace] |                 launchWorkspace - setting lastUserName: huhWHAT
2023-07-11 08:59:30.606940+1000 0x7b2      Default     0x0                  156    5    loginwindow: [com.apple.loginwindow.logging:Standard] -[FirstLoginOptimizer tickleFirstLoginOptimizer:] | Enter
2023-07-11 08:59:30.606944+1000 0x7b2      Default     0x0                  156    5    loginwindow: [com.apple.loginwindow.logging:Standard] -[FirstLoginOptimizer tickleFirstLoginOptimizer:] | _currentSystemVersionNumber:0xd030100, lastRunOnSystem:0xd030100
2023-07-11 08:59:30.606944+1000 0x7b2      Default     0x0                  156    5    loginwindow: [com.apple.loginwindow.logging:Standard] -[FirstLoginOptimizer tickleFirstLoginOptimizer:] | _currentBuildVersionNumber:0x2c420a0, lastRunOnBuild:0x2c420a0
2023-07-11 08:59:30.607020+1000 0x7b2      Info        0x0                  156    0    loginwindow: (LaunchServices) [com.apple.launchservices:cas] _LSSetMetaApplicationInfo({
    kLSAddUIDsToSession = 501;
})
2023-07-11 08:59:30.607050+1000 0xde1      Info        0x1242               118    0    opendirectoryd: [com.apple.opendirectoryd:session] UID: 0, EUID: 0, GID: 0, EGID: 0, PID: 119, PROC: apsd RPC: mbr_identifier_translate, Module: SystemCache, Type: <private>, Value: <private>, Requesting: <private>
2023-07-11 08:59:30.607066+1000 0x85f      Info        0x0                  120    0    launchservicesd: [com.apple.launchservices:cas] setMetaApplicationInfoAsync msg=<xpc object> client=156 session="LSSession:id=100004 @ 0x14ce09ae0 Apps:5 "
2023-07-11 08:59:30.607081+1000 0xde1      Info        0x1242               118    0    opendirectoryd: (SystemCache) [com.apple.opendirectoryd:systemcache.memberships] UUID: XXXXXXXX-XXXX-XXXX-XXXX-XXXXXXXX18AA, user: 501@/Local/Default
2023-07-11 08:59:30.607091+1000 0x85f      Info        0x0                  120    0    launchservicesd: [com.apple.launchservices:cas] setMetaApplicationInfo msg=<xpc object> client=156 session="LSSession:id=100004 @ 0x14ce09ae0 Apps:5 "
2023-07-11 08:59:30.607101+1000 0x85f      Info        0x0                  120    0    launchservicesd: [com.apple.launchservices:cas] metaInfoRef={ "kLSAddUIDsToSession"=501 } client=156 privileged=YES session="LSSession:id=100004 @ 0x14ce09ae0 Apps:5 "
2023-07-11 08:59:30.607111+1000 0xde1      Info        0x1242               118    0    opendirectoryd: [com.apple.opendirectoryd:session] mbr_identifier_translate completed, delivered 1 result
2023-07-11 08:59:30.607114+1000 0x7b2      Default     0x0                  156    5    loginwindow: [com.apple.loginwindow.logging:Standard] -[Login1 launchWorkspace] |                 Before calling setreuid and seteuid. uid=0, euid=0
2023-07-11 08:59:30.607125+1000 0x7b2      Default     0x0                  156    5    loginwindow: [com.apple.loginwindow.logging:Standard] -[Login1 launchWorkspace] |                 seteuid error:1 - Operation not permitted
2023-07-11 08:59:30.607129+1000 0x7b2      Default     0x0                  156    5    loginwindow: [com.apple.loginwindow.logging:Standard] -[Login1 launchWorkspace] |                 launchWorkspace - finished setreuid and seteuid. After: uid=0, euid=501 username=huhWHAT
2023-07-11 08:59:30.607393+1000 0x7b2      Default     0x0                  156    5    loginwindow: [com.apple.loginwindow.logging:Standard] -[Login1 launchWorkspace] |                 launchWorkspace - flushed preferences
2023-07-11 08:59:30.607394+1000 0x7b2      Default     0x0                  156    5    loginwindow: [com.apple.loginwindow.logging:Standard] -[Login1 setupEnvironment] | enter
2023-07-11 08:59:30.607426+1000 0x7b2      Default     0x0                  156    5    loginwindow: [com.apple.loginwindow.logging:Standard] -[Login1 setupEnvironment] | Environment: {
    HOME = "/Users/huhWHAT";
    LaunchInstanceID = "XXXXXXXX-XXXX-XXXX-XXXX-XXXXXXXX5756";
    PATH = "/usr/bin:/bin:/usr/sbin:/sbin";
    SECURITYSESSIONID = 196b4;
    SHELL = "/bin/zsh";
    USER = huhWHAT;
    "XPC_FLAGS" = 0x0;
    "XPC_SERVICE_NAME" = "com.apple.loginwindow";
}
2023-07-11 08:59:30.607438+1000 0x7b2      Default     0x0                  156    5    loginwindow: [com.apple.loginwindow.logging:Standard] -[Login1 setupEnvironment] | Arguments: (
    "/System/Library/CoreServices/loginwindow.app/Contents/MacOS/loginwindow",
    console
)
2023-07-11 08:59:30.607441+1000 0x7b2      Default     0x0                  156    5    loginwindow: [com.apple.loginwindow.logging:Standard] -[Login1 launchWorkspace] |                 _InvalidateAllInputSourceState
2023-07-11 08:59:30.607443+1000 0x7b2      Default     0x0                  156    5    loginwindow: [com.apple.loginwindow.logging:Standard] -[HotKeyManager userDidLogin] | enter
2023-07-11 08:59:30.607551+1000 0x7b2      Default     0x0                  156    5    loginwindow: [com.apple.loginwindow.logging:Standard] -[Login1 launchWorkspace] |                 launchWorkspace - calling unlock keychain
2023-07-11 08:59:30.607556+1000 0x7b2      Default     0x0                  156    5    loginwindow: [com.apple.loginwindow.logging:Standard] -[LWKeychainSupport unlockLoginKeychainDuringLogin] | enter
2023-07-11 08:59:30.607566+1000 0x7b2      Info        0x0                  156    0    loginwindow: (CoreAnalytics) [com.apple.CoreAnalytics:client] Dropping "com.apple.security.LegacyAPICounts" as it isn't used in any transform (not in the config or budgeted?)
2023-07-11 08:59:30.607567+1000 0x7b2      Activity    0x9fc                156    0    loginwindow: (Security) SecKeychainCopyLogin
2023-07-11 08:59:30.607605+1000 0x70f      Default     0x0                  119    0    apsd: <private>: Initializing system user with uid <private>
2023-07-11 08:59:30.607609+1000 0x70f      Default     0x0                  119    0    apsd: [com.apple.apsd:daemon] <private>: Starting login of uid <private>
2023-07-11 08:59:30.607612+1000 0x70f      Activity    0x1243               119    0    apsd: (libsystem_info.dylib) Membership API: translate identifier
2023-07-11 08:59:30.607759+1000 0x7b2      Activity    0x9fd                156    0    loginwindow: (CoreFoundation) Loading Preferences From System CFPrefsD
2023-07-11 08:59:30.607949+1000 0xde2      Info        0x1243               118    0    opendirectoryd: [com.apple.opendirectoryd:session] UID: 0, EUID: 0, GID: 0, EGID: 0, PID: 119, PROC: apsd RPC: mbr_identifier_translate, Module: SystemCache, Type: <private>, Value: <private>, Requesting: <private>
2023-07-11 08:59:30.607977+1000 0xde2      Info        0x1243               118    0    opendirectoryd: (SystemCache) [com.apple.opendirectoryd:systemcache.memberships] UUID: XXXXXXXX-XXXX-XXXX-XXXX-XXXXXXXX18AA, user: 501@/Local/Default
2023-07-11 08:59:30.608004+1000 0xde2      Info        0x1243               118    0    opendirectoryd: [com.apple.opendirectoryd:session] mbr_identifier_translate completed, delivered 1 result
2023-07-11 08:59:30.608148+1000 0x70f      Activity    0x1244               119    0    apsd: (CFOpenDirectory) Querying records from directories
2023-07-11 08:59:30.608509+1000 0x88c      Default     0x0                  123    0    securityd: [com.apple.securityd:SecServer] 0x13170a130 Session 100004 created, uid:501 sessionId:100004
2023-07-11 08:59:30.608516+1000 0xde1      Info        0x1244               118    0    opendirectoryd: [com.apple.opendirectoryd:session] UID: 0, EUID: 0, GID: 0, EGID: 0, PID: 119, PROC: apsd ODQueryCreateWithNode request, NodeID: XXXXXXXX-XXXX-XXXX-XXXX-XXXXXXXX5178, RecordType(s): dsRecTypeStandard:Users, Attribute: dsAttrTypeStandard:UniqueID, MatchType: EqualTo, Equality: Number, Value(s): <private>, Requested Attributes: dsAttributesAll, Max Results: 2147483647
2023-07-11 08:59:30.608520+1000 0x88c      Default     0x0                  123    0    securityd: Session 100004 created
2023-07-11 08:59:30.608585+1000 0xde2      Info        0x1244               118    0    opendirectoryd: [com.apple.opendirectoryd:session] queuing request to connection - XXXXXXXX-XXXX-XXXX-XXXX-XXXXXXXX3B4F - <private>
2023-07-11 08:59:30.608589+1000 0x7b2      Activity    0x9fe                156    0    loginwindow: (libsystem_info.dylib) Membership API: translate identifier
2023-07-11 08:59:30.608640+1000 0xde2      Info        0x1244               118    0    opendirectoryd: [com.apple.opendirectoryd:session] Forward: ODQueryCreateWithNode request, NodeID: XXXXXXXX-XXXX-XXXX-XXXX-XXXXXXXXAD4A, RecordType(s): dsRecTypeStandard:Users, Attribute: dsAttrTypeStandard:UniqueID, MatchType: EqualTo, Equality: Number, Value(s): <private>, Requested Attributes: dsAttributesAll, Max Results: 2147483647
2023-07-11 08:59:30.608646+1000 0xde1      Info        0x217                118    0    opendirectoryd: [com.apple.opendirectoryd:session] UID: 0, EUID: 0, GID: 0, EGID: 0, PID: 143, PROC: corebrightnessd ODNodeCreateWithNameAndOptions request, SessionID: 00000000-0000-0000-0000-000000000000, Name: <private>, Options: 0x0
2023-07-11 08:59:30.608699+1000 0xde1      Info        0x1244               118    0    opendirectoryd: [com.apple.opendirectoryd:session] queuing request to connection - XXXXXXXX-XXXX-XXXX-XXXX-XXXXXXXXB316 - <private>
2023-07-11 08:59:30.608901+1000 0x65c      Default     0x0                  1      0    launchd: [pid/371 [ManagedClient]:] uncorking exec source upfront
2023-07-11 08:59:30.608912+1000 0x65c      Default     0x0                  1      0    launchd: [pid/371 [ManagedClient]:] created
2023-07-11 08:59:30.608947+1000 0xddf      Info        0x217                118    0    opendirectoryd: [com.apple.opendirectoryd:session] initiating reconnect for XXXXXXXX-XXXX-XXXX-XXXX-XXXXXXXX710A
2023-07-11 08:59:30.608968+1000 0xd77      Info        0x9fe                118    0    opendirectoryd: [com.apple.opendirectoryd:session] UID: 0, EUID: 501, GID: 20, EGID: 20, PID: 156, PROC: loginwindow RPC: mbr_identifier_translate, Module: SystemCache, Type: <private>, Value: <private>, Requesting: <private>
2023-07-11 08:59:30.608995+1000 0xd77      Info        0x9fe                118    0    opendirectoryd: (SystemCache) [com.apple.opendirectoryd:systemcache.memberships] UUID: XXXXXXXX-XXXX-XXXX-XXXX-XXXXXXXX18AA, user: 501@/Local/Default
2023-07-11 08:59:30.609029+1000 0xd77      Info        0x9fe                118    0    opendirectoryd: [com.apple.opendirectoryd:session] mbr_identifier_translate completed, delivered 1 result
2023-07-11 08:59:30.609047+1000 0xde2      Info        0x217                118    0    opendirectoryd: [com.apple.opendirectoryd:session] node assigned UUID - XXXXXXXX-XXXX-XXXX-XXXX-XXXXXXXX4BE1
2023-07-11 08:59:30.609141+1000 0xde2      Info        0x217                118    0    opendirectoryd: [com.apple.opendirectoryd:session] ODNodeCreateWithNameAndOptions completed
2023-07-11 08:59:30.609246+1000 0xde1      Info        0x1244               118    0    opendirectoryd: (PlistFile) [com.apple.opendirectoryd:session] found match using index - type 'users' file '<private>'
2023-07-11 08:59:30.609284+1000 0x721      Activity    0x218                143    0    corebrightnessd: (CFOpenDirectory) Querying records from directories
2023-07-11 08:59:30.609454+1000 0x768      Info        0x218                118    0    opendirectoryd: [com.apple.opendirectoryd:session] UID: 0, EUID: 0, GID: 0, EGID: 0, PID: 143, PROC: corebrightnessd ODQueryCreateWithNode request, NodeID: XXXXXXXX-XXXX-XXXX-XXXX-XXXXXXXX4BE1, RecordType(s): dsRecTypeStandard:Users, Attribute: dsAttrTypeStandard:UniqueID, MatchType: EqualTo, Equality: Number, Value(s): <private>, Requested Attributes: dsAttributesAll, Max Results: 2147483647
2023-07-11 08:59:30.609484+1000 0x768      Info        0x218                118    0    opendirectoryd: [com.apple.opendirectoryd:session] queuing request to connection - XXXXXXXX-XXXX-XXXX-XXXX-XXXXXXXX710A - <private>
2023-07-11 08:59:30.609520+1000 0x768      Info        0x218                118    0    opendirectoryd: [com.apple.opendirectoryd:session] Internal: ODNodeCreateWithNameAndOptions request, SessionID: 00000000-0000-0000-0000-000000000000, Name: /Local/Default, Options: 0x0
2023-07-11 08:59:30.609559+1000 0xde2      Info        0x218                118    0    opendirectoryd: [com.apple.opendirectoryd:session] node assigned UUID - XXXXXXXX-XXXX-XXXX-XXXX-XXXXXXXX63EF
2023-07-11 08:59:30.609682+1000 0xd77      Info        0x218                118    0    opendirectoryd: [com.apple.opendirectoryd:session] ODNodeCreateWithNameAndOptions completed
2023-07-11 08:59:30.609688+1000 0xde2      Info        0x1244               118    0    opendirectoryd: [com.apple.opendirectoryd:session] ODQueryCreateWithNode completed, delivered 1 result
2023-07-11 08:59:30.609913+1000 0xde1      Info        0x1244               118    0    opendirectoryd: [com.apple.opendirectoryd:session] ODQueryCreateWithNode completed, delivered 1 result
2023-07-11 08:59:30.609929+1000 0x768      Info        0x218                118    0    opendirectoryd: [com.apple.opendirectoryd:session] Forward: ODQueryCreateWithNode request, NodeID: XXXXXXXX-XXXX-XXXX-XXXX-XXXXXXXX63EF, RecordType(s): dsRecTypeStandard:Users, Attribute: dsAttrTypeStandard:UniqueID, MatchType: EqualTo, Equality: Number, Value(s): <private>, Requested Attributes: dsAttributesAll, Max Results: 2147483647
2023-07-11 08:59:30.609953+1000 0xde1      Info        0x218                118    0    opendirectoryd: [com.apple.opendirectoryd:session] queuing request to connection - XXXXXXXX-XXXX-XXXX-XXXX-XXXXXXXXB316 - <private>
2023-07-11 08:59:30.609960+1000 0x85f      Info        0x0                  120    0    launchservicesd: [com.apple.launchservices:cas] CLIENT: 0x14d80b400/273 Need to lookup or create kLSDefaultSessionID for client.
2023-07-11 08:59:30.610005+1000 0xa6b      Info        0x0                  273    0    UVCAssistant: (LaunchServices) [com.apple.launchservices:cas] Registering for notification <private> on default queue, to re-boostrap client connection.
2023-07-11 08:59:30.610054+1000 0x7b2      Default     0x9fc                156    0    loginwindow: (Security) [com.apple.securityd:mds] Recording an MDS plugin: /System/Library/Security/ldapdl.bundle {XXXXXXXX-XXXX-XXXX-XXXX-XXXXXXXX2122}
2023-07-11 08:59:30.610057+1000 0x7b2      Info        0x9fc                156    0    loginwindow: (CoreAnalytics) [com.apple.CoreAnalytics:client] Dropping "com.apple.security.LegacyMDSPluginCounts" as it isn't used in any transform (not in the config or budgeted?)
2023-07-11 08:59:30.610080+1000 0xded      Info        0x0                  120    0    launchservicesd: [com.apple.launchservices:cas] CLIENT: 0x14d80b400/273 Need to lookup or create kLSDefaultSessionID for client.
2023-07-11 08:59:30.610080+1000 0x7b2      Default     0x9fc                156    0    loginwindow: (Security) [com.apple.securityd:mds] Recording an MDS plugin: /System/Library/Frameworks/Security.framework {XXXXXXXX-XXXX-XXXX-XXXX-XXXXXXXX2122}
2023-07-11 08:59:30.610082+1000 0x7b2      Info        0x9fc                156    0    loginwindow: (CoreAnalytics) [com.apple.CoreAnalytics:client] Dropping "com.apple.security.LegacyMDSPluginCounts" as it isn't used in any transform (not in the config or budgeted?)
2023-07-11 08:59:30.610198+1000 0xded      Info        0x0                  120    0    launchservicesd: [com.apple.launchservices:cas] CLIENT: 0x14d80b400/273 Need to lookup or create kLSDefaultSessionID for client.
2023-07-11 08:59:30.610302+1000 0xded      Info        0x0                  120    0    launchservicesd: [com.apple.launchservices:cas] CLIENT: 0x14d80b400/273 Need to lookup or create kLSDefaultSessionID for client.
2023-07-11 08:59:30.610335+1000 0xde1      Info        0x218                118    0    opendirectoryd: (PlistFile) [com.apple.opendirectoryd:session] found match using index - type 'users' file '<private>'
2023-07-11 08:59:30.610429+1000 0xded      Info        0x0                  120    0    launchservicesd: [com.apple.launchservices:cas] CLIENT: 0x14d80b400/273 Need to lookup or create kLSDefaultSessionID for client.
2023-07-11 08:59:30.610551+1000 0x70f      Activity    0x1245               119    0    apsd: (CFOpenDirectory) Retrieve record from node
2023-07-11 08:59:30.610552+1000 0x70f      Activity    0x1246               119    0    apsd: (CFOpenDirectory) Querying records from directories
2023-07-11 08:59:30.610722+1000 0xde2      Info        0x1246               118    0    opendirectoryd: [com.apple.opendirectoryd:session] query values were invalid for 'dsAttrTypeStandard:EMailAddress'
2023-07-11 08:59:30.610723+1000 0xde2      Info        0x1246               118    0    opendirectoryd: [com.apple.opendirectoryd:session] query values were invalid for 'dsAttrTypeStandard:AltSecurityIdentities'
2023-07-11 08:59:30.610734+1000 0xde2      Info        0x1246               118    0    opendirectoryd: [com.apple.opendirectoryd:session] UID: 0, EUID: 0, GID: 0, EGID: 0, PID: 119, PROC: apsd ODQueryCreateWithNode request, NodeID: XXXXXXXX-XXXX-XXXX-XXXX-XXXXXXXXF4A5, RecordType(s): dsRecTypeStandard:Users, Attribute: dsAttrTypeStandard:RecordName, MatchType: EqualTo, Equality: CaseIgnore, Value(s): <private>, Requested Attributes: dsAttributesAll, Max Results: 1
2023-07-11 08:59:30.610761+1000 0xde2      Info        0x218                118    0    opendirectoryd: [com.apple.opendirectoryd:session] ODQueryCreateWithNode completed, delivered 1 result
2023-07-11 08:59:30.610793+1000 0x768      Info        0x1246               118    0    opendirectoryd: [com.apple.opendirectoryd:session] queuing request to connection - XXXXXXXX-XXXX-XXXX-XXXX-XXXXXXXXB316 - <private>
2023-07-11 08:59:30.611016+1000 0xde2      Info        0x218                118    0    opendirectoryd: [com.apple.opendirectoryd:session] ODQueryCreateWithNode completed, delivered 1 result
2023-07-11 08:59:30.611100+1000 0xbd1      Default     0x0                  1      0    launchd: [user/501:] created
2023-07-11 08:59:30.611101+1000 0xbd1      Default     0x0                  1      0    launchd: [user/501:] entering bootstrap mode
2023-07-11 08:59:30.611103+1000 0x768      Info        0x1246               118    0    opendirectoryd: (PlistFile) [com.apple.opendirectoryd:session] found via filename '<private>'
2023-07-11 08:59:30.611670+1000 0x768      Info        0x1246               118    0    opendirectoryd: [com.apple.opendirectoryd:session] ODQueryCreateWithNode completed, delivered 1 result
2023-07-11 08:59:30.611905+1000 0x70f      Activity    0x1247               119    0    apsd: (CFOpenDirectory) Querying records from directories
2023-07-11 08:59:30.611906+1000 0x721      Activity    0x219                143    0    corebrightnessd: (CFOpenDirectory) Open a given node
2023-07-11 08:59:30.612020+1000 0xde1      Info        0x219                118    0    opendirectoryd: [com.apple.opendirectoryd:session] UID: 0, EUID: 0, GID: 0, EGID: 0, PID: 143, PROC: corebrightnessd ODNodeCreateWithNameAndOptions request, SessionID: 00000000-0000-0000-0000-000000000000, Name: <private>, Options: 0x0
2023-07-11 08:59:30.612070+1000 0x768      Info        0x219                118    0    opendirectoryd: [com.apple.opendirectoryd:session] node assigned UUID - XXXXXXXX-XXXX-XXXX-XXXX-XXXXXXXX21C5
2023-07-11 08:59:30.612140+1000 0xde1      Info        0x1247               118    0    opendirectoryd: [com.apple.opendirectoryd:session] query values were invalid for 'dsAttrTypeStandard:EMailAddress'
2023-07-11 08:59:30.612141+1000 0xde1      Info        0x1247               118    0    opendirectoryd: [com.apple.opendirectoryd:session] query values were invalid for 'dsAttrTypeStandard:AltSecurityIdentities'
2023-07-11 08:59:30.612157+1000 0x768      Info        0x219                118    0    opendirectoryd: [com.apple.opendirectoryd:session] ODNodeCreateWithNameAndOptions completed
2023-07-11 08:59:30.612157+1000 0xde1      Info        0x1247               118    0    opendirectoryd: [com.apple.opendirectoryd:session] UID: 0, EUID: 0, GID: 0, EGID: 0, PID: 119, PROC: apsd ODQueryCreateWithNode request, NodeID: XXXXXXXX-XXXX-XXXX-XXXX-XXXXXXXXF4A5, RecordType(s): dsRecTypeStandard:Users, Attribute: dsAttrTypeStandard:RecordName, MatchType: EqualTo, Equality: CaseIgnore, Value(s): <private>, Requested Attributes: dsAttrTypeNative:_writers_LinkedIdentity,dsAttrTypeNative:_shadow_passwd,dsAttrTypeStandard:RecordType,dsAttrTypeStandard:MCXSettings,dsAttrTypeStandard:GeneratedUID,dsAttrTypeStandard:JPEGPhoto,dsAttrTypeStandard:HomeDirectory,dsAttrTypeNative:IsHidden,dsAttrTypeNative:LinkedIdentity,dsAttrTypeStandard:UniqueID,dsAttrTypeStandard:CopyTimestamp,dsAttrTypeNative:_writers_UserCertificate,dsAttrTypeNative:_writers_AvatarRepresentation,dsAttrTypeStandard:UserShell,dsAttrTypeNative:_writers_realname,dsAttrTypeStandard:AppleMetaRecordName,dsAttrTypeNative:_writers_picture,dsAttrTypeNative:_writers_inputSources,dsAttrTypeStandard:Picture,dsAttrTypeNative:_writers_jpegphoto,dsAttrTypeStandard:PrimaryGroupID,dsAttrTypeNative:_defaultLanguage,dsAttrTypeStandard:RealName,dsAttrTypeStandard:AppleMetaNodeLocation,dsAttrTypeS<…>, Max Results: <decode: missing data>
2023-07-11 08:59:30.612188+1000 0x768      Info        0x1247               118    0    opendirectoryd: [com.apple.opendirectoryd:session] queuing request to connection - XXXXXXXX-XXXX-XXXX-XXXX-XXXXXXXXB316 - <private>
2023-07-11 08:59:30.612380+1000 0x721      Activity    0x21a                143    0    corebrightnessd: (CFOpenDirectory) Retrieve record from node
2023-07-11 08:59:30.612381+1000 0x721      Activity    0x21b                143    0    corebrightnessd: (CFOpenDirectory) Querying records from directories
2023-07-11 08:59:30.612573+1000 0x768      Info        0x1247               118    0    opendirectoryd: (PlistFile) [com.apple.opendirectoryd:session] found via filename '<private>'
2023-07-11 08:59:30.612663+1000 0x768      Info        0x21b                118    0    opendirectoryd: [com.apple.opendirectoryd:session] query values were invalid for 'dsAttrTypeStandard:EMailAddress'
2023-07-11 08:59:30.612664+1000 0x768      Info        0x21b                118    0    opendirectoryd: [com.apple.opendirectoryd:session] query values were invalid for 'dsAttrTypeStandard:AltSecurityIdentities'
2023-07-11 08:59:30.612678+1000 0x768      Info        0x21b                118    0    opendirectoryd: [com.apple.opendirectoryd:session] UID: 0, EUID: 0, GID: 0, EGID: 0, PID: 143, PROC: corebrightnessd ODQueryCreateWithNode request, NodeID: XXXXXXXX-XXXX-XXXX-XXXX-XXXXXXXX21C5, RecordType(s): dsRecTypeStandard:Users, Attribute: dsAttrTypeStandard:RecordName, MatchType: EqualTo, Equality: CaseIgnore, Value(s): <private>, Requested Attributes: dsAttributesAll, Max Results: 1
2023-07-11 08:59:30.612835+1000 0x768      Info        0x21b                118    0    opendirectoryd: [com.apple.opendirectoryd:session] queuing request to connection - XXXXXXXX-XXXX-XXXX-XXXX-XXXXXXXXB316 - <private>
2023-07-11 08:59:30.613061+1000 0x740      Default     0x0                  147    7    WindowServer: (SkyLight) [com.apple.SkyLight:default] [ ConnectionDebug ] New conn 0x3a123, PID 273 in session 257 on console
2023-07-11 08:59:30.613104+1000 0xde1      Info        0x1247               118    0    opendirectoryd: [com.apple.opendirectoryd:session] ODQueryCreateWithNode completed, delivered 1 result
2023-07-11 08:59:30.613330+1000 0xa6b      Default     0x0                  273    7    UVCAssistant: (SkyLight) [com.apple.SkyLight:default] New connection 0x3a123 main
2023-07-11 08:59:30.613433+1000 0xde9      Info        0x0                  273    0    UVCAssistant: (SkyLight) [com.apple.SkyLight:processes] 0[outside of RPC]: First connection id 237859 mapped to ctx = 0x140e0a150
2023-07-11 08:59:30.613511+1000 0xbd1      Error       0x0                  1      0    launchd: [com.apple.FileProvider:] Unknown key for plist importer (key: com.apple.xpc.activity type: dictionary)
2023-07-11 08:59:30.613556+1000 0x768      Info        0x21b                118    0    opendirectoryd: (PlistFile) [com.apple.opendirectoryd:session] found via filename '<private>'
2023-07-11 08:59:30.613705+1000 0xde9      Default     0x0                  273    0    UVCAssistant: (UVCExtension) [com.apple.UVCExtension:provider] UVCExtensionProvider: [0x121c080c0] Session Activated
2023-07-11 08:59:30.613743+1000 0xde9      Default     0x0                  273    0    UVCAssistant: (UVCExtension) [com.apple.UVCExtension:provider] UVCExtensionProvider: [0x121c080c0] Post kUVCExtensionEventCGDidReconfig on devices (
)
2023-07-11 08:59:30.613780+1000 0xa6b      Default     0x0                  273    0    UVCAssistant: (UVCExtension) [com.apple.UVCExtension:provider] UVCExtensionProvider: [0x121c080c0] setupMatching {
    IOPropertyMatch =     {
        CameraAssistantBundleID = "com.apple.cmio.uvcassistantextension";
    };
    IOProviderClass = IOUSBHostInterface;
    bInterfaceClass = 14;
    bInterfaceSubClass = 1;
}
2023-07-11 08:59:30.613798+1000 0x70f      Default     0x0                  119    0    apsd: <private>: Changing status for uid <private> from logged out to logged in
2023-07-11 08:59:30.613803+1000 0x70f      Default     0x0                  119    0    apsd: [com.apple.apsd:courier] <private>: Logging user with uid <private> into environment development
2023-07-11 08:59:30.613806+1000 0x70f      Default     0x0                  119    0    apsd: [com.apple.apsd:courier] <private>: Will wait patiently for user <private> before recreating the courier state
2023-07-11 08:59:30.614249+1000 0x70f      Default     0x0                  119    0    apsd: [com.apple.apsd:courier] <private>: Logging user with uid <private> into environment production
2023-07-11 08:59:30.614251+1000 0x70f      Default     0x0                  119    0    apsd: [com.apple.apsd:courier] <private>: Will wait patiently for user <private> before recreating the courier state
2023-07-11 08:59:30.614381+1000 0x768      Info        0x21b                118    0    opendirectoryd: [com.apple.opendirectoryd:session] ODQueryCreateWithNode completed, delivered 1 result
2023-07-11 08:59:30.614842+1000 0x8f2      Default     0x0                  147    0    WindowServer: (IOKit) [com.apple.iohid:default] Connection added: IOHIDEventSystemConnection uuid:XXXXXXXX-XXXX-XXXX-XXXX-XXXXXXXX5553 pid:273 process:UVCAssistant type:Monitor entitlements:0x2 caller:HID: -[HIDEventSystemClient initWithType:andAttributes:] + 104 attributes:(null) state:0x0 events:0 mask:0x0 dropped:0 dropStatus:0 droppedMask:0x0 lastDroppedTime:NONE
2023-07-11 08:59:30.614917+1000 0x721      Activity    0x21c                143    0    corebrightnessd: (CFOpenDirectory) Querying records from directories
2023-07-11 08:59:30.614937+1000 0xbd1      Default     0x0                  1      0    launchd: [user/501:] Clearing enabled state for service com.apple.appleseed.seedusaged.postinstall
2023-07-11 08:59:30.614966+1000 0xbd1      Error       0x0                  1      0    launchd: [user/501/com.apple.appleseed.seedusaged.postinstall:] (lint): Ignoring enabled state due to rootless restrictions
2023-07-11 08:59:30.615020+1000 0x70f      Default     0x0                  119    0    apsd: [com.apple.apsd:daemon] <private>: Set active push connection state to YES
2023-07-11 08:59:30.615308+1000 0xd77      Info        0x21c                118    0    opendirectoryd: [com.apple.opendirectoryd:session] query values were invalid for 'dsAttrTypeStandard:EMailAddress'
2023-07-11 08:59:30.615310+1000 0xd77      Info        0x21c                118    0    opendirectoryd: [com.apple.opendirectoryd:session] query values were invalid for 'dsAttrTypeStandard:AltSecurityIdentities'
2023-07-11 08:59:30.615327+1000 0xd77      Info        0x21c                118    0    opendirectoryd: [com.apple.opendirectoryd:session] UID: 0, EUID: 0, GID: 0, EGID: 0, PID: 143, PROC: corebrightnessd ODQueryCreateWithNode request, NodeID: XXXXXXXX-XXXX-XXXX-XXXX-XXXXXXXX21C5, RecordType(s): dsRecTypeStandard:Users, Attribute: dsAttrTypeStandard:RecordName, MatchType: EqualTo, Equality: CaseIgnore, Value(s): <private>, Requested Attributes: dsAttrTypeNative:_writers_LinkedIdentity,dsAttrTypeNative:_shadow_passwd,dsAttrTypeStandard:RecordType,dsAttrTypeStandard:MCXSettings,dsAttrTypeStandard:GeneratedUID,dsAttrTypeStandard:JPEGPhoto,dsAttrTypeStandard:HomeDirectory,dsAttrTypeNative:IsHidden,dsAttrTypeNative:LinkedIdentity,dsAttrTypeStandard:UniqueID,dsAttrTypeStandard:CopyTimestamp,dsAttrTypeNative:_writers_UserCertificate,dsAttrTypeNative:_writers_AvatarRepresentation,dsAttrTypeStandard:UserShell,dsAttrTypeNative:_writers_realname,dsAttrTypeStandard:AppleMetaRecordName,dsAttrTypeNative:_writers_picture,dsAttrTypeNative:_writers_inputSources,dsAttrTypeStandard:Picture,dsAttrTypeNative:_writers_jpegphoto,dsAttrTypeStandard:PrimaryGroupID,dsAttrTypeNative:_defaultLanguage,dsAttrTypeStandard:RealName,dsAttrTypeStandard:AppleMetaNodeLocation,<…>, Max Results: <decode: missing data>
2023-07-11 08:59:30.615361+1000 0xd77      Info        0x21c                118    0    opendirectoryd: [com.apple.opendirectoryd:session] queuing request to connection - XXXXXXXX-XXXX-XXXX-XXXX-XXXXXXXXB316 - <private>
2023-07-11 08:59:30.615847+1000 0xd77      Info        0x21c                118    0    opendirectoryd: (PlistFile) [com.apple.opendirectoryd:session] found via filename '<private>'
2023-07-11 08:59:30.616285+1000 0xd77      Info        0x21c                118    0    opendirectoryd: [com.apple.opendirectoryd:session] ODQueryCreateWithNode completed, delivered 1 result
2023-07-11 08:59:30.617695+1000 0x721      Default     0x0                  143    0    corebrightnessd: UUID = XXXXXXXX-XXXX-XXXX-XXXX-XXXXXXXX18AA
2023-07-11 08:59:30.617807+1000 0x721      Default     0x0                  143    0    corebrightnessd: Current User UID 501
2023-07-11 08:59:30.617914+1000 0x721      Info        0x0                  143    0    corebrightnessd: (CoreBrightness) [com.apple.CoreBrightness.CBColorModule.1:default] key=UserName property=<private> result=1
2023-07-11 08:59:30.617928+1000 0x721      Default     0x0                  143    0    corebrightnessd: (CoreBrightness) Night mode switch user
2023-07-11 08:59:30.618002+1000 0x721      Info        0x0                  143    0    corebrightnessd: (CoreBrightness) [com.apple.CoreBrightness.CBDisplayContainerSKL.1:default] NightShift copyPreferencesForKey CBBlueReductionStatus
2023-07-11 08:59:30.618033+1000 0x721      Default     0x0                  143    0    corebrightnessd: (CoreBrightness) -[NightModeControl switchToUser:]: Defaults found and valid
2023-07-11 08:59:30.618347+1000 0xd5c      Info        0x0                  133    0    PerfPowerServices: (CoreBrightness) [com.apple.CoreBrightness.BSCI:default] use_synchronous_remote=1
2023-07-11 08:59:30.618451+1000 0xdf1      Default     0x0                  1      0    launchd: [user/501/com.apple.cfprefsd.xpc.agent:] draining messages from com.apple.cfprefsd.agent
2023-07-11 08:59:30.618568+1000 0xca4      Default     0x0                  143    0    corebrightnessd: (CoreBrightness) dataDictionary : {
    status = 0;
}
2023-07-11 08:59:30.618754+1000 0x721      Info        0x0                  143    0    corebrightnessd: (CoreBrightness) [com.apple.CoreBrightness.BLC_SKL:default] user updated to <private>
2023-07-11 08:59:30.618764+1000 0xca4      Info        0x0                  143    0    corebrightnessd: (CoreBrightness) [com.apple.CoreBrightness.CBDisplayContainerSKL.1:default] NightShift setNightShiftFactorDictionary <private>
2023-07-11 08:59:30.618783+1000 0xca4      Info        0x0                  143    0    corebrightnessd: (CoreBrightness) [com.apple.CoreBrightness.CBColorModule.1:default] Calling SKL with whitepoint ( 0.312700 | 0.329000 ) with period: 2.500000
2023-07-11 08:59:30.618863+1000 0xd5c      Default     0x0                  133    0    PerfPowerServices: (CoreBrightness) [com.apple.CoreBrightness:default] Register notification block
2023-07-11 08:59:30.618904+1000 0xca4      Info        0x0                  143    0    corebrightnessd: (CoreBrightness) [com.apple.CoreBrightness.CBColorModule.1:default] key=BlueLightReductionFactor property=<private> result=1
2023-07-11 08:59:30.619067+1000 0xdf3      Info        0x0                  143    0    corebrightnessd: (CoreBrightness) [com.apple.CoreBrightness.BrightnessSystemInternal:default] client=5777834352 key=<private>
2023-07-11 08:59:30.619093+1000 0x721      Info        0x0                  143    0    corebrightnessd: (CoreBrightness) [com.apple.CoreBrightness.CBColorModule.1:default] key=CBUserSwitch property=<private> result=0
2023-07-11 08:59:30.619103+1000 0x721      Info        0x0                  143    0    corebrightnessd: (CoreBrightness) [com.apple.CoreBrightness.BLC_SKL:default] key=CBUserSwitch property=<private> result=1
2023-07-11 08:59:30.619171+1000 0xdf3      Info        0x0                  143    0    corebrightnessd: (CoreBrightness) [com.apple.CoreBrightness.CBColorModule.1:default] key=<private> result=<private>
2023-07-11 08:59:30.619353+1000 0xd5c      Default     0x0                  133    0    PerfPowerServices: (CoreBrightness) [com.apple.CoreBrightness:default] Register notification block
2023-07-11 08:59:30.619558+1000 0xd5c      Default     0x0                  133    0    PerfPowerServices: (CoreBrightness) [com.apple.CoreBrightness:default] Register notification block
2023-07-11 08:59:30.620168+1000 0xa6b      Default     0x0                  273    0    UVCAssistant: (UVCFamily) boot args [uvc_debug : 0]
2023-07-11 08:59:30.620349+1000 0xd8d      Info        0x0                  367    0    GSSCred: [com.apple.Heimdal:GSSCred] Session ended: 100028
2023-07-11 08:59:30.620615+1000 0xa6b      Default     0x0                  273    0    UVCAssistant: [com.apple.UVCExtension:default] UVCAssistant setup state handler for UVCExtensionProvider: [0x121c080c0]
2023-07-11 08:59:30.620770+1000 0xda8      Info        0x0                  132    0    AppleCredentialManagerDaemon: acmd: main_block_invoke: XPC Event: <private> (iokit).
