2023-04-05 07:48:01.468830+1000 0x1317     Default     0x0                  512    0    assistantd: (libxpc.dylib) [com.apple.xpc.activity:Client] _xpc_activity_register: com.apple.siri.xpc_activity.siri-vocabulary-migration (0x13ec31f20), 0
2023-04-05 07:48:01.468832+1000 0x1317     Default     0x0                  512    0    assistantd: (libxpc.dylib) [com.apple.xpc.activity:Client] xpc_activity_set_criteria: com.apple.siri.xpc_activity.siri-vocabulary-migration (0x13ec31f20), check-in
2023-04-05 07:48:01.468833+1000 0x1317     Default     0x0                  512    0    assistantd: (libxpc.dylib) [com.apple.xpc.activity:Client] xpc_activity_register: com.apple.siri.xpc_activity.logviewer-identifier-defaults-write, criteria: check-in
2023-04-05 07:48:01.468834+1000 0x1317     Default     0x0                  512    0    assistantd: (libxpc.dylib) [com.apple.xpc.activity:Client] _xpc_activity_register: com.apple.siri.xpc_activity.logviewer-identifier-defaults-write (0x13ec321c0), 0
2023-04-05 07:48:01.468834+1000 0x1317     Default     0x0                  512    0    assistantd: (libxpc.dylib) [com.apple.xpc.activity:Client] xpc_activity_set_criteria: com.apple.siri.xpc_activity.logviewer-identifier-defaults-write (0x13ec321c0), check-in
2023-04-05 07:48:01.468969+1000 0x133b     Error       0x0                  0      0    kernel: (Sandbox) Sandbox: assistantd(512) deny(1) iokit-open-user-client AppleKeyStoreUserClient
2023-04-05 07:48:01.468973+1000 0x133b     Default     0x0                  0      0    kernel: IOUC AppleKeyStoreUserClient failed MACF in process pid 512, assistantd
2023-04-05 07:48:01.469026+1000 0x713      Default     0x0                  119    0    apsd: [com.apple.apsd:connectionServer] Dispatching high priority message on server: <private>
2023-04-05 07:48:01.469053+1000 0x713      Default     0x0                  119    0    apsd: Looking up connection on peer: 3442bb10   found <private>
2023-04-05 07:48:01.469054+1000 0x11df     Default     0x0                  471    0    TrustedPeersHelper: (TrustedPeers) [com.apple.security.trustedpeers:model] Analysis didn't actually change anything, returning old dynamicInfo
2023-04-05 07:48:01.469078+1000 0x133b     Default     0x0                  0      0    kernel: IOUC AppleKeyStoreUserClient failed MACF in process pid 512, assistantd
2023-04-05 07:48:01.469080+1000 0x713      Default     0x0                  119    0    apsd: [com.apple.apsd:connectionServer] <private>: connection set enabled topics <private>
2023-04-05 07:48:01.469211+1000 0xfc4      Activity    0x364d               398    0    usernoted: (Security) SecTrustEvaluateIfNecessary
2023-04-05 07:48:01.469244+1000 0x1224     Error       0x3252               477    7    homed: (CoreHAP) [com.apple.HomeKit:default] Unable to deserialize key for item <HAPKeychainItem>: -6743
2023-04-05 07:48:01.469253+1000 0x133b     Default     0x0                  512    0    assistantd: (MobileKeyBag) failed to open connection to AppleKeyStore
2023-04-05 07:48:01.469253+1000 0x133b     Default     0x0                  512    0    assistantd: (MobileKeyBag) Unexpected AppleKeyStore error: -536870212
2023-04-05 07:48:01.469263+1000 0x133b     Default     0x0                  512    0    assistantd: (MobileKeyBag) <private>
2023-04-05 07:48:01.469268+1000 0x133b     Default     0x0                  512    0    assistantd: (ProactiveSupport) [com.apple.trial:_] Establishing new connection to com.apple.trial.status .
2023-04-05 07:48:01.469291+1000 0x1224     Info        0x3252               477    7    homed: (HomeKitDaemonLegacy) [com.apple.HomeKit:default] Fetched key counts: <private> 
 Cached bitMappedMissingKeys: 112 Cached bitMappedDuplicateKeys: 0
2023-04-05 07:48:01.469328+1000 0x1224     Info        0x3252               477    7    homed: (HomeKitDaemonLegacy) [com.apple.HomeKit:camera.recording.load.balancer] Updating resource usage to HMISystemResourceUsageLevelUnknown
2023-04-05 07:48:01.469378+1000 0x133f     Default     0x0                  512    0    assistantd: (ApplePushService) [com.apple.apsd:connection] <private> Async Delivering publicToken from apsd: <private>
2023-04-05 07:48:01.469383+1000 0x133f     Default     0x0                  512    0    assistantd: (ApplePushService) [com.apple.apsd:connection] <private> Delivering publicToken from apsd: <private>
2023-04-05 07:48:01.469400+1000 0x131e     Default     0x0                  467    7    triald: (ProactiveSupport) [com.apple.triald:server] New connection to com.apple.trial.status from unknown process (512).
2023-04-05 07:48:01.469443+1000 0x1311     Info        0x3252               477    7    homed: (HomeKitDaemonLegacy) [com.apple.HomeKit:CloudShareParticipantsManager] [Production.Private.com.apple.homekit/trust-XXXXXXXX-XXXX-XXXX-XXXX-XXXXXXXDF28] Updating share participants
2023-04-05 07:48:01.469446+1000 0x131e     Default     0x0                  467    7    triald: (TrialServer) [com.apple.triald:server] TRIXPCStatusRequestHandler 0x13ad05630: begin experimentRecordsWithDeploymentEnvironments:completion:
2023-04-05 07:48:01.469457+1000 0x131e     Default     0x0                  467    7    triald: (TrialServer) [com.apple.triald:server] Running server context block with qos: 25
2023-04-05 07:48:01.469458+1000 0x1311     Activity    0x3eab               477    0    homed: (Security) SecItemCopyMatching
2023-04-05 07:48:01.469460+1000 0x1311     Activity    0x3eac               477    0    homed: (Security) SecItemCopyMatching_ios
2023-04-05 07:48:01.469612+1000 0x131e     Info        0x0                  467    0    triald: (Trial) [com.apple.trial:_] Found entitlement: "com.apple.trial.status.deployment-environment.allow" --> <private>
2023-04-05 07:48:01.469704+1000 0x1339     Default     0x0                  517    0    CloudKeychainProxy: [com.apple.securityd:event] <UB-s-p----> Unlocked
2023-04-05 07:48:01.469718+1000 0x11df     Info        0x0                  471    0    TrustedPeersHelper: [com.apple.security.trustedpeers:container] updateTrustIfNeeded: produced a stableInfo: nil
2023-04-05 07:48:01.469722+1000 0x713      Default     0x0                  119    0    apsd: [com.apple.apsd:topicManager] <private>: adding topics <private> for connection server <private>
2023-04-05 07:48:01.469723+1000 0x713      Default     0x0                  119    0    apsd: [com.apple.apsd:topicManager] <private>: adding topic <private> for connection server <private>
2023-04-05 07:48:01.469737+1000 0x713      Default     0x0                  119    0    apsd: [com.apple.apsd:topicManager] <private>: recategorizing topic <private> from red to none
2023-04-05 07:48:01.469738+1000 0x713      Default     0x0                  119    0    apsd: [com.apple.apsd:topicManager] <private>: recategorizing topic <private> from none to white
2023-04-05 07:48:01.469764+1000 0x1339     Activity    0x3e67               517    0    CloudKeychainProxy: (SyncedDefaults) kvs/get-object
2023-04-05 07:48:01.469773+1000 0x131e     Info        0x0                  467    0    triald: (Trial) [com.apple.trial:_] Entitlement "com.apple.triald.internal" is not present.
2023-04-05 07:48:01.469783+1000 0x1339     Debug       0x3e67               517    2    CloudKeychainProxy: (SyncedDefaults) [com.apple.kvs:Connection] Getting object for key <(<mask.hash: 'mATsdb9pLKSKC7tU4NfReg=='>)> in store <(com.apple.security.cloudkeychainproxy3)>
2023-04-05 07:48:01.469825+1000 0x1333     Default     0x0                  514    0    ProtectedCloudKeySyncing: (ProtectedCloudStorage) Switching from DSID (null) to 290288393
2023-04-05 07:48:01.469945+1000 0x131e     Default     0x0                  467    7    triald: (TrialServer) [com.apple.triald:server] TRIXPCStatusRequestHandler 0x13ad05630: end experimentRecordsWithDeploymentEnvironments:completion:
2023-04-05 07:48:01.470009+1000 0x133b     Default     0x0                  0      0    kernel: IOUC AppleKeyStoreUserClient failed MACF in process pid 512, assistantd
2023-04-05 07:48:01.470074+1000 0x133b     Default     0x0                  0      0    kernel: IOUC AppleKeyStoreUserClient failed MACF in process pid 512, assistantd
2023-04-05 07:48:01.470107+1000 0x133b     Default     0x0                  512    0    assistantd: (MobileKeyBag) failed to open connection to AppleKeyStore
2023-04-05 07:48:01.470108+1000 0x133b     Default     0x0                  512    0    assistantd: (MobileKeyBag) Unexpected AppleKeyStore error: -536870212
2023-04-05 07:48:01.470111+1000 0x133b     Default     0x0                  512    0    assistantd: (MobileKeyBag) <private>
2023-04-05 07:48:01.470116+1000 0x713      Default     0x0                  119    0    apsd: [com.apple.apsd:topicManager] <private>: process topic change with change = NewlyEnabled, immediately = YES, alert = YES
2023-04-05 07:48:01.470117+1000 0x713      Default     0x0                  119    0    apsd: [com.apple.apsd:topicManager] <private> processing immediate change to server topics
2023-04-05 07:48:01.470174+1000 0x11df     Info        0x0                  471    0    TrustedPeersHelper: [com.apple.security.trustedpeers:container] updateTrustIfNeeded: produced a dynamicInfo: {
    clock = 350;
    dispositions =     (
                {
            disposition =             {
                unknownMachineID =                 {
                };
            };
            peerID = "SHA256:SHREGvgASuq2NDgnq15quxk9YLowVVdV9VrJXNn5Tas=";
        },
                {
            disposition =             {
                unknownMachineID =                 {
                };
            };
            peerID = "SHA256:8MXtBorFohXVCsM6IMmZOfDoOd2sqR7UaFxOEVqyDEU=";
        },
                {
            disposition =             {
                unknownMachineID =                 {
                };
            };
            peerID = "SHA256:hoIUdkRXpcX8pgIU40vTUR1CMCDSY2slfmG/ITe+Pos=";
        },
                {
            disposition =             {
                unknownMachineID =                 {
                };
            };
            peerID = "SHA256:R4IQCdlzPxeLNjiPktggJh0ia1dGGDKHQ+O7Nj/MUX0=";
        },
                {
            disposition =             {
                unknownMachineID =                 {
                };
            };
            peerID = "SHA256:/B0Wth7gwyzfckGhh5xKCBAx0nNAufYAPavqSWbGLGI=";
        },
                {
            disposition =             {
                unknownMachineID =                 {
                };
            };
            peerID = "SHA256:Dl/eHOXfRYJAulFzdrdU5qWjYzPBGUYIjAKtsI6MyMU=";
        },
                {
            disposition =             {
                unknownMachineID =                 {
                };
            };
            peerID = "SHA256:oJyhs9l2o9DkLuM6PRSEXXOZ4IWTJ7E8qH2Ko/5kmDQ=";
        },
                {
            disposition =             {
                unknownMachineID =                 {
                };
            };
            peerID = "SHA256:WOe45MAV76t7x/LmHAe0JUT3Mat8HN5j8uNQCi+I/jg=";
        },
                {
            disposition =             {
                unknownMachineID =                 {
                };
            };
            peerID = "SHA256:fTWLZIkmoHyRX3SuGjbqyVzJYo6CDGGV6TpzTQPp3+M=";
        },
                {
            disposition =             {
                unknownMachineID =                 {
                };
            };
            peerID = "SHA256:mOZq9LsFVlzXYUybDgTGdJD2RMAdYcxInxW8OabxFls=";
        },
                {
            disposition =             {
                unknownMachineID =                 {
                };
            };
            peerID = "SHA256:VE3sXJT/bNr3I2tNJjRM1Y2mSxlDLFRt8VB8Vs3zCI0=";
        },
                {
            disposition =             {
                unknownMachineID =                 {
                };
            };
            peerID = "SHA256:wLmvJOr3/QcAcAdkqBwhg76Asz6mLZQVLS3iWyicm4c=";
        },
                {
            disposition =             {
                unknownMachineID =                 {
                };
            };
            peerID = "SHA256:eZRivT1MlRo6A95Z6/INpGNfm1dM5cIOJ+f/U0GCYlM=";
        },
                {
            disposition =             {
                unknownMachineID =                 {
                };
            };
            peerID = "SHA256:BxH4/nLF/En6/wcifBCMGlknk+biJ6r/1p21qjJ8nRw=";
        },
                {
            disposition =             {
                unknownMachineID =                 {
                };
            };
            peerID = "SHA256:HDPXNC6gqHAIkBP2xiXNHsPLEt303E0xkNDgIJqKjsY=";
        },
                {
            disposition =             {
                unknownMachineID =                 {
                };
            };
            peerID = "SHA256:dimXLooiVZp5n1fUmKI8I7VtlDyruXmvRUY3vNwcdhc=";
        },
                {
            disposition =             {
                unknownMachineID =                 {
                };
            };
            peerID = "SHA256:6EYXuMoz1dOQO9LIMaMcQp+CljjsIlUIkEgQemL5WKE=";
        },
                {
            disposition =             {
                unknownMachineID =                 {
                };
            };
            peerID = "SHA256:qOpiuByZa3ko2kYQRtK1LVX97eRJ/BTFFOKxkkCV7H4=";
        },
                {
            disposition =             {
                unknownMachineID =                 {
                };
            };
            peerID = "SHA256:t1YS0tpP0lViheXe3Lzc0mMfi9BcQyWlGoPp0uDrEjE=";
        },
                {
            disposition =             {
                unknownMachineID =                 {
                };
            };
            peerID = "SHA256:1PG7NpM4mCkS7/CF5hLvmhYrtw1bdujpbomrC3kYeWU=";
        },
                {
            disposition =             {
                unknownMachineID =                 {
                };
            };
            peerID = "SHA256:MRtMyfh5rsIXDTb1HkNkQe9DyLy1AT3KZacZUdCcHnY=";
        }
    );
    excluded =     (
        "SHA256:SHREGvgASuq2NDgnq15quxk9YLowVVdV9VrJXNn5Tas=",
        "SHA256:MRtMyfh5rsIXDTb1HkNkQe9DyLy1AT3KZacZUdCcHnY=",
        "SHA256:8MXtBorFohXVCsM6IMmZOfDoOd2sqR7UaFxOEVqyDEU=",
        "SHA256:hoIUdkRXpcX8pgIU40vTUR1CMCDSY2slfmG/ITe+Pos=",
        "SHA256:AOBQZZiUXvXh9PKwfnQBOO1anSuuwiWAhmwMzlcE3VI=",
        "SHA256:oJyhs9l2o9DkLuM6PRSEXXOZ4IWTJ7E8qH2Ko/5kmDQ=",
        "SHA256:/B0Wth7gwyzfckGhh5xKCBAx0nNAufYAPavqSWbGLGI=",
        "SHA256:VE3sXJT/bNr3I2tNJjRM1Y2mSxlDLFRt8VB8Vs3zCI0=",
        "SHA256:137k1qbsnzst+w7EhtXK1+bya1g2it9mCIs8n3q1JpU=",
        "SHA256:N9wRixyIc8dobOoVpnBSZHfi44+B1IsYfXobTqVjf18=",
        "SHA256:mOZq9LsFVlzXYUybDgTGdJD2RMAdYcxInxW8OabxFls=",
        "SHA256:Ws8NhAcdgOhiQs8VjOAAyAfUmpdX6ZUdpNoZZjM/alE=",
        "SHA256:ZeLMtRnqKC7cEUotqP4o0q96e+zoVAnWykPPzG8Phgw=",
        "SHA256:wLmvJOr3/QcAcAdkqBwhg76Asz6mLZQVLS3iWyicm4c=",
        "SHA256:Dl/eHOXfRYJAulFzdrdU5qWjYzPBGUYIjAKtsI6MyMU=",
        "SHA256:0j55FjqCvCNhVE4ZW8hRIGaRJaseII7+9Lv+Upj8rcQ=",
        "SHA256:BxH4/nLF/En6/wcifBCMGlknk+biJ6r/1p21qjJ8nRw=",
        "SHA256:R4IQCdlzPxeLNjiPktggJh0ia1dGGDKHQ+O7Nj/MUX0=",
        "SHA256:eZRivT1MlRo6A95Z6/INpGNfm1dM5cIOJ+f/U0GCYlM=",
        "SHA256:ZZRTKf4iZXUuPasGVfIhCecYaIyg4d2u3PW6xq73Wzw=",
        "SHA256:HDPXNC6gqHAIkBP2xiXNHsPLEt303E0xkNDgIJqKjsY=",
        "SHA256:rHNHWZu7ttz7eoh8Fie05f/03K4r0d/s/WDrFcrh4mQ=",
        "SHA256:dimXLooiVZp5n1fUmKI8I7VtlDyruXmvRUY3vNwcdhc=",
        "SHA256:fTWLZIkmoHyRX3SuGjbqyVzJYo6CDGGV6TpzTQPp3+M=",
        "SHA256:WOe45MAV76t7x/LmHAe0JUT3Mat8HN5j8uNQCi+I/jg=",
        "SHA256:6EYXuMoz1dOQO9LIMaMcQp+CljjsIlUIkEgQemL5WKE=",
        "SHA256:qOpiuByZa3ko2kYQRtK1LVX97eRJ/BTFFOKxkkCV7H4=",
        "SHA256:t1YS0tpP0lViheXe3Lzc0mMfi9BcQyWlGoPp0uDrEjE=",
        "SHA256:1PG7NpM4mCkS7/CF5hLvmhYrtw1bdujpbomrC3kYeWU=",
        "SHA256:5mhq+GEHV0sIqzQ9/L2iZdCFpFnNLT10ERaV4OmCafU="
    );
    included =     (
        "SHA256:ikdVVzHTootKDuxWPq5z/YOXgSc4yuDkM5vQ+jWUQEI=",
        "SHA256:wc6SDExgLwxRPSdWzeye5ZvqrhP4H6IFQgJFQOGgSYY=",
        "SHA256:Uio/whz3w/wgdO95l5O2DKgSYvWQya1ALfx05hGEfwE=",
        "SHA256:8bP3bfQxUFk/BFXrW63kwJhguJyd0RC+vNgO1R2usJg=",
        "SHA256:sSm2Vsuh5KiY1jW8MfOwM68Q/0wIUDsQDeL6IG8LQ3Y=",
        "SHA256:M9rI6c4ZMX0gyD32AoCZHrTdAOdTsYB6KnqeFpVOHIQ=",
        "SHA256:0OYMveOZzXniOPGHwrxyaCDov1eiDfUr/iQGXSTxzJ0="
    );
}
2023-04-05 07:48:01.470189+1000 0x131e     Default     0x0                  467    7    triald: (TrialServer) [com.apple.triald:server] TRIXPCStatusRequestHandler 0x13ad05630: begin experimentHistoryRecordsWithLimit:newerThanDate:deploymentEnvironment:completion: with env <private>
2023-04-05 07:48:01.470199+1000 0x131e     Default     0x0                  467    7    triald: (TrialServer) [com.apple.triald:server] Running server context block with qos: 25
2023-04-05 07:48:01.470207+1000 0x713      Default     0x0                  119    0    apsd: [com.apple.apsd:courier-oversized] Filter changed for user <private> with token <private> to <private>
2023-04-05 07:48:01.470209+1000 0x713      Default     0x0                  119    0    apsd: [com.apple.apsd:courier] <private>: Will wait a moment for user <private> before recreating the courier state
2023-04-05 07:48:01.470227+1000 0x713      Default     0x0                  119    0    apsd: [com.apple.apsd:courier] <private> loading per-app tokens for connectionserver <private>, topics:<private>
2023-04-05 07:48:01.470230+1000 0x713      Default     0x0                  119    0    apsd: [com.apple.apsd:courier] copyAppSpecificTokensWithDomain push.apple.com <private> ,PerAppToken.v0
2023-04-05 07:48:01.470335+1000 0x11df     Info        0x0                  471    0    TrustedPeersHelper: [com.apple.security.trustedpeers:container] updateTrustIfNeeded: complete.
2023-04-05 07:48:01.470343+1000 0x70f      Activity    0x22b                123    0    securityd: (Security) SecTrustEvaluateIfNecessary
2023-04-05 07:48:01.470353+1000 0x131e     Info        0x0                  467    0    triald: (Trial) [com.apple.trial:_] Found entitlement: "com.apple.trial.status.deployment-environment.allow" --> <private>
2023-04-05 07:48:01.470428+1000 0x1025     Debug       0x3e67               438    2    syncdefaultsd: [com.apple.kvs:Connection] Handling objectForKey (<private>) for store=<SYDStoreConfiguration: 0x15880c770; storeID=<SYDStoreID: 0x15880a000; identifier=com.apple.security.cloudkeychainproxy3 type=NoEncryption>>
2023-04-05 07:48:01.470459+1000 0xdf1      Default     0x3e67               372    0    distnoted: [com.apple.distnoted:diagnostic] register name: com.apple.LaunchServices.applicationRegistered object: kCFNotificationAnyObject token: 100000000 pid: 438
2023-04-05 07:48:01.470469+1000 0x1025     Debug       0x3e67               438    2    syncdefaultsd: [com.apple.kvs:Connection] Getting sync manager for lookup key=PersonalPersona storeType=NoEncryption container=<CKContainerID: 0x158911cc0; containerIdentifier=com.apple.KeyValueService, containerEnvironment="Production">
2023-04-05 07:48:01.470479+1000 0x1025     Debug       0x3e67               438    2    syncdefaultsd: [com.apple.kvs:CoreData] Fetching keyValue for key <(<mask.hash: 'DqGX3thdn+i+mlczJa85uA=='>)> in store <(com.apple.security.cloudkeychainproxy3)> create=0
2023-04-05 07:48:01.470519+1000 0x713      Activity    0x3c7f               119    0    apsd: (Security) SecItemCopyMatching
2023-04-05 07:48:01.470530+1000 0xdf1      Default     0x3e67               372    0    distnoted: [com.apple.distnoted:diagnostic] register name: com.apple.LaunchServices.applicationUnregistered object: kCFNotificationAnyObject token: 200000001 pid: 438
2023-04-05 07:48:01.470567+1000 0x713      Activity    0x3eb0               119    0    apsd: (Security) SecItemCopyMatching
2023-04-05 07:48:01.470570+1000 0x713      Activity    0x3eb1               119    0    apsd: (Security) SecItemCopyMatching_ios
2023-04-05 07:48:01.470577+1000 0x1224     Info        0x3252               477    7    homed: (HomeKitDaemonLegacy) [com.apple.HomeKit:HMDHomeManager] tag="homeManagerInitStart" desc="Loaded Home Manager, resuming work queue" state="homeManagerLoaded" duration="<private>" homesCount="1"
2023-04-05 07:48:01.470620+1000 0x713      Activity    0x3eb2               119    0    apsd: (Security) SecItemCopyMatching
2023-04-05 07:48:01.470623+1000 0x713      Activity    0x3eb3               119    0    apsd: (Security) SecItemCopyMatching_ios
2023-04-05 07:48:01.470641+1000 0xfc4      Error       0x0                  398    0    usernoted: [com.apple.unc:UserNotifications] Signed identifier com.apple.assistantd doesn't match requested identifier com.apple.siri.NotificationSource
2023-04-05 07:48:01.470658+1000 0x713      Activity    0x3eb4               119    0    apsd: (Security) SecItemCopyMatching
2023-04-05 07:48:01.470660+1000 0x713      Activity    0x3eb5               119    0    apsd: (Security) SecItemCopyMatching_ios
2023-04-05 07:48:01.470685+1000 0x1224     Info        0x3252               477    0    homed: (CloudKit) [com.apple.cloudkit:CK] Determining the persona identifier for CKContainer <CKContainerImplementation: 0x11ff9b6d0; containerID=<CKContainerID: 0x11ff9aea0; containerIdentifier=com.apple.willow.config, containerEnvironment="Production">>
2023-04-05 07:48:01.470688+1000 0x1224     Info        0x3252               477    0    homed: (CloudKit) [com.apple.cloudkit:CK] Writing down current persona (null) in container options
2023-04-05 07:48:01.470692+1000 0x713      Activity    0x3eb6               119    0    apsd: (Security) SecItemCopyMatching
2023-04-05 07:48:01.470694+1000 0x713      Activity    0x3eb7               119    0    apsd: (Security) SecItemCopyMatching_ios
2023-04-05 07:48:01.470699+1000 0x1224     Activity    0x3ead               477    0    homed: (CloudKit) client/account-info
2023-04-05 07:48:01.470703+1000 0x1224     Info        0x3252               477    7    homed: (HomeKitDaemonLegacy) [com.apple.HomeKit:HMDHomeManager] tag="homeManagerInitStart" desc="Fetched and updated PCS status" state="homeManagerFetchedPCS"
2023-04-05 07:48:01.470709+1000 0x1224     Info        0x3252               477    7    homed: (HomeKitDaemonLegacy) [com.apple.HomeKit:HMDHomeManager] tag="homeManagerInitDone" desc="Initialized HomeManager" state="end" duration="<private>" homesCount="1"
2023-04-05 07:48:01.470720+1000 0x1283     Info        0x3252               477    7    homed: (HomeKitDaemonLegacy) [com.apple.HomeKit:HMDHomeManager] There is no current home
2023-04-05 07:48:01.470723+1000 0x1283     Info        0x3252               477    7    homed: (HomeKitDaemonLegacy) [com.apple.HomeKit:default] Current home is already (null), not notifying
2023-04-05 07:48:01.470724+1000 0x1224     Info        0x3252               477    7    homed: (HomeKitDaemonLegacy) [com.apple.HomeKit:HMDMainDriver] tag="mainDriverStart" desc="Initalized Home Manager" state="mainDriverInitializedHomeManager" duration="<private>"
2023-04-05 07:48:01.470728+1000 0x713      Activity    0x3eb8               119    0    apsd: (Security) SecItemCopyMatching
2023-04-05 07:48:01.470731+1000 0x713      Activity    0x3eb9               119    0    apsd: (Security) SecItemCopyMatching_ios
2023-04-05 07:48:01.470742+1000 0x1224     Info        0x3252               477    7    homed: (HomeKitDaemonLegacy) [com.apple.HomeKit:Accounts.Registry] Starting
2023-04-05 07:48:01.470763+1000 0x713      Activity    0x3eba               119    0    apsd: (Security) SecItemCopyMatching
2023-04-05 07:48:01.470765+1000 0x713      Activity    0x3ebb               119    0    apsd: (Security) SecItemCopyMatching_ios
2023-04-05 07:48:01.470795+1000 0x713      Activity    0x3ebc               119    0    apsd: (Security) SecItemCopyMatching
2023-04-05 07:48:01.470797+1000 0x713      Activity    0x3ebd               119    0    apsd: (Security) SecItemCopyMatching_ios
2023-04-05 07:48:01.470856+1000 0x131e     Default     0x0                  467    7    triald: (TrialServer) [com.apple.triald:server] TRIXPCStatusRequestHandler 0x13ad05630: end experimentHistoryRecordsWithLimit:newerThanDate:deploymentEnvironment:completion: with env <private>
2023-04-05 07:48:01.470871+1000 0x1333     Activity    0x3e52               514    0    ProtectedCloudKeySyncing: (libsystem_info.dylib) Membership API: translate identifier
2023-04-05 07:48:01.470922+1000 0x11df     Info        0x0                  471    0    TrustedPeersHelper: (TrustedPeers) [com.apple.security.trustedpeers:model] status: peer SHA256:ikdVVzHTootKDuxWPq5z/YOXgSc4yuDkM5vQ+jWUQEI= trusts SHA256:Uio/whz3w/wgdO95l5O2DKgSYvWQya1ALfx05hGEfwE=
2023-04-05 07:48:01.470950+1000 0x134d     Info        0x0                  518    0    com.apple.siri.embeddedspeech: (Trial) [com.apple.trial:_] Found 513 factors in treatment "(null)" for namespace "<private>"; using pruning cache
2023-04-05 07:48:01.470975+1000 0x11df     Default     0x0                  471    0    TrustedPeersHelper: (TrustedPeers) [com.apple.security.trustedpeers:model] status: peer SHA256:wc6SDExgLwxRPSdWzeye5ZvqrhP4H6IFQgJFQOGgSYY= doesn't trust SHA256:Uio/whz3w/wgdO95l5O2DKgSYvWQya1ALfx05hGEfwE=
2023-04-05 07:48:01.470977+1000 0x11df     Default     0x0                  471    0    TrustedPeersHelper: (TrustedPeers) [com.apple.security.trustedpeers:model] status: peerID SHA256:Uio/whz3w/wgdO95l5O2DKgSYvWQya1ALfx05hGEfwE= trusts itself
2023-04-05 07:48:01.470981+1000 0x12f8     Default     0x3252               477    7    homed: (HomeKitDaemonLegacy) [com.apple.HomeKit:Accounts.RemoteManager] Starting
2023-04-05 07:48:01.470985+1000 0x12f8     Info        0x3252               477    7    homed: (HomeKitDaemonLegacy) [com.apple.HomeKit:Accounts.RemoteManager] Staring audit
2023-04-05 07:48:01.470986+1000 0x11df     Default     0x0                  471    0    TrustedPeersHelper: (TrustedPeers) [com.apple.security.trustedpeers:model] status: peer SHA256:8bP3bfQxUFk/BFXrW63kwJhguJyd0RC+vNgO1R2usJg= doesn't trust SHA256:Uio/whz3w/wgdO95l5O2DKgSYvWQya1ALfx05hGEfwE=
2023-04-05 07:48:01.470986+1000 0x12f8     Info        0x3252               477    7    homed: (HomeKitDaemonLegacy) [com.apple.HomeKit:Accounts.RemoteManager] Finished audit
2023-04-05 07:48:01.470988+1000 0x11df     Info        0x0                  471    0    TrustedPeersHelper: (TrustedPeers) [com.apple.security.trustedpeers:model] status: peer SHA256:sSm2Vsuh5KiY1jW8MfOwM68Q/0wIUDsQDeL6IG8LQ3Y= trusts SHA256:Uio/whz3w/wgdO95l5O2DKgSYvWQya1ALfx05hGEfwE=
2023-04-05 07:48:01.470990+1000 0x12f8     Info        0x3252               477    7    homed: (HomeKitDaemonLegacy) [com.apple.HomeKit:CloudManager] Account status has changed (accountIsActive YES), re-kicking query of current account state
2023-04-05 07:48:01.470990+1000 0x12f8     Info        0x3252               477    7    homed: (HomeKitDaemonLegacy) [com.apple.HomeKit:CloudManager] Start query for container account status
2023-04-05 07:48:01.470991+1000 0x11df     Info        0x0                  471    0    TrustedPeersHelper: (TrustedPeers) [com.apple.security.trustedpeers:model] status: peer SHA256:M9rI6c4ZMX0gyD32AoCZHrTdAOdTsYB6KnqeFpVOHIQ= trusts SHA256:Uio/whz3w/wgdO95l5O2DKgSYvWQya1ALfx05hGEfwE=
2023-04-05 07:48:01.470993+1000 0x12f8     Activity    0x3eae               477    0    homed: (CloudKit) client/account-status
2023-04-05 07:48:01.470994+1000 0x11df     Info        0x0                  471    0    TrustedPeersHelper: (TrustedPeers) [com.apple.security.trustedpeers:model] status: peer SHA256:0OYMveOZzXniOPGHwrxyaCDov1eiDfUr/iQGXSTxzJ0= trusts SHA256:Uio/whz3w/wgdO95l5O2DKgSYvWQya1ALfx05hGEfwE=
2023-04-05 07:48:01.470994+1000 0x12f8     Activity    0x3eaf               477    0    homed: (CloudKit) client/account-info
2023-04-05 07:48:01.471044+1000 0x11df     Default     0x0                  471    0    TrustedPeersHelper: (TrustedPeers) [com.apple.security.trustedpeers:model] status: peer SHA256:Uio/whz3w/wgdO95l5O2DKgSYvWQya1ALfx05hGEfwE= trust status is: (ignored|partial|self)
2023-04-05 07:48:01.471052+1000 0xdb1      Info        0x3e52               118    0    opendirectoryd: [com.apple.opendirectoryd:session] UID: 501, EUID: 501, GID: 20, EGID: 20, PID: 514, PROC: ProtectedCloudKeySyncing RPC: mbr_identifier_translate, Module: SystemCache, Type: <private>, Value: <private>, Requesting: <private>
2023-04-05 07:48:01.471053+1000 0x12f8     Default     0x3252               477    0    homed: (IDS) [com.apple.IDS:_IDSService] _IDSService - added delegate {self: 0x131308160, serviceName com.apple.private.alloy.willow, listenerCaps <private>, delegates: 1, wantsPseudonymUpdates: NO}
2023-04-05 07:48:01.471075+1000 0x12f8     Default     0x3252               477    0    homed: (IDS) [com.apple.IDS:Registration] -[IDSDaemonController addedDelegateForService:withCompletion:]_block_invoke: adding delegate on service com.apple.private.alloy.willow _notificationServices <private>
2023-04-05 07:48:01.471089+1000 0xdb1      Info        0x3e52               118    0    opendirectoryd: (SystemCache) [com.apple.opendirectoryd:systemcache.memberships] UUID: 683DAB69-988B-48C6-89DF-6E9FBD2218AA, user: 501@/Local/Default
2023-04-05 07:48:01.471116+1000 0x133b     Default     0x0                  0      0    kernel: IOUC AppleKeyStoreUserClient failed MACF in process pid 512, assistantd
2023-04-05 07:48:01.471118+1000 0xf74      Info        0x3e52               118    0    opendirectoryd: [com.apple.opendirectoryd:session] mbr_identifier_translate completed, delivered 1 result
2023-04-05 07:48:01.471144+1000 0x12f8     Default     0x3252               477    0    homed: (IDS) [com.apple.IDS:_IDSService] Finalized check in -- finishing {service: com.apple.private.alloy.willow}
2023-04-05 07:48:01.471169+1000 0x1283     Info        0x3c36               477    7    homed: (HomeKitDaemonLegacy) [com.apple.HomeKit:HMDHomeManager] Updating generation counter to 29 due to: DataSyncStatusUpdate
2023-04-05 07:48:01.471180+1000 0x133b     Default     0x0                  0      0    kernel: IOUC AppleKeyStoreUserClient failed MACF in process pid 512, assistantd
2023-04-05 07:48:01.471217+1000 0x133b     Default     0x0                  512    0    assistantd: (MobileKeyBag) failed to open connection to AppleKeyStore
2023-04-05 07:48:01.471217+1000 0x133b     Default     0x0                  512    0    assistantd: (MobileKeyBag) Unexpected AppleKeyStore error: -536870212
2023-04-05 07:48:01.471221+1000 0x133b     Default     0x0                  512    0    assistantd: (MobileKeyBag) <private>
2023-04-05 07:48:01.471283+1000 0x131e     Default     0x0                  467    7    triald: (TrialServer) [com.apple.triald:server] TRIXPCStatusRequestHandler 0x13ad05630: begin experimentHistoryRecordsWithLimit:newerThanDate:deploymentEnvironment:completion: with env <private>
2023-04-05 07:48:01.471291+1000 0xfc3      Default     0x3252               427    0    identityservicesd: [com.apple.Transport:IDSDaemon] -[IDSDaemon registerForNotificationsOnServices:messageContext:]_block_invoke: received client request to change notification services from <private> to <private>
2023-04-05 07:48:01.471293+1000 0x131e     Default     0x0                  467    7    triald: (TrialServer) [com.apple.triald:server] Running server context block with qos: 25
2023-04-05 07:48:01.471443+1000 0x1283     Info        0x3c36               477    7    homed: (HomeKitDaemonLegacy) [com.apple.HomeKit:HMDHomeManager] Ongoing TTSU sessions : 0
2023-04-05 07:48:01.471448+1000 0x1283     Info        0x3c36               477    7    homed: (HomeKitDaemonLegacy) [com.apple.HomeKit:HMDHomeManager] Busy, data sync in progress
2023-04-05 07:48:01.471450+1000 0x1283     Info        0x3c36               477    7    homed: (HomeKitDaemonLegacy) [com.apple.HomeKit:HMDHomeManager] status : 1, YES
2023-04-05 07:48:01.471475+1000 0x1281     Info        0x3c36               477    7    homed: (HomeKitDaemonLegacy) [com.apple.HomeKit:HMDCloudDataSyncStateFilter] Going to check whether there are homes in the account or not: [homes = 1] [HH2 migration requested: NO]
2023-04-05 07:48:01.471475+1000 0x131e     Info        0x0                  467    0    triald: (Trial) [com.apple.trial:_] Found entitlement: "com.apple.trial.status.deployment-environment.allow" --> <private>
2023-04-05 07:48:01.471488+1000 0x134d     Info        0x0                  518    0    com.apple.siri.embeddedspeech: (ProactiveSupport) _PASLazyPlist: Loaded "<private>" (mapping 0x102b48000, size 1944, string table [0x10, 0x445), root 0x794)
2023-04-05 07:48:01.471493+1000 0x1283     Info        0x3c36               477    7    homed: (HomeKitDaemonLegacy) [com.apple.HomeKit:HMDHomeManager] Ongoing TTSU sessions : 0
2023-04-05 07:48:01.471504+1000 0x1283     Default     0x3c36               477    7    homed: (HomeKitDaemonLegacy) [com.apple.HomeKit:HomeManager.MultiUserStatusController] Changed data sync state to HMHomeManagerDataSyncStateiCloudSwitchNotEnabled
2023-04-05 07:48:01.471539+1000 0x1283     Default     0x3c36               477    7    homed: (HomeKitDaemonLegacy) [com.apple.HomeKit:HMDHomeManager] Notifying clients of updated status : <private>
2023-04-05 07:48:01.471566+1000 0x124d     Activity    0x3a61               407    0    rapportd: (HMFoundation) HMFActivity
2023-04-05 07:48:01.471578+1000 0x1283     Info        0x3252               477    7    homed: (HomeKitDaemonLegacy) [com.apple.HomeKit:IDSFirewall.manager] Starting HMDIDSFirewallManager
2023-04-05 07:48:01.471586+1000 0x1134     Activity    0x3a62               407    0    rapportd: (HMFoundation) HMFActivity
2023-04-05 07:48:01.471597+1000 0x1283     Info        0x3252               477    7    homed: (HomeKitDaemonLegacy) [com.apple.HomeKit:IDSFirewall.manager] Replacing firewall entries with userIDs: <private>
2023-04-05 07:48:01.471608+1000 0x1283     Default     0x3252               477    0    homed: (IDS) [com.apple.IDS:IDSService] IDSFirewall update for service com.apple.private.alloy.willow replaceDonatedEntriesWithEntries <private>
2023-04-05 07:48:01.471618+1000 0x1283     Info        0x3252               477    7    homed: (HomeKitDaemonLegacy) [com.apple.HomeKit:capabilities.controller] [(null)] Current accessory available
2023-04-05 07:48:01.471634+1000 0x12f8     Info        0x3c36               477    7    homed: (HomeKitDaemonLegacy) [com.apple.HomeKit:HMDCloudDataSyncStateFilter] Going to check whether there are homes in the account or not: [homes = 1] [HH2 migration requested: NO]
2023-04-05 07:48:01.471650+1000 0x12f8     Info        0x3c36               477    7    homed: (HomeKitDaemonLegacy) [com.apple.HomeKit:Message.XPC.Transport] [com.apple.homed.xpc] Dropping message HM.su(3C3D5D25-FF61-48D1-903A-ED8AC5F809F9) to <private> - no active clients for message send policy (null)
2023-04-05 07:48:01.471672+1000 0x11fa     Activity    0x3a63               407    0    rapportd: (HMFoundation) HMFActivity
2023-04-05 07:48:01.471691+1000 0x12f8     Info        0x3252               477    0    homed: (IDS) [com.apple.IDS:xpc] Get collaborator {identifier: firewall, timeout: 60.000000}
2023-04-05 07:48:01.471692+1000 0x12f8     Default     0x3252               477    0    homed: (IDS) [com.apple.IDS:xpc] Alloc'ing IDSXPCConnectionRemoteObjectPromise {pointer: 0x131262030}
2023-04-05 07:48:01.471731+1000 0x12f8     Default     0x3252               477    0    homed: (IDS) [com.apple.IDS:xpc] Alloc'ing IDSXPCConnectionTimeoutProxy {target: <__NSXPCInterfaceProxy_IDSXPCFirewall: 0x13123b430>, connection: <IDSXPCConnection: 0x11fe5c150>, pointer: 0x131231fe0}
2023-04-05 07:48:01.471734+1000 0x12f8     Default     0x3252               477    0    homed: (IDS) [com.apple.IDS:xpc] Got collaborator {identifier: firewall, proxy: <IDSXPCConnectionTimeoutProxy: 0x131231fe0>}
2023-04-05 07:48:01.471742+1000 0x11c4     Info        0x3ead               429    0    cloudd: (CloudKitDaemon) [com.apple.cloudkit:CK] Giving <CKDXPCConnection: 0x143d32ec0; client=homed(477)> blanket access to any container
2023-04-05 07:48:01.471745+1000 0x11c4     Info        0x3ead               429    0    cloudd: (CloudKit) [com.apple.cloudkit:CK] Allowing CKContainer to set any environment
2023-04-05 07:48:01.471756+1000 0x12f8     Default     0x3252               477    0    homed: (IDS) [com.apple.IDS:xpc] Starting timeout for xpc message {selector: replaceEntries:replaceAll:withCompletion:, uuid: 62461602-20F3-4D5A-94C0-E98DD8152416, timeout: 60}
2023-04-05 07:48:01.471771+1000 0x131e     Info        0x0                  467    0    triald: (Trial) [com.apple.trial:_] Found entitlement: "com.apple.trial.status.namespace-name.allow" --> <private>
2023-04-05 07:48:01.471812+1000 0x131e     Default     0x0                  467    7    triald: (TrialServer) [com.apple.triald:server] TRIXPCStatusRequestHandler 0x13ad05630: end experimentHistoryRecordsWithLimit:newerThanDate:deploymentEnvironment:completion: with env <private>
2023-04-05 07:48:01.471815+1000 0x1281     Info        0x3252               477    7    homed: (HomeKitDaemonLegacy) [com.apple.HomeKit:HMDHomeManager] Notifying assistant that current home updated to: (null) ((null)/(null))
2023-04-05 07:48:01.471816+1000 0x12f8     Default     0x3252               477    0    homed: (IDS) [com.apple.IDS:xpc] Dealloc'ing IDSXPCConnectionRemoteObjectPromise {target: <IDSXPCConnectionTimeoutProxy: 0x131231fe0>, pointer: 0x131262030}
2023-04-05 07:48:01.471831+1000 0x1281     Info        0x3252               477    7    homed: (HomeKitDaemonLegacy) [com.apple.HomeKit:HMDHomeManager] Generated sync data due to reason(s) <private>: 2
2023-04-05 07:48:01.471859+1000 0x1283     Info        0x3252               477    7    homed: (HomeKitDaemonLegacy) [com.apple.HomeKit:default] Checking for updated list of devices for remote access
2023-04-05 07:48:01.471860+1000 0x1283     Info        0x3252               477    7    homed: (HomeKitDaemonLegacy) [com.apple.HomeKit:default] Total unassociated peers 0
2023-04-05 07:48:01.471871+1000 0x1283     Info        0x3252               477    7    homed: (HomeKitDaemonLegacy) [com.apple.HomeKit:default] Existing user: ..., for home: <private>, isRemoteGateway: NO
2023-04-05 07:48:01.471873+1000 0x1200     Info        0x3252               477    7    homed: (HomeKitDaemonLegacy) [com.apple.HomeKit:HMDMainDriver] tag="mainDriverStart" desc="Home manager started. Configuring ..." state="mainDriverStartedHomeManager" duration="<private>"
2023-04-05 07:48:01.471905+1000 0x1283     Info        0x3252               477    7    homed: (HomeKitDaemonLegacy) [com.apple.HomeKit:HMDHome] [5B189C8F-1625-471F-883E-73C18067A85A] Home does not have remote access enabled, requesting electing a remote peer
2023-04-05 07:48:01.471907+1000 0x1200     Info        0x3252               477    7    homed: (HomeKitDaemonLegacy) [com.apple.HomeKit:bulletin.board] Configuring with home manager: <HMDHomeManager>
2023-04-05 07:48:01.471917+1000 0x1283     Info        0x3252               477    7    homed: (HomeKitDaemonLegacy) [com.apple.HomeKit:HMDHome] [5B189C8F-1625-471F-883E-73C18067A85A] Modifying notification registrations with new remote gateway: <private>/0
2023-04-05 07:48:01.471920+1000 0x1200     Default     0x3252               477    7    homed: (HomeKitDaemonLegacy) [com.apple.HomeKit:Message.XPC.Transport] [com.apple.homed.xpc] Starting XPC message transport
2023-04-05 07:48:01.471929+1000 0x11c4     Activity    0x3d03               429    0    cloudd: (TCC) TCCAccessCopyInformationForBundle() IPC-per-user
2023-04-05 07:48:01.471936+1000 0x11c4     Info        0x3d03               429    0    cloudd: (TCC) [com.apple.TCC:access] SEND: 0/7 synchronous to com.apple.tccd: request: msgID=429.15, function=TCCAccessCopyInformationForBundle, client=com.apple.willowd,
2023-04-05 07:48:01.471940+1000 0x1283     Info        0x3252               477    7    homed: (HomeKitDaemonLegacy) [com.apple.HomeKit:HMDHome] [5B189C8F-1625-471F-883E-73C18067A85A] Not registering notifications with remote gateway since we have no modifications
2023-04-05 07:48:01.471947+1000 0x1134     Info        0x3a62               407    7    rapportd: (HomeKit) [com.apple.HomeKit:HMHomeManager] [89F9764E-1165-4BD4-86B2-D7CA891CDDB3] The generation counter, 28, does not match the server generation counter: 29
2023-04-05 07:48:01.471952+1000 0x1134     Default     0x3a62               407    7    rapportd: (HomeKit) [com.apple.HomeKit:HMHomeManager] [89F9764E-1165-4BD4-86B2-D7CA891CDDB3] Requesting home configuration with generation counter: 29 with QoS: Default
2023-04-05 07:48:01.471952+1000 0x1311     Info        0x3252               477    7    homed: (HomeKitDaemonLegacy) [com.apple.HomeKit:chip.data.source] Configuring with resident state manager: <HMMTRResidentStateManager>
2023-04-05 07:48:01.471986+1000 0x124d     Info        0x3a61               407    7    rapportd: (HomeKit) [com.apple.HomeKit:HMHomeManager] [70B1AC91-47BD-45BA-A931-6E1AC6C31A6D] The generation counter, 28, does not match the server generation counter: 29
2023-04-05 07:48:01.471990+1000 0x124d     Default     0x3a61               407    7    rapportd: (HomeKit) [com.apple.HomeKit:HMHomeManager] [70B1AC91-47BD-45BA-A931-6E1AC6C31A6D] Requesting home configuration with generation counter: 29 with QoS: Default
2023-04-05 07:48:01.472007+1000 0x1311     Info        0x3252               477    7    homed: (HomeKitMatter) [com.apple.HomeKit:hmmtr.resident.manager] Data source set with isCurrentDevicePrimaryResident: NO
2023-04-05 07:48:01.472022+1000 0xfc3      Default     0x3252               427    0    identityservicesd: [com.apple.IDS:IDSFirewall] Update to category 7 replaceEntries <private>
2023-04-05 07:48:01.472028+1000 0x1311     Info        0x3252               477    7    homed: (HomeKitDaemonLegacy) [com.apple.HomeKit:chip.data.source] Configuring with storage: <HMMTRStorage>
2023-04-05 07:48:01.472031+1000 0xfc3      Default     0x3252               427    0    identityservicesd: [com.apple.IDS:IDSFirewallStore] IDS Firewall System Starting Up
2023-04-05 07:48:01.472042+1000 0x1311     Info        0x3252               477    7    homed: (HomeKitMatter) [com.apple.HomeKit:hmmtr.accessory.server.browser] [HMMTRAccessoryServerBrowser] Updated storage doesn't contain fabric mapping index; ignoring the update
2023-04-05 07:48:01.472050+1000 0x11fa     Info        0x3a63               407    7    rapportd: (HomeKit) [com.apple.HomeKit:HMHomeManager] [CEAE9045-A7F4-442F-B2C9-04D93E55D6F7] The generation counter, 28, does not match the server generation counter: 29
2023-04-05 07:48:01.472055+1000 0x11fa     Default     0x3a63               407    7    rapportd: (HomeKit) [com.apple.HomeKit:HMHomeManager] [CEAE9045-A7F4-442F-B2C9-04D93E55D6F7] Requesting home configuration with generation counter: 29 with QoS: Default
2023-04-05 07:48:01.472066+1000 0x1311     Info        0x3252               477    7    homed: (HomeKitDaemonLegacy) [com.apple.HomeKit:chip.data.source] Configuring with vendor metadata store: <HMMTRVendorMetadataStore>
2023-04-05 07:48:01.472068+1000 0x1311     Info        0x3252               477    7    homed: (HomeKitDaemonLegacy) [com.apple.HomeKit:chip.data.source] Disabling periodic query to fetch cloud vendor metadata
2023-04-05 07:48:01.472080+1000 0x1311     Info        0x3252               477    7    homed: (HomeKitDaemonLegacy) [com.apple.HomeKit:chip.data.source] Configuring with attestation data store: <HMMTRAttestationDataStore>
2023-04-05 07:48:01.472081+1000 0x1311     Info        0x3252               477    7    homed: (HomeKitDaemonLegacy) [com.apple.HomeKit:chip.data.source] Disabling periodic query to fetch cloud attestation data
2023-04-05 07:48:01.472090+1000 0xf06      Default     0x3d03               410    0    tccd: [com.apple.TCC:access] REQUEST: tccd_uid=501, sender_pid=429, sender_uid=501, sender_auid=501, function=TCCAccessCopyInformationForBundle, msgID=429.15
2023-04-05 07:48:01.472091+1000 0x1311     Info        0x3252               477    7    homed: (HomeKitDaemonLegacy) [com.apple.HomeKit:chip.data.source] Configuring with UI dialog presenter: <private>
2023-04-05 07:48:01.472091+1000 0x1283     Default     0x3252               477    2    homed: (UserNotifications) [com.apple.UserNotifications:Connections] [com.apple.Home] Setting 5 notification categories
2023-04-05 07:48:01.472099+1000 0x1311     Info        0x3252               477    7    homed: (HomeKitDaemonLegacy) [com.apple.HomeKit:MatterSoftwareUpdate] Configuring with matter software update provider
2023-04-05 07:48:01.472120+1000 0x134d     Default     0x0                  518    0    com.apple.siri.embeddedspeech: (Trial) [com.apple.trial:_] Acquired managed-directory lock: <private>
2023-04-05 07:48:01.472126+1000 0xf06      Info        0x3d03               410    0    tccd: [com.apple.TCC:access] REQUEST_MSG: msgID=429.15, msg={
	function="TCCAccessCopyInformationForBundle"
	TCCD_MSG_ID="429.15"
	client_type="bundle"
	client="com.apple.willowd"
}
2023-04-05 07:48:01.472139+1000 0x11df     Info        0x0                  471    0    TrustedPeersHelper: [com.apple.security.trustedpeers:container] setPreapprovedKeys complete: success
2023-04-05 07:48:01.472206+1000 0x134d     Info        0x0                  518    0    com.apple.siri.embeddedspeech: (Trial) [com.apple.trial:_] Found entitlement: "com.apple.trial.client" --> <private>
2023-04-05 07:48:01.472220+1000 0x1283     Default     0x3252               477    2    homed: (UserNotifications) [com.apple.UserNotifications:Connections] [com.apple.Home] Requesting authorization with options 64
2023-04-05 07:48:01.472228+1000 0x1283     Default     0x3252               477    2    homed: (UserNotifications) [com.apple.UserNotifications:Connections] [com.apple.Home] Listening for connections to delegate
2023-04-05 07:48:01.472238+1000 0xfa2      Default     0x15f6               391    0    secd: [com.apple.securityd:octagon-sos] Updated SOS preapproved keys
2023-04-05 07:48:01.472335+1000 0xf45      Default     0x0                  1      0    launchd: [gui/501/com.apple.siriknowledged:] internal event: WILL_SPAWN, code = 0
2023-04-05 07:48:01.472337+1000 0xf45      Default     0x0                  1      0    launchd: [gui/501/com.apple.siriknowledged:] service state: spawn scheduled
2023-04-05 07:48:01.472338+1000 0xf45      Default     0x0                  1      0    launchd: [gui/501/com.apple.siriknowledged:] service state: spawning
2023-04-05 07:48:01.472344+1000 0xfb8      Default     0x15f6               391    0    secd: [com.apple.securityd:octagon-state] Finishing state transition attempt (ending in BecomeReady, intended: BecomeReady, f:[none], p:[]): <OTSOSUpdatePreapprovalsOperation: finished 2023-04-04 21:48:01 +0000 2023-04-04 21:48:01 +0000> (no error)
2023-04-05 07:48:01.472366+1000 0x1283     Info        0x18ee               477    7    homed: (HomeKitDaemonLegacy) [com.apple.HomeKit:Message.XPC.Transport] [com.apple.homed.xpc] New XPC connection requested: <private>
2023-04-05 07:48:01.472368+1000 0xf45      Default     0x0                  1      0    launchd: [gui/501/com.apple.siriknowledged:] launching: xpc event
2023-04-05 07:48:01.472369+1000 0xfb8      Default     0x15f6               391    0    secd: [com.apple.securityd:octagon-state] Beginning state transition attempt <OctagonStateTransitionOperation(octagon-ready): intended:Ready actual:Error>
2023-04-05 07:48:01.472387+1000 0x1200     Default     0x3252               477    7    homed: (HomeKitDaemonLegacy) [com.apple.HomeKit:Message.XPC.Transport] [com.apple.homed.xpc.accessory-setup] Starting XPC message transport
2023-04-05 07:48:01.472401+1000 0xfb8      Activity    0x3e43               391    0    secd: (Accounts) accounts/accounts-with-types-sync
2023-04-05 07:48:01.472431+1000 0xebe      Default     0x0                  407    7    rapportd: (HomeKit) [com.apple.HomeKit:HMXPCClient] [com.apple.homed.xpc/70B1AC91-47BD-45BA-A931-6E1AC6C31A6D] Received notification that HomeKit daemon is ready
2023-04-05 07:48:01.472458+1000 0xebe      Default     0x0                  407    7    rapportd: (HomeKit) [com.apple.HomeKit:HMXPCClient] [com.apple.homed.xpc/CEAE9045-A7F4-442F-B2C9-04D93E55D6F7] Received notification that HomeKit daemon is ready
2023-04-05 07:48:01.472469+1000 0xebe      Default     0x0                  407    7    rapportd: (HomeKit) [com.apple.HomeKit:HMXPCClient] [com.apple.homed.xpc/89F9764E-1165-4BD4-86B2-D7CA891CDDB3] Received notification that HomeKit daemon is ready
2023-04-05 07:48:01.472506+1000 0x713      Activity    0x3ebe               119    0    apsd: (Security) SecItemCopyMatching
2023-04-05 07:48:01.472511+1000 0x713      Activity    0x3ebf               119    0    apsd: (Security) SecItemCopyMatching_ios
2023-04-05 07:48:01.472550+1000 0x713      Activity    0x3ed0               119    0    apsd: (Security) SecItemCopyMatching
2023-04-05 07:48:01.472552+1000 0x713      Activity    0x3ed1               119    0    apsd: (Security) SecItemCopyMatching_ios
2023-04-05 07:48:01.472553+1000 0xf06      Info        0x3d03               410    0    tccd: [com.apple.TCC:access] AttributionChain: requesting={TCCDProcess: identifier=com.apple.cloudd, pid=429, auid=501, euid=501, binary_path=/System/Library/PrivateFrameworks/CloudKitDaemon.framework/Support/cloudd},
2023-04-05 07:48:01.472585+1000 0x713      Activity    0x3ed2               119    0    apsd: (Security) SecItemCopyMatching
2023-04-05 07:48:01.472587+1000 0x713      Activity    0x3ed3               119    0    apsd: (Security) SecItemCopyMatching_ios
