2023-08-06 07:53:39.888483+1000 0x36ee     Default     0xcef9               417    0    cloudd: (CloudKitDaemon) [com.apple.cloudkit:Request] req: XXXXXXXX-XXXX-XXXX-XXXX-XXXXXXXXFC47, "URLSession:dataTask:didReceiveData: 144766 bytes"
2023-08-06 07:53:39.888659+1000 0x3665     Info        0xcef9               417    0    cloudd: (CloudKitDaemon) [com.apple.cloudkit:TrafficBinary] <private>
2023-08-06 07:53:39.891078+1000 0x3665     Info        0xcef9               417    0    cloudd: (CloudKitDaemon) [com.apple.cloudkit:TrafficBinary] <private>
2023-08-06 07:53:39.891119+1000 0x3665     Info        0xcef9               417    0    cloudd: (CloudKitDaemon) [com.apple.cloudkit:TrafficBinary] <private>
2023-08-06 07:53:39.891159+1000 0x3665     Info        0xcef9               417    0    cloudd: (CloudKitDaemon) [com.apple.cloudkit:TrafficBinary] <private>
2023-08-06 07:53:39.891196+1000 0x3665     Info        0xcef9               417    0    cloudd: (CloudKitDaemon) [com.apple.cloudkit:TrafficBinary] <private>
2023-08-06 07:53:39.891235+1000 0x3665     Info        0xcef9               417    0    cloudd: (CloudKitDaemon) [com.apple.cloudkit:TrafficBinary] <private>
2023-08-06 07:53:39.891273+1000 0x3665     Info        0xcef9               417    0    cloudd: (CloudKitDaemon) [com.apple.cloudkit:TrafficBinary] <private>
2023-08-06 07:53:39.891297+1000 0x3665     Info        0xcef9               417    0    cloudd: (CloudKitDaemon) [com.apple.cloudkit:TrafficBinary] <private>
2023-08-06 07:53:39.900925+1000 0x2d61     Info        0x0                  147    0    WindowServer: (RunningBoardServices) [com.apple.runningboard:assertion] Acquiring assertion: <RBSAssertionDescriptor| "AppDrawing" ID:(null) target:452>
2023-08-06 07:53:39.901169+1000 0x36f8     Info        0x0                  181    0    runningboardd: (RunningBoard) [com.apple.runningboard:message] PERF: Received request from [osservice<com.apple.WindowServer(88)>:147] (euid 88, auid 88): acquireAssertionWithDescriptor:error:
2023-08-06 07:53:39.901173+1000 0x36f8     Activity    0xcee2               181    0    runningboardd: (RunningBoard) acquireAssertionWithDescriptor
2023-08-06 07:53:39.901384+1000 0x36f8     Default     0xcee2               181    7    runningboardd: (RunningBoard) [com.apple.runningboard:ttl] Acquiring assertion targeting [osservice<com.apple.Finder(501)>:452] from originator [osservice<com.apple.WindowServer(88)>:147] with description <RBSAssertionDescriptor| "AppDrawing" ID:XXX-XXX-982  target:452 attributes:[
	<RBSDomainAttribute| domain:"com.apple.appnap" name:"AppDrawing" sourceEnvironment:"(null)">,
	<RBSAcquisitionCompletionAttribute| policy:AfterApplication>
	]>
2023-08-06 07:53:39.901487+1000 0x36f8     Default     0xcee2               181    7    runningboardd: (RunningBoard) [com.apple.runningboard:ttl] Assertion XXX-XXX-982  (target:[osservice<com.apple.Finder(501)>:452]) will be created as active
2023-08-06 07:53:39.901604+1000 0x36be     Info        0xcee2               181    0    runningboardd: (RunningBoard) [com.apple.runningboard:assertion] osservice<com.apple.Finder(501)> is now targeted by 4 assertions
2023-08-06 07:53:39.901626+1000 0x36be     Activity    0xcee3               181    0    runningboardd: (RunningBoard) state update
2023-08-06 07:53:39.901813+1000 0x36be     Info        0xcee3               181    0    runningboardd: (RunningBoard) [com.apple.runningboard:assertion] Removing 0 assertions
2023-08-06 07:53:39.901931+1000 0x36f8     Default     0xcee2               181    0    runningboardd: (RunningBoard) [com.apple.runningboard:process] [osservice<com.apple.Finder(501)>:452] Ignoring jetsam update because this process is not memory-managed
2023-08-06 07:53:39.901931+1000 0x36f8     Default     0xcee2               181    0    runningboardd: (RunningBoard) [com.apple.runningboard:process] [osservice<com.apple.Finder(501)>:452] Ignoring suspend because this process is not lifecycle managed
2023-08-06 07:53:39.901952+1000 0x36f8     Default     0xcee2               181    0    runningboardd: (RunningBoard) [com.apple.runningboard:process] [osservice<com.apple.Finder(501)>:452] Ignoring GPU update because this process is not GPU managed
2023-08-06 07:53:39.901952+1000 0x36f8     Info        0xcee2               181    0    runningboardd: (RunningBoard) [com.apple.runningboard:process] [osservice<com.apple.Finder(501)>:452] Ignoring CPU limits because this process is not CPU limit managed
2023-08-06 07:53:39.901956+1000 0x36f8     Default     0xcee2               181    0    runningboardd: (RunningBoard) [com.apple.runningboard:process] [osservice<com.apple.Finder(501)>:452] Ignoring memory limit update because this process is not memory-managed
2023-08-06 07:53:39.901959+1000 0x36f8     Default     0xcee2               181    0    runningboardd: (RunningBoard) [com.apple.runningboard:process] [osservice<com.apple.Finder(501)>:452] Skipping AppNap state - not lifecycle managed
2023-08-06 07:53:39.902028+1000 0x36bd     Info        0xcee2               181    0    runningboardd: (RunningBoard) [com.apple.runningboard:connection] Current inheritances: {(
    <RBSInheritance| environment:(none) name:com.apple.launchservices.userfacing origID:XXX-XXX-109>
)}
2023-08-06 07:53:39.902115+1000 0x36bd     Info        0xcee2               181    0    runningboardd: (RunningBoard) [com.apple.runningboard:assertion] Finished acquiring assertion XXX-XXX-982  (target:[osservice<com.apple.Finder(501)>:452])
2023-08-06 07:53:39.903405+1000 0x105e     Info        0x0                  452    0    Finder: (RunningBoardServices) [com.apple.runningboard:assertion] Acquiring assertion: <RBSAssertionDescriptor| "AppNap adapter assertion" ID:(null) target:452>
2023-08-06 07:53:39.903584+1000 0x36f7     Info        0x0                  181    0    runningboardd: (RunningBoard) [com.apple.runningboard:message] PERF: Received request from [osservice<com.apple.Finder(501)>:452] (euid 501, auid 501): acquireAssertionWithDescriptor:error:
2023-08-06 07:53:39.903586+1000 0x36f7     Activity    0xcee4               181    0    runningboardd: (RunningBoard) acquireAssertionWithDescriptor
2023-08-06 07:53:39.903800+1000 0x36f7     Default     0xcee4               181    7    runningboardd: (RunningBoard) [com.apple.runningboard:ttl] Acquiring assertion targeting [osservice<com.apple.Finder(501)>:452] from originator [osservice<com.apple.Finder(501)>:452] with description <RBSAssertionDescriptor| "AppNap adapter assertion" ID:XXX-XXX-983 target:452 attributes:[
	<RBSAcquisitionCompletionAttribute| policy:AfterApplication>,
	<RBSDomainAttribute| domain:"com.apple.appnap" name:"Enable" sourceEnvironment:"(null)">,
	<RBSDomainAttribute| domain:"com.apple.appnap" name:"Inactive" sourceEnvironment:"(null)">,
	<RBSDomainAttribute| domain:"com.apple.appnap" name:"PreventDiskThrottle" sourceEnvironment:"(null)">,
	<RBSDomainAttribute| domain:"com.apple.appnap" name:"PreventSuppressedCPU" sourceEnvironment:"(null)">,
	<RBSDomainAttribute| domain:"com.apple.appnap" name:"PreventLowPriorirtyCPU" sourceEnvironment:"(null)">,
	<RBSDomainAttribute| domain:"com.apple.appnap" name:"PreventBackgroundSockets" sourceEnvironment:"(null)">,
	<RBSDomainAttribute| domain:"com.apple.appnap" name:"PreventTimerThrottleTier0" sourceEnvironment:"(null)">
	]>
2023-08-06 07:53:39.903981+1000 0x36f7     Default     0xcee4               181    7    runningboardd: (RunningBoard) [com.apple.runningboard:ttl] Assertion XXX-XXX-983 (target:[osservice<com.apple.Finder(501)>:452]) will be created as active
2023-08-06 07:53:39.904062+1000 0x36be     Info        0xcee4               181    0    runningboardd: (RunningBoard) [com.apple.runningboard:assertion] osservice<com.apple.Finder(501)> is now targeted by 5 assertions
2023-08-06 07:53:39.904071+1000 0x36be     Activity    0xcee5               181    0    runningboardd: (RunningBoard) state update
2023-08-06 07:53:39.904232+1000 0x36be     Info        0xcee5               181    0    runningboardd: (RunningBoard) [com.apple.runningboard:assertion] Removing 0 assertions
2023-08-06 07:53:39.904325+1000 0x36f7     Default     0xcee4               181    0    runningboardd: (RunningBoard) [com.apple.runningboard:process] [osservice<com.apple.Finder(501)>:452] Ignoring jetsam update because this process is not memory-managed
2023-08-06 07:53:39.904325+1000 0x36f7     Default     0xcee4               181    0    runningboardd: (RunningBoard) [com.apple.runningboard:process] [osservice<com.apple.Finder(501)>:452] Ignoring suspend because this process is not lifecycle managed
2023-08-06 07:53:39.904326+1000 0x36f7     Default     0xcee4               181    0    runningboardd: (RunningBoard) [com.apple.runningboard:process] [osservice<com.apple.Finder(501)>:452] Ignoring GPU update because this process is not GPU managed
2023-08-06 07:53:39.904327+1000 0x36f7     Info        0xcee4               181    0    runningboardd: (RunningBoard) [com.apple.runningboard:process] [osservice<com.apple.Finder(501)>:452] Ignoring CPU limits because this process is not CPU limit managed
2023-08-06 07:53:39.904327+1000 0x36f7     Default     0xcee4               181    0    runningboardd: (RunningBoard) [com.apple.runningboard:process] [osservice<com.apple.Finder(501)>:452] Ignoring memory limit update because this process is not memory-managed
2023-08-06 07:53:39.904329+1000 0x36f7     Default     0xcee4               181    0    runningboardd: (RunningBoard) [com.apple.runningboard:process] [osservice<com.apple.Finder(501)>:452] Skipping AppNap state - not lifecycle managed
2023-08-06 07:53:39.904368+1000 0x36be     Info        0xcee4               181    0    runningboardd: (RunningBoard) [com.apple.runningboard:connection] Current inheritances: {(
    <RBSInheritance| environment:(none) name:com.apple.launchservices.userfacing origID:XXX-XXX-109>
)}
2023-08-06 07:53:39.904401+1000 0x36be     Info        0xcee4               181    0    runningboardd: (RunningBoard) [com.apple.runningboard:assertion] Finished acquiring assertion XXX-XXX-983 (target:[osservice<com.apple.Finder(501)>:452])
2023-08-06 07:53:39.904563+1000 0x36f7     Info        0x0                  181    0    runningboardd: (RunningBoard) [com.apple.runningboard:message] PERF: Received request from [osservice<com.apple.Finder(501)>:452] (euid 501, auid 501): async_invalidateAssertionWithIdentifier:
2023-08-06 07:53:39.904563+1000 0x36f7     Activity    0xcee6               181    0    runningboardd: (RunningBoard) invalidateAssertionWithIdentifier
2023-08-06 07:53:39.904577+1000 0x36f7     Default     0xcee6               181    7    runningboardd: (RunningBoard) [com.apple.runningboard:ttl] Invalidating assertion XXX-XXX-944 (target:[osservice<com.apple.Finder(501)>:452]) from originator [osservice<com.apple.Finder(501)>:452]
2023-08-06 07:53:39.917584+1000 0x3040     Default     0x0                  0      0    kernel: (IO80211Family) com.apple.p2p: isInfraRealtimePacketThresholdAllowed allowed:0 option:0 threshold:50 noRegistrations:1 cachedPeerCount:0 fastDiscoveryInactive:1 fastDiscoveryOnSince:529705
2023-08-06 07:53:39.933781+1000 0x36ce     Default     0xcef8               389    0    nsurlsessiond: [com.apple.nsurlsessiond:background] NDSession <XXXXXXXX-XXXX-XXXX-XXXX-XXXXXXXXA0DE> Task <XXXXXXXX-XXXX-XXXX-XXXX-XXXXXXXX959D>.<3> did receive data (149757 of -1 total bytes)
2023-08-06 07:53:39.934515+1000 0x36ed     Default     0xcef9               417    0    cloudd: (CloudKitDaemon) [com.apple.cloudkit:Request] req: XXXXXXXX-XXXX-XXXX-XXXX-XXXXXXXXFC47, "URLSession:dataTask:didReceiveData: 4991 bytes"
2023-08-06 07:53:39.934767+1000 0x36ef     Info        0xcef9               417    0    cloudd: (CloudKitDaemon) [com.apple.cloudkit:TrafficBinary] <private>
2023-08-06 07:53:39.934822+1000 0x36cc     Default     0xcef8               389    0    nsurlsessiond: [com.apple.nsurlsessiond:background] NDSession <XXXXXXXX-XXXX-XXXX-XXXX-XXXXXXXXA0DE> Task <XXXXXXXX-XXXX-XXXX-XXXX-XXXXXXXX959D>.<3> did receive data (383104 of -1 total bytes)
2023-08-06 07:53:39.935397+1000 0x36ed     Default     0xcef9               417    0    cloudd: (CloudKitDaemon) [com.apple.cloudkit:Request] req: XXXXXXXX-XXXX-XXXX-XXXX-XXXXXXXXFC47, "URLSession:dataTask:didReceiveData: 233347 bytes"
2023-08-06 07:53:39.939836+1000 0x36ee     Info        0xcef9               417    0    cloudd: (CloudKitDaemon) [com.apple.cloudkit:TrafficBinary] <private>
2023-08-06 07:53:39.939882+1000 0x36ee     Info        0xcef9               417    0    cloudd: (CloudKitDaemon) [com.apple.cloudkit:TrafficBinary] <private>
2023-08-06 07:53:39.939923+1000 0x36ee     Info        0xcef9               417    0    cloudd: (CloudKitDaemon) [com.apple.cloudkit:TrafficBinary] <private>
2023-08-06 07:53:39.939964+1000 0x36ee     Info        0xcef9               417    0    cloudd: (CloudKitDaemon) [com.apple.cloudkit:TrafficBinary] <private>
2023-08-06 07:53:39.940004+1000 0x36ee     Info        0xcef9               417    0    cloudd: (CloudKitDaemon) [com.apple.cloudkit:TrafficBinary] <private>
2023-08-06 07:53:39.940043+1000 0x36ee     Info        0xcef9               417    0    cloudd: (CloudKitDaemon) [com.apple.cloudkit:TrafficBinary] <private>
2023-08-06 07:53:39.940082+1000 0x36ee     Info        0xcef9               417    0    cloudd: (CloudKitDaemon) [com.apple.cloudkit:TrafficBinary] <private>
2023-08-06 07:53:39.940123+1000 0x36ee     Info        0xcef9               417    0    cloudd: (CloudKitDaemon) [com.apple.cloudkit:TrafficBinary] <private>
2023-08-06 07:53:39.940164+1000 0x36ee     Info        0xcef9               417    0    cloudd: (CloudKitDaemon) [com.apple.cloudkit:TrafficBinary] <private>
2023-08-06 07:53:39.940203+1000 0x36ee     Info        0xcef9               417    0    cloudd: (CloudKitDaemon) [com.apple.cloudkit:TrafficBinary] <private>
2023-08-06 07:53:39.986552+1000 0x36cc     Default     0xcef8               389    0    nsurlsessiond: [com.apple.nsurlsessiond:background] NDSession <XXXXXXXX-XXXX-XXXX-XXXX-XXXXXXXXA0DE> Task <XXXXXXXX-XXXX-XXXX-XXXX-XXXXXXXX959D>.<3> did receive data (391647 of -1 total bytes)
2023-08-06 07:53:39.987026+1000 0x36ed     Default     0xcef9               417    0    cloudd: (CloudKitDaemon) [com.apple.cloudkit:Request] req: XXXXXXXX-XXXX-XXXX-XXXX-XXXXXXXXFC47, "URLSession:dataTask:didReceiveData: 8543 bytes"
2023-08-06 07:53:39.987304+1000 0x3665     Info        0xcef9               417    0    cloudd: (CloudKitDaemon) [com.apple.cloudkit:TrafficBinary] <private>
2023-08-06 07:53:39.987368+1000 0x36cd     Default     0xcef8               389    0    nsurlsessiond: [com.apple.nsurlsessiond:background] NDSession <XXXXXXXX-XXXX-XXXX-XXXX-XXXXXXXXA0DE> Task <XXXXXXXX-XXXX-XXXX-XXXX-XXXXXXXX959D>.<3> did receive data (554673 of -1 total bytes)
2023-08-06 07:53:39.987892+1000 0x36ee     Default     0xcef9               417    0    cloudd: (CloudKitDaemon) [com.apple.cloudkit:Request] req: XXXXXXXX-XXXX-XXXX-XXXX-XXXXXXXXFC47, "URLSession:dataTask:didReceiveData: 163026 bytes"
2023-08-06 07:53:39.987933+1000 0x36cc     Default     0x0                  389    0    nsurlsessiond: (CFNetwork) Task <XXXXXXXX-XXXX-XXXX-XXXX-XXXXXXXX959D>.<3> done using Connection 14
2023-08-06 07:53:39.987957+1000 0x36cc     Default     0x0                  389    0    nsurlsessiond: (Network) [com.apple.network:activity] [C14] event: client:end_activity @0.614s, activity <nw_activity 0:0[XXXXXXXX-XXXX-XXXX-XXXX-XXXXXXXX72B8] (lightweight) (reporting strategy default)>
2023-08-06 07:53:39.988042+1000 0x36cc     Default     0x0                  389    0    nsurlsessiond: (Network) [com.apple.network:connection] [C14] event: client:connection_idle @0.614s
2023-08-06 07:53:39.988094+1000 0x36cc     Info        0x0                  389    0    nsurlsessiond: (Network) [com.apple.network:connection] nw_endpoint_handler_report_connection_idle [C14 IPv6#*****366.443 ready parent-flow (satisfied (Path is satisfied), interface: en1[XXX.11], ipv4, ipv6, dns)] Reporting connection idle to protocols
2023-08-06 07:53:39.988124+1000 0x36cc     Info        0x0                  389    0    nsurlsessiond: (Network) [com.apple.network:connection] nw_flow_passthrough_notify [C14.1.1.1 IPv6#*****366.443 ready socket-flow (satisfied (Path is satisfied), viable, interface: en1[XXX.11], ipv4, ipv6, dns)] received notification connection_idle
2023-08-06 07:53:39.988137+1000 0x36cc     Default     0x0                  389    0    nsurlsessiond: (CFNetwork) Task <XXXXXXXX-XXXX-XXXX-XXXX-XXXXXXXX959D>.<3> response ended
2023-08-06 07:53:39.988300+1000 0x36cc     Default     0x0                  389    0    nsurlsessiond: (CFNetwork) Task <XXXXXXXX-XXXX-XXXX-XXXX-XXXXXXXX959D>.<3> RELEASING power assertion.
2023-08-06 07:53:39.988490+1000 0x36cd     Default     0xcef8               389    0    nsurlsessiond: [com.apple.nsurlsessiond:background] NDSession <XXXXXXXX-XXXX-XXXX-XXXX-XXXXXXXXA0DE> Task <XXXXXXXX-XXXX-XXXX-XXXX-XXXXXXXX959D>.<3> did receive data (657077 of -1 total bytes)
2023-08-06 07:53:39.988931+1000 0x36ee     Default     0xcef9               417    0    cloudd: (CloudKitDaemon) [com.apple.cloudkit:Request] req: XXXXXXXX-XXXX-XXXX-XXXX-XXXXXXXXFC47, "URLSession:dataTask:didReceiveData: 102404 bytes"
2023-08-06 07:53:39.989133+1000 0x36cd     Default     0xcef8               389    0    nsurlsessiond: (CFNetwork) [com.apple.CFNetwork:Summary] Task <XXXXXXXX-XXXX-XXXX-XXXX-XXXXXXXX959D>.<3> summary for task success {transaction_duration_ms=215, response_status=200, connection=14, reused=1, request_start_ms=6, request_duration_ms=1, response_start_ms=109, response_duration_ms=105, request_bytes=688, response_bytes=59752, cache_hit=false}
2023-08-06 07:53:39.989178+1000 0x36cd     Default     0xcef8               389    0    nsurlsessiond: (CFNetwork) Task <XXXXXXXX-XXXX-XXXX-XXXX-XXXXXXXX959D>.<3> finished successfully
2023-08-06 07:53:39.989296+1000 0x36cd     Default     0xcef8               389    0    nsurlsessiond: [com.apple.nsurlsessiond:background] NDSession <XXXXXXXX-XXXX-XXXX-XXXX-XXXXXXXXA0DE> Task <XXXXXXXX-XXXX-XXXX-XXXX-XXXXXXXX959D>.<3> completed with error (null) [0]. C(N)
2023-08-06 07:53:39.989302+1000 0x36cd     Default     0xcef8               389    0    nsurlsessiond: [com.apple.nsurlsessiond:background] NDSession <XXXXXXXX-XXXX-XXXX-XXXX-XXXXXXXXA0DE> Task <XXXXXXXX-XXXX-XXXX-XXXX-XXXXXXXX959D>.<3> for client <private> completed successfully
2023-08-06 07:53:39.991271+1000 0x36cd     Default     0xcef8               389    0    nsurlsessiond: [com.apple.nsurlsessiond:background] NDSession <XXXXXXXX-XXXX-XXXX-XXXX-XXXXXXXXA0DE> has 0 outstanding tasks
2023-08-06 07:53:39.991279+1000 0x36cd     Default     0xcef8               389    0    nsurlsessiond: [com.apple.nsurlsessiond:background] NDSession <XXXXXXXX-XXXX-XXXX-XXXX-XXXXXXXXA0DE> client <private> is active result (Y), XPC(Y) proxy(Y) for <private>
2023-08-06 07:53:39.991360+1000 0x36ef     Info        0xcef9               417    0    cloudd: (CloudKitDaemon) [com.apple.cloudkit:TrafficBinary] <private>
2023-08-06 07:53:39.991407+1000 0x36ef     Info        0xcef9               417    0    cloudd: (CloudKitDaemon) [com.apple.cloudkit:TrafficBinary] <private>
2023-08-06 07:53:39.991455+1000 0x36ef     Info        0xcef9               417    0    cloudd: (CloudKitDaemon) [com.apple.cloudkit:TrafficBinary] <private>
2023-08-06 07:53:39.991498+1000 0x36ef     Info        0xcef9               417    0    cloudd: (CloudKitDaemon) [com.apple.cloudkit:TrafficBinary] <private>
2023-08-06 07:53:39.991536+1000 0x36ef     Info        0xcef9               417    0    cloudd: (CloudKitDaemon) [com.apple.cloudkit:TrafficBinary] <private>
2023-08-06 07:53:39.991573+1000 0x36ef     Info        0xcef9               417    0    cloudd: (CloudKitDaemon) [com.apple.cloudkit:TrafficBinary] <private>
2023-08-06 07:53:39.991614+1000 0x36ef     Info        0xcef9               417    0    cloudd: (CloudKitDaemon) [com.apple.cloudkit:TrafficBinary] <private>
2023-08-06 07:53:39.994475+1000 0x3665     Default     0xcef8               417    0    cloudd: (CFNetwork) Task <XXXXXXXX-XXXX-XXXX-XXXX-XXXXXXXX959D>.<3> finished successfully
2023-08-06 07:53:39.995066+1000 0x3665     Default     0xcef9               417    0    cloudd: (C2) [com.apple.c2:default] captureMetricsForTask=CKDQueryURLRequest requestUUID:XXXXXXXX-XXXX-XXXX-XXXX-XXXXXXXXFC47:host=gateway.icloud.com:remoteAddress=<private>:localAddress=<private>:connectionUUID=XXXXXXXX-XXXX-XXXX-XXXX-XXXXXXXX0EEA:qualityOfService=utility:reuse=1:i=en1:tlsVersion=TLSv13:protocol=h2:requestHeaderBytes=117:requestBodyBytes=553:responseHeaderBytes=536:responseBodyBytes=59216:err=F:dnsDuration=-1.000:tcpStartDelay=-1.000:tcpDuration=-1.000:sslStartDelay=-1.000:sslDuration=-1.000:requestStartDelay=-1.000:requestDuration=0.001:responseStartDelay=0.102:responseDuration=0.105:transactionDuration=0.208:outOfProcess=T:allowCellular=T:allowExpensive=T:powerNap=F:app=com.apple.triald:2app=:pool=com.apple.cloudkit.BackgroundConnectionPool:tlsPinning=T:retryNetworkFailures=F:disc=T:duet=withBudgeting:reqTimeout=60.00:resTimeout=-1.00:appleIdSessionId=:metricRequest=F
2023-08-06 07:53:39.995242+1000 0x36ef     Info        0xcef9               417    0    cloudd: (CloudKitDaemon) [com.apple.cloudkit:TrafficBinary] <private>
2023-08-06 07:53:39.995306+1000 0x36ef     Info        0xcef9               417    0    cloudd: (CloudKitDaemon) [com.apple.cloudkit:TrafficBinary] <private>
2023-08-06 07:53:39.995345+1000 0x36ef     Info        0xcef9               417    0    cloudd: (CloudKitDaemon) [com.apple.cloudkit:TrafficBinary] <private>
2023-08-06 07:53:39.995385+1000 0x36ef     Info        0xcef9               417    0    cloudd: (CloudKitDaemon) [com.apple.cloudkit:TrafficBinary] <private>
2023-08-06 07:53:39.995416+1000 0x36ef     Info        0xcef9               417    0    cloudd: (CloudKitDaemon) [com.apple.cloudkit:TrafficBinary] <private>
2023-08-06 07:53:39.996200+1000 0x3665     Default     0xcef9               417    0    cloudd: (C2) [com.apple.c2:default] [<C2Session: 0x******070> removeTask:<C2SessionTask: 0x******650>] - withDescription:CKDQueryURLRequest requestUUID:XXXXXXXX-XXXX-XXXX-XXXX-XXXXXXXXFC47
2023-08-06 07:53:39.996214+1000 0x3665     Info        0xcef9               417    0    cloudd: (C2) [com.apple.c2:default] <C2Session: 0x******070> Changing delegate callback queue QoS to background
2023-08-06 07:53:39.996237+1000 0x3665     Default     0xcef9               417    0    cloudd: (CloudKitDaemon) [com.apple.cloudkit:Request] req: XXXXXXXX-XXXX-XXXX-XXXX-XXXXXXXXFC47, "URLSession:task:didCompleteWithError: (null)"
2023-08-06 07:53:39.997186+1000 0x36fa     Default     0x0                  578    0    rtcreportingd: (CrashReporterSupport) reading _CRCopyDiagnosticMessagesHistoryValue key AutoSubmit-#269 (stat 0: 157, mode: 100664)
2023-08-06 07:53:39.997377+1000 0x36fa     Default     0x0                  578    0    rtcreportingd: (CrashReporterSupport) [com.apple.osanalytics.preferences:default] AutoSubmitPreference is 0
2023-08-06 07:53:39.997798+1000 0x36fa     Default     0x0                  578    0    rtcreportingd: (CrashReporterSupport) reading _CRCopyDiagnosticMessagesHistoryValue key AutoSubmit-#270 (stat 0: 157, mode: 100664)
2023-08-06 07:53:39.997900+1000 0x36fa     Default     0x0                  578    0    rtcreportingd: (CrashReporterSupport) [com.apple.osanalytics.preferences:default] AutoSubmitPreference is 0
2023-08-06 07:53:39.998070+1000 0x36fa     Default     0x0                  578    0    rtcreportingd: [com.apple.rtcreportingd:client] notifying cloudd that session XXXXXXcBT/XXXXXXXXXgUQ== is disabled
2023-08-06 07:53:39.998425+1000 0x351c     Error       0x0                  213    0    symptomsd: (SymptomEvaluator) [com.apple.symptomsd:flow] Ignoring source 0x******d00, snapshot is from kernel kernel_task UDPSUBFLOW6 flow id 2703 (close) so first 1 pkts rx 2 tx 0, bytes 440 0 cell 0 0 wifi 0 0 wired 0 0 deltas 440 0 0 0 0 0 0 0
2023-08-06 07:53:39.998500+1000 0x36ef     Info        0x0                  417    0    cloudd: (RTCReporting) [com.apple.RTCReporting:LegacyClient] dropping message to inactive session(<private>)
2023-08-06 07:53:39.998559+1000 0x351c     Info        0x0                  213    0    symptomsd: (SymptomEvaluator) [com.apple.symptomsd:analytics] Data Usage for com.apple.mDNSResponder.reloaded on flow 2703 - WiFi in/out: 23577763/5238614, WiFi delta_in/delta_out: 0/0
2023-08-06 07:53:39.998619+1000 0x351c     Error       0x0                  213    0    symptomsd: (SymptomEvaluator) [com.apple.symptomsd:flow] Ignoring source 0x******d00, snapshot is from kernel kernel_task UDPSUBFLOW6 flow id 2705 (close) so first 1 pkts rx 2 tx 0, bytes 440 0 cell 0 0 wifi 0 0 wired 0 0 deltas 440 0 0 0 0 0 0 0
2023-08-06 07:53:39.998652+1000 0x351c     Info        0x0                  213    0    symptomsd: (SymptomEvaluator) [com.apple.symptomsd:analytics] Data Usage for com.apple.mDNSResponder.reloaded on flow 2705 - WiFi in/out: 23577763/5238614, WiFi delta_in/delta_out: 0/0
2023-08-06 07:53:39.998701+1000 0x351c     Error       0x0                  213    0    symptomsd: (SymptomEvaluator) [com.apple.symptomsd:flow] Ignoring source 0x******d00, snapshot is from kernel kernel_task UDPSUBFLOW6 flow id 2704 (close) so first 1 pkts rx 2 tx 0, bytes 440 0 cell 0 0 wifi 0 0 wired 0 0 deltas 440 0 0 0 0 0 0 0
2023-08-06 07:53:39.998730+1000 0x351c     Info        0x0                  213    0    symptomsd: (SymptomEvaluator) [com.apple.symptomsd:analytics] Data Usage for com.apple.mDNSResponder.reloaded on flow 2704 - WiFi in/out: 23577763/5238614, WiFi delta_in/delta_out: 0/0
2023-08-06 07:53:39.999137+1000 0x3665     Default     0xcef9               417    0    cloudd: (CloudKitDaemon) [com.apple.cloudkit:Request] req: XXXXXXXX-XXXX-XXXX-XXXX-XXXXXXXXFC47, "_finishOnLifecycleQueueWithError:, asked to finish with error (null)"
2023-08-06 07:53:39.999308+1000 0x3665     Info        0xcef9               417    0    cloudd: (CloudKitDaemon) [com.apple.cloudkit:CK] Executing query with cursor <private>
2023-08-06 07:53:39.999377+1000 0x3665     Info        0xcef9               417    0    cloudd: (CloudKitDaemon) [com.apple.cloudkit:CK] <CKDQueryURLRequest: 0x******7d0; UUID=XXXXXXXX-XXXX-XXXX-XXXX-XXXXXXXX0513> Request Initializing
2023-08-06 07:53:39.999671+1000 0x3665     Default     0xcef9               417    0    cloudd: (CloudKitDaemon) [com.apple.cloudkit:OP] Operation <CKDQueryOperation: 0x******260; XXXXXXXXXXXX48C (RBCE)  State: Not Started, QoS: Utility>, setting current request from <CKDQueryURLRequest: 0x******b60 XXXXXXXX-XXXX-XXXX-XXXX-XXXXXXXXFC47> to <CKDQueryURLRequest: 0x******7d0 XXXXXXXX-XXXX-XXXX-XXXX-XXXXXXXX0513>
2023-08-06 07:53:39.999802+1000 0x3665     Info        0xcef9               417    0    cloudd: (CloudKitDaemon) [com.apple.cloudkit:Request] req: XXXXXXXX-XXXX-XXXX-XXXX-XXXXXXXXFC47, "_finishOnLifecycleQueueWithError:, did finish request <private> with error (null)"
2023-08-06 07:53:39.999898+1000 0x36ed     Activity    0xcefb               417    0    cloudd: (CloudKitDaemon) url-request
2023-08-06 07:53:39.999942+1000 0x36ed     Default     0xcefb               417    0    cloudd: (CloudKitDaemon) [com.apple.cloudkit:Request] req: XXXXXXXX-XXXX-XXXX-XXXX-XXXXXXXX0513, "<CKDQueryURLRequest: 0x******7d0 XXXXXXXX-XXXX-XXXX-XXXX-XXXXXXXX0513> Performing"
2023-08-06 07:53:39.999965+1000 0x36ed     Default     0xcefb               417    0    cloudd: (CloudKitDaemon) [com.apple.cloudkit:Request] req: XXXXXXXX-XXXX-XXXX-XXXX-XXXXXXXX0513, "<CKDQueryURLRequest: 0x******7d0 XXXXXXXX-XXXX-XXXX-XXXX-XXXXXXXX0513> Requires a url for the app partition, getting it"
2023-08-06 07:53:40.000037+1000 0x36ed     Default     0xcefb               417    0    cloudd: (CloudKitDaemon) [com.apple.cloudkit:Request] req: XXXXXXXX-XXXX-XXXX-XXXX-XXXXXXXX0513, "<CKDQueryURLRequest: 0x******7d0 XXXXXXXX-XXXX-XXXX-XXXX-XXXXXXXX0513> Requires configuration, getting it"
2023-08-06 07:53:40.000088+1000 0x36ed     Default     0xcefb               417    0    cloudd: (CloudKitDaemon) [com.apple.cloudkit:Request] req: XXXXXXXX-XXXX-XXXX-XXXX-XXXXXXXX0513, "<CKDQueryURLRequest: 0x******7d0 XXXXXXXX-XXXX-XXXX-XXXX-XXXXXXXX0513> Requires device id, getting it"
2023-08-06 07:53:40.000113+1000 0x36ed     Default     0xcefb               417    0    cloudd: (CloudKitDaemon) [com.apple.cloudkit:Request] req: XXXXXXXX-XXXX-XXXX-XXXX-XXXXXXXX0513, "<private> Requires zone id gates, grabbing them from gatekeeper, expectDelay false"
2023-08-06 07:53:40.000164+1000 0x36ed     Default     0xcefb               417    0    cloudd: (CloudKitDaemon) [com.apple.cloudkit:Request] req: XXXXXXXX-XXXX-XXXX-XXXX-XXXXXXXX0513, "<CKDQueryURLRequest: 0x******7d0 XXXXXXXX-XXXX-XXXX-XXXX-XXXXXXXX0513> Requires push token registration, doing so. isCKSystemService=1"
2023-08-06 07:53:40.000487+1000 0x36ef     Info        0xcef9               417    0    cloudd: (CloudKitDaemon) [com.apple.cloudkit:TrafficBinary] <private>
2023-08-06 07:53:40.000609+1000 0x36ed     Info        0xcefb               417    0    cloudd: (CloudKitDaemon) [com.apple.cloudkit:CK] Not adding registration to PDS, as PDS is already aware of <private>
2023-08-06 07:53:40.000667+1000 0x36ed     Default     0xcefb               417    0    cloudd: (CloudKitDaemon) [com.apple.cloudkit:Request] req: XXXXXXXX-XXXX-XXXX-XXXX-XXXXXXXX0513, "Performing request with URL=<private> background=1 allowCellular=1 allowExpensive=1 (timeouts 60.0s, -1.0s)"
2023-08-06 07:53:40.000935+1000 0x36ed     Default     0xcefb               417    10   cloudd: (AssetCacheServices) [com.apple.AssetCacheServices:Framework] #XXXXX733 ACSMightCurrentNetworkHaveCachingServer(options={
    capabilities =     {
        import = 1;
        namespaces = 1;
        personalCaching = 1;
    };
    quickMiss = 1;
}, callbackQueue=0x0, callback=0x******450)
2023-08-06 07:53:40.000942+1000 0x36ed     Default     0xcefb               417    10   cloudd: (AssetCacheServices) [com.apple.AssetCacheServices:Framework] #XXXXX733 ACSMightCurrentNetworkHaveCachingServer -> [same] mightHave NO, error (null), elapsed 0.000
2023-08-06 07:53:40.001559+1000 0x36cc     Default     0xcef8               389    0    nsurlsessiond: [com.apple.nsurlsessiond:background] Task <XXXXXXXX-XXXX-XXXX-XXXX-XXXXXXXX959D>.<3> client acknowledged completion
2023-08-06 07:53:40.001595+1000 0x36cc     Default     0xcef8               389    0    nsurlsessiond: [com.apple.nsurlsessiond:background] NDSession <XXXXXXXX-XXXX-XXXX-XXXX-XXXXXXXXA0DE> has 0 outstanding tasks
2023-08-06 07:53:40.002386+1000 0x36fc     Default     0x9149               495    7    triald: (TrialServer) [com.apple.triald:server] Received RolloutNotification with CKRecordID <CKRecordID: 0x******cb0; recordName=XXXXXXXX-XXXX-XXXX-XXXX-XXXXXXXXdb2b, zoneID=_defaultZone:__defaultOwner__>
2023-08-06 07:53:40.002440+1000 0x36fc     Default     0x9149               495    7    triald: (TrialServer) [com.apple.triald:server] Received RolloutNotification with CKRecordID <CKRecordID: 0x******020; recordName=XXXXXXXX-XXXX-XXXX-XXXX-XXXXXXXXa299, zoneID=_defaultZone:__defaultOwner__>
2023-08-06 07:53:40.002487+1000 0x36fc     Default     0x9149               495    7    triald: (TrialServer) [com.apple.triald:server] Received RolloutNotification with CKRecordID <CKRecordID: 0x******2c0; recordName=XXXXXXXX-XXXX-XXXX-XXXX-XXXXXXXXb6a7, zoneID=_defaultZone:__defaultOwner__>
2023-08-06 07:53:40.002915+1000 0x36ed     Activity    0xcefc               417    0    cloudd: (C2) c2-request-task
2023-08-06 07:53:40.002931+1000 0x36ed     Info        0xcefb               417    0    cloudd: (C2) [com.apple.c2:default] <C2Session: 0x******070> Changing delegate callback queue QoS to utility
2023-08-06 07:53:40.003051+1000 0x36fc     Default     0x9149               495    7    triald: (TrialServer) [com.apple.triald:server] Received RolloutNotification with CKRecordID <CKRecordID: 0x******e40; recordName=XXXXXXXX-XXXX-XXXX-XXXX-XXXXXXXXf27f, zoneID=_defaultZone:__defaultOwner__>
2023-08-06 07:53:40.003096+1000 0x36fc     Default     0x9149               495    7    triald: (TrialServer) [com.apple.triald:server] Received RolloutNotification with CKRecordID <CKRecordID: 0x******; recordName=XXXXXXXX-XXXX-XXXX-XXXX-XXXXXXXX0297, zoneID=_defaultZone:__defaultOwner__>
2023-08-06 07:53:40.003236+1000 0x36ef     Info        0xcefb               417    0    cloudd: (CloudKitDaemon) [com.apple.cloudkit:TrafficBinary] <private>
2023-08-06 07:53:40.003527+1000 0x36fc     Default     0x9149               495    7    triald: (TrialServer) [com.apple.triald:server] Received RolloutNotification with CKRecordID <CKRecordID: 0x******820; recordName=XXXXXXXX-XXXX-XXXX-XXXX-XXXXXXXX8510, zoneID=_defaultZone:__defaultOwner__>
2023-08-06 07:53:40.003798+1000 0x36fc     Default     0x9149               495    7    triald: (TrialServer) [com.apple.triald:server] Received RolloutNotification with CKRecordID <CKRecordID: 0x******ab0; recordName=XXXXXXXX-XXXX-XXXX-XXXX-XXXXXXXXcdff, zoneID=_defaultZone:__defaultOwner__>
2023-08-06 07:53:40.004411+1000 0x36fc     Default     0x9149               495    7    triald: (TrialServer) [com.apple.triald:server] Received RolloutNotification with CKRecordID <CKRecordID: 0x******2f0; recordName=XXXXXXXX-XXXX-XXXX-XXXX-XXXXXXXX1c37, zoneID=_defaultZone:__defaultOwner__>
2023-08-06 07:53:40.004583+1000 0x36fc     Default     0x9149               495    7    triald: (TrialServer) [com.apple.triald:server] Received RolloutNotification with CKRecordID <CKRecordID: 0x******700; recordName=XXXXXXXX-XXXX-XXXX-XXXX-XXXXXXXX74d2, zoneID=_defaultZone:__defaultOwner__>
2023-08-06 07:53:40.004844+1000 0x36fc     Default     0x9149               495    7    triald: (TrialServer) [com.apple.triald:server] Received RolloutNotification with CKRecordID <CKRecordID: 0x******5e0; recordName=XXXXXXXX-XXXX-XXXX-XXXX-XXXXXXXXc545, zoneID=_defaultZone:__defaultOwner__>
2023-08-06 07:53:40.005059+1000 0x36fc     Default     0x9149               495    7    triald: (TrialServer) [com.apple.triald:server] Received RolloutNotification with CKRecordID <CKRecordID: 0x******820; recordName=XXXXXXXX-XXXX-XXXX-XXXX-XXXXXXXXcd44, zoneID=_defaultZone:__defaultOwner__>
2023-08-06 07:53:40.005195+1000 0x36ce     Default     0xcefb               389    0    nsurlsessiond: [com.apple.nsurlsessiond:background] NDSession <XXXXXXXX-XXXX-XXXX-XXXX-XXXXXXXXA0DE> Task <XXXXXXXX-XXXX-XXXX-XXXX-XXXXXXXX6717>.<4> dataTaskWithRequest: <private>
2023-08-06 07:53:40.005291+1000 0x36fc     Default     0x9149               495    7    triald: (TrialServer) [com.apple.triald:server] Received RolloutNotification with CKRecordID <CKRecordID: 0x******c20; recordName=XXXXXXXX-XXXX-XXXX-XXXX-XXXXXXXX4fa8, zoneID=_defaultZone:__defaultOwner__>
2023-08-06 07:53:40.005384+1000 0x36ce     Default     0xcefb               389    0    nsurlsessiond: [com.apple.nsurlsessiond:background] NDSession <XXXXXXXX-XXXX-XXXX-XXXX-XXXXXXXXA0DE> Task <?>.<0> current discretionary status for <private> is discretionary (opt-in: 1)
2023-08-06 07:53:40.005485+1000 0x36ce     Default     0xcefb               389    0    nsurlsessiond: (CFNetwork) Task <XXXXXXXX-XXXX-XXXX-XXXX-XXXXXXXX6717>.<4> is for <<private>>.<<private>>.<4>
2023-08-06 07:53:40.005553+1000 0x36ce     Default     0xcefb               389    0    nsurlsessiond: [com.apple.nsurlsessiond:background] NDSession <XXXXXXXX-XXXX-XXXX-XXXX-XXXXXXXXA0DE> Task <XXXXXXXX-XXXX-XXXX-XXXX-XXXXXXXX6717>.<4> enqueueing
2023-08-06 07:53:40.005579+1000 0x36fc     Default     0x9149               495    7    triald: (TrialServer) [com.apple.triald:server] Received RolloutNotification with CKRecordID <CKRecordID: 0x******6a0; recordName=XXXXXXXX-XXXX-XXXX-XXXX-XXXXXXXX3c9d, zoneID=_defaultZone:__defaultOwner__>
2023-08-06 07:53:40.005667+1000 0x36ed     Default     0xcefb               417    0    cloudd: (C2) [com.apple.c2:default] [<C2Session: 0x******070> addTask:<C2SessionTask: 0x******250> withDescription:CKDQueryURLRequest requestUUID:XXXXXXXX-XXXX-XXXX-XXXX-XXXXXXXX0513 request:<NSMutableURLRequest: 0x******a80> { URL: https://gateway.icloud.com:443/ckdatabase/api/client/query/retrieve }]
2023-08-06 07:53:40.005734+1000 0x36ed     Default     0xcefb               417    0    cloudd: (C2) [com.apple.c2:default] [<C2SessionTask: 0x******250> setTask:BackgroundDataTask <XXXXXXXX-XXXX-XXXX-XXXX-XXXXXXXX6717>.<4>]
2023-08-06 07:53:40.005746+1000 0x36ed     Default     0xcefb               417    0    cloudd: (C2) [com.apple.c2:default] created task (CKDQueryURLRequest requestUUID:XXXXXXXX-XXXX-XXXX-XXXX-XXXXXXXX0513). nsurlsessionCached (T). configurationName (route=gateway.icloud.com:outOfProcess=T:powerNap=F:app=com.apple.triald:disc=T:duet=withBudgeting:retry=F:pool=com.apple.cloudkit.BackgroundConnectionPool).
2023-08-06 07:53:40.005751+1000 0x36ed     Info        0xcefb               417    0    cloudd: (C2) [com.apple.c2:default] Creation of data task took 0.003 seconds for request <private> resulting in task <private>.
2023-08-06 07:53:40.005776+1000 0x36ed     Info        0xcefb               417    0    cloudd: (CloudKitDaemon) [com.apple.cloudkit:Request] req: XXXXXXXX-XXXX-XXXX-XXXX-XXXXXXXX0513, "<CKDQueryURLRequest: 0x******7d0 XXXXXXXX-XXXX-XXXX-XXXX-XXXXXXXX0513>: Starting request with URL session data task <private>"
2023-08-06 07:53:40.005791+1000 0x36ed     Default     0xcefb               417    0    cloudd: (CFNetwork) Task <XXXXXXXX-XXXX-XXXX-XXXX-XXXXXXXX6717>.<4> resuming, timeouts(60.0, 604800.0) QOS(0x11) Voucher <private>
2023-08-06 07:53:40.005845+1000 0x36ed     Default     0xcefb               417    0    cloudd: (CFNetwork) [Telemetry]: Activity <nw_activity 12:3[XXXXXXXX-XXXX-XXXX-XXXX-XXXXXXXXFC02] (reporting strategy default)> on Task <XXXXXXXX-XXXX-XXXX-XXXX-XXXXXXXX6717>.<4> was not selected for reporting
2023-08-06 07:53:40.005901+1000 0x36fc     Default     0x9149               495    7    triald: (TrialServer) [com.apple.triald:server] Received RolloutNotification with CKRecordID <CKRecordID: 0x151923d00; recordName=XXXXXXXX-XXXX-XXXX-XXXX-XXXXXXXX3dc4, zoneID=_defaultZone:__defaultOwner__>
=@=
2023-08-06 07:53:40.006078+1000 0x36fc     Default     0x9149               495    7    triald: (TrialServer) [com.apple.triald:server] Received RolloutNotification with CKRecordID <CKRecordID: 0x******c00; recordName=XXXXXXXX-XXXX-XXXX-XXXX-XXXXXXXX9a4f, zoneID=_defaultZone:__defaultOwner__>
2023-08-06 07:53:40.006325+1000 0x36fc     Default     0x9149               495    7    triald: (TrialServer) [com.apple.triald:server] Received RolloutNotification with CKRecordID <CKRecordID: 0x******5a0; recordName=1f744baf-226d-4444-b7ba-a830ea7126c4, zoneID=_defaultZone:__defaultOwner__>
2023-08-06 07:53:40.006473+1000 0x36cd     Default     0xcefb               389    0    nsurlsessiond: [com.apple.nsurlsessiond:background] NDSession <XXXXXXXX-XXXX-XXXX-XXXX-XXXXXXXXA0DE> Task <XXXXXXXX-XXXX-XXXX-XXXX-XXXXXXXX6717>.<4> resumeTaskWithIdentifier, props <private>
2023-08-06 07:53:40.006494+1000 0x36cd     Default     0xcefb               389    0    nsurlsessiond: [com.apple.nsurlsessiond:background] NDSession <XXXXXXXX-XXXX-XXXX-XXXX-XXXXXXXXA0DE> Task <XXXXXXXX-XXXX-XXXX-XXXX-XXXXXXXX6717>.<4> resuming, QOS(0x11)
2023-08-06 07:53:40.006599+1000 0x36fc     Default     0x9149               495    7    triald: (TrialServer) [com.apple.triald:server] Received RolloutNotification with CKRecordID <CKRecordID: 0x******810; recordName=XXXXXXXX-XXXX-XXXX-XXXX-XXXXXXXX0d63, zoneID=_defaultZone:__defaultOwner__>
2023-08-06 07:53:40.006636+1000 0x36cd     Default     0xcefb               389    0    nsurlsessiond: (Network) [com.apple.network:activity] Create activity <nw_activity [XXXXXXXX-XXXX-XXXX-XXXX-XXXXXXXXFC02] (lightweight)>
2023-08-06 07:53:40.006697+1000 0x36cd     Default     0xcefb               389    0    nsurlsessiond: [com.apple.nsurlsessiond:background] NDSession <XXXXXXXX-XXXX-XXXX-XXXX-XXXXXXXXA0DE> Task <XXXXXXXX-XXXX-XXXX-XXXX-XXXXXXXX6717>.<4> resuming
2023-08-06 07:53:40.006705+1000 0x36cd     Default     0xcefb               389    0    nsurlsessiond: [com.apple.nsurlsessiond:background] NDSession <XXXXXXXX-XXXX-XXXX-XXXX-XXXXXXXXA0DE> Task <XXXXXXXX-XXXX-XXXX-XXXX-XXXXXXXX6717>.<4> has not requested a begin delay
2023-08-06 07:53:40.006707+1000 0x36cd     Default     0xcefb               389    0    nsurlsessiond: [com.apple.nsurlsessiond:background] NDSession <XXXXXXXX-XXXX-XXXX-XXXX-XXXXXXXXA0DE> Task <XXXXXXXX-XXXX-XXXX-XXXX-XXXXXXXX6717>.<4> skipping delayed request callback - delegate not implemented
2023-08-06 07:53:40.006713+1000 0x36cd     Default     0xcefb               389    0    nsurlsessiond: [com.apple.nsurlsessiond:background] NDSession <XXXXXXXX-XXXX-XXXX-XXXX-XXXXXXXXA0DE> Task <XXXXXXXX-XXXX-XXXX-XXXX-XXXXXXXX6717>.<4> will begin
2023-08-06 07:53:40.006721+1000 0x36cd     Default     0xcefb               389    0    nsurlsessiond: (CFNetwork) Task <XXXXXXXX-XXXX-XXXX-XXXX-XXXXXXXX6717>.<4> resuming, timeouts(60.0, 604800.0) QOS(0x11) Voucher <private>
2023-08-06 07:53:40.006735+1000 0x36cd     Default     0xcefb               389    0    nsurlsessiond: (CFNetwork) [Telemetry]: Activity <nw_activity 0:0[XXXXXXXX-XXXX-XXXX-XXXX-XXXXXXXXFC02] (lightweight) (reporting strategy default)> on Task <XXXXXXXX-XXXX-XXXX-XXXX-XXXXXXXX6717>.<4> was not selected for reporting
2023-08-06 07:53:40.006920+1000 0x36fc     Default     0x9149               495    7    triald: (TrialServer) [com.apple.triald:server] Received RolloutNotification with CKRecordID <CKRecordID: 0x******340; recordName=XXXXXXXX-XXXX-XXXX-XXXX-XXXXXXXXa210, zoneID=_defaultZone:__defaultOwner__>
2023-08-06 07:53:40.007161+1000 0x36fc     Default     0x9149               495    7    triald: (TrialServer) [com.apple.triald:server] Received RolloutNotification with CKRecordID <CKRecordID: 0x******030; recordName=XXXXXXXX-XXXX-XXXX-XXXX-XXXXXXXX114c, zoneID=_defaultZone:__defaultOwner__>
2023-08-06 07:53:40.007264+1000 0x36ce     Default     0xcefb               389    0    nsurlsessiond: (CFNetwork) [com.apple.CFNetwork:ATS] Task <XXXXXXXX-XXXX-XXXX-XXXX-XXXXXXXX6717>.<4> {strength 0, tls 4, sub 0, sig 1, ciphers 0, bundle 1, builtin 0}
2023-08-06 07:53:40.007326+1000 0x36ce     Default     0xcefb               389    0    nsurlsessiond: (Network) [com.apple.network:connection] [C14] event: client:connection_reused @0.633s
2023-08-06 07:53:40.007357+1000 0x36ce     Info        0xcefb               389    0    nsurlsessiond: (Network) [com.apple.network:connection] nw_endpoint_handler_report_connection_idle [C14 IPv6#*****366.443 ready parent-flow (satisfied (Path is satisfied), interface: en1[XXX.11], ipv4, ipv6, dns)] Reporting connection not idle to protocols
2023-08-06 07:53:40.007370+1000 0x36ce     Info        0xcefb               389    0    nsurlsessiond: (Network) [com.apple.network:connection] nw_flow_passthrough_notify [C14.1.1.1 IPv6#*****366.443 ready socket-flow (satisfied (Path is satisfied), viable, interface: en1[XXX.11], ipv4, ipv6, dns)] received notification connection_idle
2023-08-06 07:53:40.007660+1000 0x36fc     Default     0x9149               495    7    triald: (TrialServer) [com.apple.triald:server] Received RolloutNotification with CKRecordID <CKRecordID: 0x******350; recordName=XXXXXXXX-XXXX-XXXX-XXXX-XXXXXXXX810d, zoneID=_defaultZone:__defaultOwner__>
2023-08-06 07:53:40.007707+1000 0x36fc     Default     0x9149               495    7    triald: (TrialServer) [com.apple.triald:server] Received RolloutNotification with CKRecordID <CKRecordID: 0x******fe0; recordName=XXXXXXXX-XXXX-XXXX-XXXX-XXXXXXXX0e9a, zoneID=_defaultZone:__defaultOwner__>
2023-08-06 07:53:40.007724+1000 0x36ce     Default     0xcefb               389    0    nsurlsessiond: (CFNetwork) Task <XXXXXXXX-XXXX-XXXX-XXXX-XXXXXXXX6717>.<4> TAKING power assertion.
2023-08-06 07:53:40.007754+1000 0x36ce     Default     0xcefb               389    0    nsurlsessiond: (CFNetwork) Connection 14: working for activity <private>
2023-08-06 07:53:40.007771+1000 0x36ce     Default     0xcefb               389    0    nsurlsessiond: (CFNetwork) Connection 14: working for activity <private>
2023-08-06 07:53:40.007823+1000 0x36ce     Default     0xcefb               389    0    nsurlsessiond: (Network) [com.apple.network:connection] [C14] event: client:connection_idle @0.633s
2023-08-06 07:53:40.007837+1000 0x36ce     Info        0xcefb               389    0    nsurlsessiond: (Network) [com.apple.network:connection] nw_endpoint_handler_report_connection_idle [C14 IPv6#*****366.443 ready parent-flow (satisfied (Path is satisfied), interface: en1[XXX.11], ipv4, ipv6, dns)] Reporting connection idle to protocols
2023-08-06 07:53:40.007846+1000 0x36ce     Info        0xcefb               389    0    nsurlsessiond: (Network) [com.apple.network:connection] nw_flow_passthrough_notify [C14.1.1.1 IPv6#*****366.443 ready socket-flow (satisfied (Path is satisfied), viable, interface: en1[XXX.11], ipv4, ipv6, dns)] received notification connection_idle
2023-08-06 07:53:40.007880+1000 0x36ce     Default     0xcefb               389    0    nsurlsessiond: (CFNetwork) Task <XXXXXXXX-XXXX-XXXX-XXXX-XXXXXXXX6717>.<4> RELEASING power assertion.
2023-08-06 07:53:40.007960+1000 0x36fc     Default     0x9149               495    7    triald: (TrialServer) [com.apple.triald:server] Received RolloutNotification with CKRecordID <CKRecordID: 0x******480; recordName=XXXXXXXX-XXXX-XXXX-XXXX-XXXXXXXX6c9b, zoneID=_defaultZone:__defaultOwner__>
2023-08-06 07:53:40.008011+1000 0x36cc     Default     0xcefb               389    0    nsurlsessiond: [com.apple.nsurlsessiond:background] NDSession <XXXXXXXX-XXXX-XXXX-XXXX-XXXXXXXXA0DE> Task <XXXXXXXX-XXXX-XXXX-XXXX-XXXXXXXX6717>.<4> for client <private> _willSendRequestForEstablishedConnection
2023-08-06 07:53:40.008040+1000 0x36cc     Default     0xcefb               389    0    nsurlsessiond: [com.apple.nsurlsessiond:background] Task <XXXXXXXX-XXXX-XXXX-XXXX-XXXXXXXX6717>.<4> performing will send request callback, request <private>
2023-08-06 07:53:40.008370+1000 0x36fc     Default     0x9149               495    7    triald: (TrialServer) [com.apple.triald:server] Received RolloutNotification with CKRecordID <CKRecordID: 0x******f60; recordName=XXXXXXXX-XXXX-XXXX-XXXX-XXXXXXXXb4d4, zoneID=_defaultZone:__defaultOwner__>
2023-08-06 07:53:40.008418+1000 0x36fc     Default     0x9149               495    7    triald: (TrialServer) [com.apple.triald:server] Received RolloutNotification with CKRecordID <CKRecordID: 0x******f50; recordName=XXXXXXXX-XXXX-XXXX-XXXX-XXXXXXXX25d2, zoneID=_defaultZone:__defaultOwner__>
2023-08-06 07:53:40.008925+1000 0x36ef     Activity    0xcefd               417    0    cloudd: (CloudKitDaemon) url-request-transmission
2023-08-06 07:53:40.008932+1000 0x36ef     Default     0xcefd               417    0    cloudd: (CloudKitDaemon) [com.apple.cloudkit:Request] req: XXXXXXXX-XXXX-XXXX-XXXX-XXXXXXXX0513, "requestForEstablishedConnection"
2023-08-06 07:53:40.009445+1000 0x36fc     Default     0x9149               495    7    triald: (TrialServer) [com.apple.triald:server] Received RolloutNotification with CKRecordID <CKRecordID: 0x******b30; recordName=XXXXXXXX-XXXX-XXXX-XXXX-XXXXXXXX9f18, zoneID=_defaultZone:__defaultOwner__>
2023-08-06 07:53:40.009489+1000 0x36fc     Default     0x9149               495    7    triald: (TrialServer) [com.apple.triald:server] Received RolloutNotification with CKRecordID <CKRecordID: 0x******b60; recordName=XXXXXXXX-XXXX-XXXX-XXXX-XXXXXXXX46da, zoneID=_defaultZone:__defaultOwner__>
2023-08-06 07:53:40.009530+1000 0x36fc     Default     0x9149               495    7    triald: (TrialServer) [com.apple.triald:server] Received RolloutNotification with CKRecordID <CKRecordID: 0x******f30; recordName=XXXXXXXX-XXXX-XXXX-XXXX-XXXXXXXXdfe3, zoneID=_defaultZone:__defaultOwner__>
2023-08-06 07:53:40.009571+1000 0x36fc     Default     0x9149               495    7    triald: (TrialServer) [com.apple.triald:server] Received RolloutNotification with CKRecordID <CKRecordID: 0x******0a0; recordName=XXXXXXXX-XXXX-XXXX-XXXX-XXXXXXXX40e1, zoneID=_defaultZone:__defaultOwner__>
2023-08-06 07:53:40.009612+1000 0x36fc     Default     0x9149               495    7    triald: (TrialServer) [com.apple.triald:server] Received RolloutNotification with CKRecordID <CKRecordID: 0x******a70; recordName=XXXXXXXX-XXXX-XXXX-XXXX-XXXXXXXX1ca0, zoneID=_defaultZone:__defaultOwner__>
2023-08-06 07:53:40.009660+1000 0x3665     Info        0x0                  417    0    cloudd: (CloudKitDaemon) [com.apple.cloudkit:TrafficBinary] <private>
2023-08-06 07:53:40.009961+1000 0x36cc     Default     0xcefb               389    0    nsurlsessiond: [com.apple.nsurlsessiond:background] Task <XXXXXXXX-XXXX-XXXX-XXXX-XXXXXXXX6717>.<4> client responded to will send request callback with request <private> handle <private>
2023-08-06 07:53:40.009993+1000 0x36cc     Default     0xcefb               389    0    nsurlsessiond: [com.apple.nsurlsessiond:background] NDSession <XXXXXXXX-XXXX-XXXX-XXXX-XXXXXXXXA0DE> Created stream with file descriptor: 8
2023-08-06 07:53:40.010431+1000 0x3697     Default     0xcefb               389    0    nsurlsessiond: (CFNetwork) [com.apple.CFNetwork:ATS] Task <XXXXXXXX-XXXX-XXXX-XXXX-XXXXXXXX6717>.<4> {strength 0, tls 4, sub 0, sig 1, ciphers 0, bundle 1, builtin 0}
2023-08-06 07:53:40.010493+1000 0x3697     Default     0xcefb               389    0    nsurlsessiond: (Network) [com.apple.network:connection] [C14] event: client:connection_reused @0.636s
