2023-03-20 19:16:03.047276+1100 0x3d317    Default     0x0                  6584   7    triald: (ProactiveSupport) [com.apple.triald:server] Connection to com.apple.triald.namespace-management from (null) (6690) was invalidated.
2023-03-20 19:16:03.047283+1100 0x3d9a5    Default     0x0                  6688   0    mediaanalysisd: (libxpc.dylib) [com.apple.xpc.activity:Client] _xpc_activity_register: com.apple.mediaanalysisd.fullanalysis (0x156908e10), 0
2023-03-20 19:16:03.047285+1100 0x3d9a5    Default     0x0                  6688   0    mediaanalysisd: (libxpc.dylib) [com.apple.xpc.activity:Client] xpc_activity_set_criteria: com.apple.mediaanalysisd.fullanalysis (0x156908e10), check-in
2023-03-20 19:16:03.047337+1100 0x3d3a8    Default     0x7d41c              6487   0    tccd: [com.apple.TCC:access] REQUEST: tccd_uid=501, sender_pid=6680, sender_uid=501, sender_auid=501, function=TCCAccessRequest, msgID=6680.1
2023-03-20 19:16:03.047411+1100 0x3d317    Default     0x0                  6584   7    triald: (TrialServer) [com.apple.triald:server] TRIXPCNamespaceManagementRequestHandler 0x1299107f0: begin statusOfDownloadForFactors:(
    "com.apple.siri.asr.assistant.pt_BR"
) withNamespace:SIRI_UNDERSTANDING_ASR_ASSISTANT fstate:(null) qos:21 completion:
2023-03-20 19:16:03.047538+1100 0x3d317    Default     0x0                  0      0    kernel: IOUC AppleKeyStoreUserClient failed MACF in process pid 6584, triald
2023-03-20 19:16:03.047788+1100 0x3d317    Default     0x0                  0      0    kernel: IOUC AppleKeyStoreUserClient failed MACF in process pid 6584, triald
2023-03-20 19:16:03.047877+1100 0x3d317    Default     0x0                  6584   0    triald: (MobileKeyBag) failed to open connection to AppleKeyStore
2023-03-20 19:16:03.047879+1100 0x3d317    Default     0x0                  6584   0    triald: (MobileKeyBag) Unexpected AppleKeyStore error: -536870212
2023-03-20 19:16:03.047901+1100 0x3d317    Default     0x0                  6584   0    triald: (MobileKeyBag) <private>
2023-03-20 19:16:03.047935+1100 0x3d317    Default     0x0                  6584   7    triald: (TrialServer) [com.apple.triald:server] Running server context block with qos: 21
2023-03-20 19:16:03.048471+1100 0x3d586    Default     0x0                  6628   0    dataaccessd: (ApplePushService) [com.apple.apsd:connection] <private> Flushing any queuedDelegateBlocks 0
2023-03-20 19:16:03.048488+1100 0x3d586    Default     0x0                  6628   0    dataaccessd: (ApplePushService) [com.apple.apsd:connection] <private> Flushing any queuedDelegateBlocks 0
2023-03-20 19:16:03.048495+1100 0x3d586    Default     0x0                  6628   0    dataaccessd: (ApplePushService) [com.apple.apsd:connection] <private> Flushing any queuedDelegateBlocks 0
2023-03-20 19:16:03.048959+1100 0x3d9a5    Default     0x0                  6688   0    mediaanalysisd: (libxpc.dylib) [com.apple.xpc.activity:Client] xpc_activity_register: com.apple.mediaanalysisd.photosanalysis, criteria: check-in
2023-03-20 19:16:03.048969+1100 0x3d9a5    Default     0x0                  6688   0    mediaanalysisd: (libxpc.dylib) [com.apple.xpc.activity:Client] _xpc_activity_register: com.apple.mediaanalysisd.photosanalysis (0x155709c40), 0
2023-03-20 19:16:03.048970+1100 0x3d9a5    Default     0x0                  6688   0    mediaanalysisd: (libxpc.dylib) [com.apple.xpc.activity:Client] xpc_activity_set_criteria: com.apple.mediaanalysisd.photosanalysis (0x155709c40), check-in
2023-03-20 19:16:03.048981+1100 0x3d9a5    Default     0x0                  6688   0    mediaanalysisd: (libxpc.dylib) [com.apple.xpc.activity:Client] xpc_activity_register: com.apple.mediaanalysisd.photos.face, criteria: check-in
2023-03-20 19:16:03.048983+1100 0x3d9a5    Default     0x0                  6688   0    mediaanalysisd: (libxpc.dylib) [com.apple.xpc.activity:Client] _xpc_activity_register: com.apple.mediaanalysisd.photos.face (0x155709ec0), 0
2023-03-20 19:16:03.048983+1100 0x3d9a5    Default     0x0                  6688   0    mediaanalysisd: (libxpc.dylib) [com.apple.xpc.activity:Client] xpc_activity_set_criteria: com.apple.mediaanalysisd.photos.face (0x155709ec0), check-in
2023-03-20 19:16:03.048988+1100 0x3d9a5    Default     0x0                  6688   0    mediaanalysisd: (libxpc.dylib) [com.apple.xpc.activity:Client] xpc_activity_register: com.apple.mediaanalysisd.photos.maintenance, criteria: check-in
2023-03-20 19:16:03.048989+1100 0x3d9a5    Default     0x0                  6688   0    mediaanalysisd: (libxpc.dylib) [com.apple.xpc.activity:Client] _xpc_activity_register: com.apple.mediaanalysisd.photos.maintenance (0x15570a190), 0
2023-03-20 19:16:03.048990+1100 0x3d9a5    Default     0x0                  6688   0    mediaanalysisd: (libxpc.dylib) [com.apple.xpc.activity:Client] xpc_activity_set_criteria: com.apple.mediaanalysisd.photos.maintenance (0x15570a190), check-in
2023-03-20 19:16:03.048995+1100 0x3d9a5    Default     0x0                  6688   0    mediaanalysisd: (libxpc.dylib) [com.apple.xpc.activity:Client] xpc_activity_register: com.apple.mediaanalysisd.photos.ocr, criteria: check-in
2023-03-20 19:16:03.048997+1100 0x3d9a5    Default     0x0                  6688   0    mediaanalysisd: (libxpc.dylib) [com.apple.xpc.activity:Client] _xpc_activity_register: com.apple.mediaanalysisd.photos.ocr (0x15570a470), 0
2023-03-20 19:16:03.048997+1100 0x3d9a5    Default     0x0                  6688   0    mediaanalysisd: (libxpc.dylib) [com.apple.xpc.activity:Client] xpc_activity_set_criteria: com.apple.mediaanalysisd.photos.ocr (0x15570a470), check-in
2023-03-20 19:16:03.049578+1100 0x3cd1f    Default     0x7d77a              150    0    runningboardd: (RunningBoard) [com.apple.runningboard:process] [osservice<com.apple.Spotlight(501)>:6521] Ignoring jetsam update because this process is not memory-managed
2023-03-20 19:16:03.049579+1100 0x3cd1f    Default     0x7d77a              150    0    runningboardd: (RunningBoard) [com.apple.runningboard:process] [osservice<com.apple.Spotlight(501)>:6521] Ignoring suspend because this process is not lifecycle managed
2023-03-20 19:16:03.049581+1100 0x3cd1f    Default     0x7d77a              150    0    runningboardd: (RunningBoard) [com.apple.runningboard:process] [osservice<com.apple.Spotlight(501)>:6521] Ignoring GPU update because this process is not GPU managed
2023-03-20 19:16:03.049582+1100 0x3cd1f    Default     0x7d77a              150    0    runningboardd: (RunningBoard) [com.apple.runningboard:process] [osservice<com.apple.Spotlight(501)>:6521] Ignoring memory limit update because this process is not memory-managed
2023-03-20 19:16:03.049584+1100 0x3cd1f    Default     0x7d77a              150    0    runningboardd: (RunningBoard) [com.apple.runningboard:process] [osservice<com.apple.Spotlight(501)>:6521] Skipping AppNap state - not lifecycle managed
2023-03-20 19:16:03.049914+1100 0x3ce03    Activity    0x7c70e              5876   0    sandboxd: request approval
2023-03-20 19:16:03.049945+1100 0x3ce03    Activity    0x7c70f              5876   0    sandboxd: (TCC) tcc_send_request_authorization() IPC
2023-03-20 19:16:03.050182+1100 0x3d9aa    Default     0x0                  6688   0    mediaanalysisd: (libxpc.dylib) [com.apple.xpc.activity:Client] xpc_activity_set_criteria, lower half: com.apple.mediaanalysisd.fullanalysis (0x156908e10), check-in
2023-03-20 19:16:03.050185+1100 0x3d9aa    Default     0x0                  6688   0    mediaanalysisd: (libxpc.dylib) [com.apple.xpc.activity:Client] _xpc_activity_set_criteria: com.apple.mediaanalysisd.fullanalysis (0x156908e10), check-in
2023-03-20 19:16:03.050203+1100 0x3cebc    Default     0x7c70f              6090   0    tccd: [com.apple.TCC:access] REQUEST: tccd_uid=0, sender_pid=5876, sender_uid=0, sender_auid=-1, function=TCCAccessRequest, msgID=5876.139
2023-03-20 19:16:03.050423+1100 0x3d8ed    Default     0x7cf98              6580   0    amsengagementd: (CoreAnalytics) [com.apple.CoreAnalytics:client] Received configuration update from daemon (initial)
2023-03-20 19:16:03.050963+1100 0x3cebc    Default     0x7c70f              6090   0    tccd: [com.apple.TCC:access] AUTHREQ_CTX: msgID=5876.139, function=TCCAccessRequest, service=kTCCServiceSystemPolicyAllFiles, preflight=yes, query=1,
2023-03-20 19:16:03.050987+1100 0x3cebc    Default     0x7c70f              6090   0    tccd: [com.apple.TCC:access] AUTHREQ_ATTRIBUTION: msgID=5876.139, attribution={accessing={TCCDProcess: identifier=com.bitdefender.bddaemon, pid=347, auid=0, euid=0, binary_path=/Applications/Bitdefender/AntivirusforMac.app/Contents/Daemons/BDLDaemon.app/Contents/MacOS/BDLDaemon}, requesting={TCCDProcess: identifier=com.apple.sandboxd, pid=5876, auid=0, euid=0, binary_path=/usr/libexec/sandboxd}, },
2023-03-20 19:16:03.052513+1100 0x3cebc    Default     0x7c70f              6090   0    tccd: [com.apple.TCC:access] AUTHREQ_SUBJECT: msgID=5876.139, subject=com.bitdefender.antivirusformac,
2023-03-20 19:16:03.052924+1100 0x3d9a9    Default     0x0                  6688   0    mediaanalysisd: (libxpc.dylib) [com.apple.xpc.activity:Client] xpc_activity_set_criteria, lower half: com.apple.mediaanalysisd.photos.face (0x155709ec0), check-in
2023-03-20 19:16:03.052965+1100 0x3d9aa    Default     0x0                  6688   0    mediaanalysisd: (libxpc.dylib) [com.apple.xpc.activity:Client] xpc_activity_set_criteria: com.apple.mediaanalysisd.fullanalysis (0x156908e10), setting state now to 0
2023-03-20 19:16:03.052965+1100 0x3d9aa    Default     0x0                  6688   0    mediaanalysisd: (libxpc.dylib) [com.apple.xpc.activity:Client] _xpc_activity_set_state: com.apple.mediaanalysisd.fullanalysis (0x156908e10), 0
2023-03-20 19:16:03.052966+1100 0x3d9aa    Default     0x0                  6688   0    mediaanalysisd: (libxpc.dylib) [com.apple.xpc.activity:Client] __XPC_ACTIVITY_CALLING_HANDLER__: com.apple.mediaanalysisd.fullanalysis (0x156908e10), current state 0, pending state 0
2023-03-20 19:16:03.052982+1100 0x3d9a9    Default     0x0                  6688   0    mediaanalysisd: (libxpc.dylib) [com.apple.xpc.activity:Client] _xpc_activity_set_criteria: com.apple.mediaanalysisd.photos.face (0x155709ec0), check-in
2023-03-20 19:16:03.053166+1100 0x3d157    Default     0x0                  6540   0    iCloudNotificationAgent: (libxpc.dylib) [com.apple.xpc.activity:Client] _xpc_activity_dispatch: lower half, activity name com.apple.ind.cloudfeatures.reload (0x135f0be40), seqno from top half was 0
2023-03-20 19:16:03.053186+1100 0x3d157    Default     0x0                  6540   0    iCloudNotificationAgent: (libxpc.dylib) [com.apple.xpc.activity:Client] _xpc_activity_dispatch: created connection 0x135f251d0 for activity name com.apple.ind.cloudfeatures.reload (0x135f0be40), seqno 0
2023-03-20 19:16:03.053187+1100 0x3d157    Default     0x0                  6540   0    iCloudNotificationAgent: (libxpc.dylib) [com.apple.xpc.activity:Client] _xpc_activity_set_state: com.apple.ind.cloudfeatures.reload (0x135f0be40), 2
2023-03-20 19:16:03.053192+1100 0x3d157    Default     0x0                  6540   0    iCloudNotificationAgent: (libxpc.dylib) [com.apple.xpc.activity:Client] _xpc_activity_set_state: send new state to CTS: com.apple.ind.cloudfeatures.reload (0x135f0be40), 2
2023-03-20 19:16:03.053293+1100 0x3cef3    Default     0x0                  6462   0    UserEventAgent: (com.apple.cts) [com.apple.xpc.activity:Activities] Running XPC Activity (PID 6540): com.apple.ind.cloudfeatures.reload (0x14eb1d610)
2023-03-20 19:16:03.053313+1100 0x3cef3    Default     0x0                  6462   8    UserEventAgent: (DuetActivityScheduler) [com.apple.duetactivityscheduler:client] STARTING: <private>
2023-03-20 19:16:03.053316+1100 0x3cef3    Default     0x0                  6462   0    UserEventAgent: (DuetActivityScheduler) [com.apple.backgroundtasks:framework] Establish daemon connection; interrupted: 0
2023-03-20 19:16:03.053379+1100 0x3d76a    Activity    0x7d6e8              6502   0    suggestd: (TCC) TCCAccessRequest() IPC
2023-03-20 19:16:03.053813+1100 0x3cea3    Default     0x0                  125    8    dasd: [com.apple.duetactivityscheduler:lifecycle] STARTING activity 501:com.apple.ind.cloudfeatures.reload:AA9E71 <private>!
2023-03-20 19:16:03.053844+1100 0x3cea3    Default     0x0                  125    8    dasd: [com.apple.duetactivityscheduler:lifecycle] Activity <private> has preventDeviceSleep 0. PluggedIn state: 1
2023-03-20 19:16:03.053863+1100 0x3cea3    Activity    0x7d614              125    0    dasd: (CoreDuetContext) Duet: ClientContext objectForContextualKeyPath:
2023-03-20 19:16:03.054171+1100 0x3cebc    Activity    0x7d6d2              6090   0    tccd: (Security) SecTrustEvaluateIfNecessary
2023-03-20 19:16:03.054263+1100 0x3d157    Default     0x0                  6540   0    iCloudNotificationAgent: (libxpc.dylib) [com.apple.xpc.activity:Client] _xpc_activity_set_state_from_cts: com.apple.ind.cloudfeatures.reload (0x135f0be40), set activity state to 2
2023-03-20 19:16:03.054264+1100 0x3d157    Default     0x0                  6540   0    iCloudNotificationAgent: (libxpc.dylib) [com.apple.xpc.activity:Client] __XPC_ACTIVITY_CALLING_HANDLER__: com.apple.ind.cloudfeatures.reload (0x135f0be40), current state 2, pending state 0
2023-03-20 19:16:03.054267+1100 0x3cea3    Default     0x0                  125    8    dasd: [com.apple.duetactivityscheduler:lifecycle(activityGroup)] With <private> ...Tasks running in group [com.apple.dasd.defaultNetwork] are 3!
2023-03-20 19:16:03.054273+1100 0x3d157    Default     0x0                  6540   0    iCloudNotificationAgent: (CloudSubscriptionFeatures) [com.apple.CloudSubscriptionFeatures:daemon.controller] new state: activity com.apple.ind.cloudfeatures.reload -> run
2023-03-20 19:16:03.054284+1100 0x3cea3    Default     0x0                  125    8    dasd: [com.apple.duetactivityscheduler:energybudgeting] Started tracking activity <private> for <private>
2023-03-20 19:16:03.054286+1100 0x3d157    Default     0x0                  6540   0    iCloudNotificationAgent: (libxpc.dylib) [com.apple.xpc.activity:Client] __XPC_ACTIVITY_CALLING_HANDLER__ returned from handler: com.apple.ind.cloudfeatures.reload (0x135f0be40), current state 2, pending state 0
2023-03-20 19:16:03.054286+1100 0x3d157    Default     0x0                  6540   0    iCloudNotificationAgent: (libxpc.dylib) [com.apple.xpc.activity:Client] _xpc_activity_set_state: com.apple.ind.cloudfeatures.reload (0x135f0be40), 5
2023-03-20 19:16:03.054293+1100 0x3d157    Default     0x0                  6540   0    iCloudNotificationAgent: (libxpc.dylib) [com.apple.xpc.activity:Client] _xpc_activity_set_state: send new state to CTS: com.apple.ind.cloudfeatures.reload (0x135f0be40), 5
2023-03-20 19:16:03.054306+1100 0x3cea3    Default     0x0                  125    8    dasd: [com.apple.duetactivityscheduler:lifecycle] Activity 501:com.apple.ind.cloudfeatures.reload:AA9E71 has been running for 5.662441253662109e-07 minutes
2023-03-20 19:16:03.054351+1100 0x3cef3    Default     0x0                  6462   0    UserEventAgent: (com.apple.cts) [com.apple.xpc.activity:Activities] Completed XPC Activity: com.apple.ind.cloudfeatures.reload (0x14eb1d610)
2023-03-20 19:16:03.054364+1100 0x3cef3    Default     0x0                  6462   0    UserEventAgent: (DuetActivityScheduler) [com.apple.backgroundtasks:framework] Establish daemon connection; interrupted: 0
2023-03-20 19:16:03.054372+1100 0x3cef3    Default     0x0                  6462   0    UserEventAgent: (DuetActivityScheduler) [com.apple.backgroundtasks:framework] Establish daemon connection; interrupted: 0
2023-03-20 19:16:03.054526+1100 0x3cea3    Default     0x0                  125    8    dasd: [com.apple.duetactivityscheduler:scoring] 501:com.apple.ind.cloudfeatures.reload:AA9E71:[
 ] sumScores:48.720000, denominator:48.920000, FinalDecision: Can Proceed FinalScore: 0.995912}
2023-03-20 19:16:03.054872+1100 0x3cea3    Default     0x0                  125    8    dasd: [com.apple.duetactivityscheduler:lifecycle] COMPLETED 501:com.apple.ind.cloudfeatures.reload:AA9E71 at priority 30 <private>!
2023-03-20 19:16:03.054996+1100 0x3cea3    Default     0x0                  125    8    dasd: [com.apple.duetactivityscheduler:energybudgeting] Stopped tracking activity <private> for <private>
2023-03-20 19:16:03.055012+1100 0x3cea3    Default     0x0                  125    8    dasd: [com.apple.duetactivityscheduler:lifecycle(activityGroup)] NO LONGER RUNNING 501:com.apple.ind.cloudfeatures.reload:AA9E71 ...Tasks running in group [com.apple.dasd.defaultNetwork] are 2!
2023-03-20 19:16:03.055330+1100 0x3d157    Default     0x0                  6540   0    iCloudNotificationAgent: (CloudSubscriptionFeatures) [com.apple.CloudSubscriptionFeatures:daemon.controller] existing cache first feature expiry: <private> next alllowed retry: <private>
2023-03-20 19:16:03.055347+1100 0x3d157    Default     0x0                  6540   0    iCloudNotificationAgent: (CloudSubscriptionFeatures) [com.apple.CloudSubscriptionFeatures:daemon.controller] earliest allowed time to rebuild cache: <private>
2023-03-20 19:16:03.055358+1100 0x3d157    Default     0x0                  6540   0    iCloudNotificationAgent: (CloudSubscriptionFeatures) [com.apple.CloudSubscriptionFeatures:daemon.controller] rebuilding cache deferred to <private>
2023-03-20 19:16:03.055367+1100 0x3d157    Default     0x0                  6540   0    iCloudNotificationAgent: (CloudSubscriptionFeatures) [com.apple.CloudSubscriptionFeatures:daemon.controller] scheduling cache reload in before 49835s (2023-03-20 22:06:38 +0000)
2023-03-20 19:16:03.055377+1100 0x3d157    Default     0x0                  6540   0    iCloudNotificationAgent: (CloudSubscriptionFeatures) [com.apple.CloudSubscriptionFeatures:daemon.controller] activity com.apple.ind.cloudfeatures.reload interval: 39868, delay: 31894, grace: 3987
2023-03-20 19:16:03.055378+1100 0x3d157    Default     0x0                  6540   0    iCloudNotificationAgent: (libxpc.dylib) [com.apple.xpc.activity:Client] xpc_activity_set_criteria: com.apple.ind.cloudfeatures.reload (0x135f0be40), dict
2023-03-20 19:16:03.055388+1100 0x3d157    Default     0x0                  6540   0    iCloudNotificationAgent: (CloudSubscriptionFeatures) [com.apple.CloudSubscriptionFeatures:daemon.controller] run complete
2023-03-20 19:16:03.055415+1100 0x3d157    Default     0x0                  6540   0    iCloudNotificationAgent: (libxpc.dylib) [com.apple.xpc.activity:Client] xpc_activity_set_criteria, lower half: com.apple.ind.cloudfeatures.reload (0x135f0be40), dict
2023-03-20 19:16:03.055433+1100 0x3d157    Default     0x0                  6540   0    iCloudNotificationAgent: (libxpc.dylib) [com.apple.xpc.activity:Client] _xpc_activity_set_criteria: com.apple.ind.cloudfeatures.reload (0x135f0be40), dict
2023-03-20 19:16:03.055434+1100 0x3d157    Default     0x0                  6540   0    iCloudNotificationAgent: (libxpc.dylib) [com.apple.xpc.activity:Client] _xpc_activity_set_criteria: xpc_set_event com.apple.ind.cloudfeatures.reload, 1
2023-03-20 19:16:03.055601+1100 0x3d157    Default     0x0                  6540   0    iCloudNotificationAgent: (libxpc.dylib) [com.apple.xpc.activity:Client] xpc_activity_set_criteria: com.apple.ind.cloudfeatures.reload (0x135f0be40), setting state now to 1
2023-03-20 19:16:03.055602+1100 0x3d157    Default     0x0                  6540   0    iCloudNotificationAgent: (libxpc.dylib) [com.apple.xpc.activity:Client] _xpc_activity_set_state: com.apple.ind.cloudfeatures.reload (0x135f0be40), 1
2023-03-20 19:16:03.055608+1100 0x3d157    Default     0x0                  6540   0    iCloudNotificationAgent: (libxpc.dylib) [com.apple.xpc.activity:Client] _xpc_activity_set_state_from_cts: com.apple.ind.cloudfeatures.reload (0x135f0be40), set activity state to 5
2023-03-20 19:16:03.055609+1100 0x3d157    Default     0x0                  6540   0    iCloudNotificationAgent: (libxpc.dylib) [com.apple.xpc.activity:Client] __xpc_activity_unregister: com.apple.ind.cloudfeatures.reload (0x135f0be40) seqno: 1, (is registered)
2023-03-20 19:16:03.055610+1100 0x3d157    Default     0x0                  6540   0    iCloudNotificationAgent: (libxpc.dylib) [com.apple.xpc.activity:Client] _xpc_activity_unregister: com.apple.ind.cloudfeatures.reload 1, last registration: true
2023-03-20 19:16:03.055688+1100 0x3d9de    Default     0x0                  6688   0    mediaanalysisd: (libxpc.dylib) [com.apple.xpc.activity:Client] xpc_activity_set_criteria, lower half: com.apple.mediaanalysisd.photos.ocr (0x15570a470), check-in
2023-03-20 19:16:03.055721+1100 0x3d9a9    Default     0x0                  6688   0    mediaanalysisd: (libxpc.dylib) [com.apple.xpc.activity:Client] xpc_activity_set_criteria: com.apple.mediaanalysisd.photos.face (0x155709ec0), setting state now to 0
2023-03-20 19:16:03.055722+1100 0x3d9a9    Default     0x0                  6688   0    mediaanalysisd: (libxpc.dylib) [com.apple.xpc.activity:Client] _xpc_activity_set_state: com.apple.mediaanalysisd.photos.face (0x155709ec0), 0
2023-03-20 19:16:03.055723+1100 0x3d9a9    Default     0x0                  6688   0    mediaanalysisd: (libxpc.dylib) [com.apple.xpc.activity:Client] __XPC_ACTIVITY_CALLING_HANDLER__: com.apple.mediaanalysisd.photos.face (0x155709ec0), current state 0, pending state 0
2023-03-20 19:16:03.055739+1100 0x3d9aa    Default     0x0                  6688   0    mediaanalysisd: (libxpc.dylib) [com.apple.xpc.activity:Client] __XPC_ACTIVITY_CALLING_HANDLER__ returned from handler: com.apple.mediaanalysisd.fullanalysis (0x156908e10), current state 0, pending state 0
2023-03-20 19:16:03.055740+1100 0x3d9aa    Default     0x0                  6688   0    mediaanalysisd: (libxpc.dylib) [com.apple.xpc.activity:Client] _xpc_activity_set_state: com.apple.mediaanalysisd.fullanalysis (0x156908e10), 1
2023-03-20 19:16:03.055747+1100 0x3d9aa    Default     0x0                  6688   0    mediaanalysisd: (libxpc.dylib) [com.apple.xpc.activity:Client] xpc_activity_set_criteria, lower half: com.apple.mediaanalysisd.photosanalysis (0x155709c40), check-in
2023-03-20 19:16:03.055751+1100 0x3d9de    Default     0x0                  6688   0    mediaanalysisd: (libxpc.dylib) [com.apple.xpc.activity:Client] _xpc_activity_set_criteria: com.apple.mediaanalysisd.photos.ocr (0x15570a470), check-in
2023-03-20 19:16:03.055999+1100 0x3d9df    Default     0x0                  6688   0    mediaanalysisd: (libxpc.dylib) [com.apple.xpc.activity:Client] xpc_activity_set_criteria, lower half: com.apple.mediaanalysisd.photos.maintenance (0x15570a190), check-in
2023-03-20 19:16:03.056216+1100 0x3d157    Default     0x0                  6540   0    iCloudNotificationAgent: (libxpc.dylib) [com.apple.xpc.activity:Client] _xpc_activity_end_running: com.apple.ind.cloudfeatures.reload (0x135f0be40) seqno: 1.
2023-03-20 19:16:03.056227+1100 0x3d157    Default     0x0                  6540   0    iCloudNotificationAgent: (libxpc.dylib) [com.apple.xpc.activity:Client] _xpc_activity_set_state: send new state to CTS: com.apple.ind.cloudfeatures.reload (0x135f0be40), 1
2023-03-20 19:16:03.056326+1100 0x3d317    Default     0x0                  6584   0    triald: (Trial) [com.apple.trial:_] Acquired managed-directory lock: <private>
2023-03-20 19:16:03.056341+1100 0x3d317    Default     0x0                  6584   0    triald: (Trial) [com.apple.trial:_] Unable to resolve candidate path based on calling process entitlement; falling back on naive access() check.
2023-03-20 19:16:03.056560+1100 0x3d317    Default     0x0                  6584   0    triald: (Trial) [com.apple.trial:_] Acquired managed-directory lock: <private>
2023-03-20 19:16:03.056670+1100 0x3ced3    Default     0x0                  6462   0    UserEventAgent: (com.apple.cts) [com.apple.xpc.activity:Activities] Unregistered XPC Activity on XPC remove event: com.apple.ind.cloudfeatures.reload (0x14eb1d610)
2023-03-20 19:16:03.056922+1100 0x3ced3    Default     0x0                  6462   0    UserEventAgent: (libxpc.dylib) Could not get event name for stream/token: com.apple.xpc.activity/4146: 132: Request for stale data
2023-03-20 19:16:03.056925+1100 0x3ced3    Default     0x0                  6462   0    UserEventAgent: (com.apple.cts) [com.apple.xpc.activity:Internal] Creating XPC Activity on XPC add event: <Unknown>
2023-03-20 19:16:03.056946+1100 0x3ced3    Default     0x0                  6462   0    UserEventAgent: (com.apple.cts) [com.apple.xpc.activity:Internal] Created XPC Activity: <Unknown> (0x14d622d90)
2023-03-20 19:16:03.057106+1100 0x3d9de    Default     0x0                  6688   0    mediaanalysisd: (libxpc.dylib) [com.apple.xpc.activity:Client] xpc_activity_set_criteria: com.apple.mediaanalysisd.photos.ocr (0x15570a470), setting state now to 0
2023-03-20 19:16:03.057107+1100 0x3d9de    Default     0x0                  6688   0    mediaanalysisd: (libxpc.dylib) [com.apple.xpc.activity:Client] _xpc_activity_set_state: com.apple.mediaanalysisd.photos.ocr (0x15570a470), 0
2023-03-20 19:16:03.057108+1100 0x3d9de    Default     0x0                  6688   0    mediaanalysisd: (libxpc.dylib) [com.apple.xpc.activity:Client] __XPC_ACTIVITY_CALLING_HANDLER__: com.apple.mediaanalysisd.photos.ocr (0x15570a470), current state 0, pending state 0
2023-03-20 19:16:03.057113+1100 0x3ced3    Default     0x0                  6462   8    UserEventAgent: (DuetActivityScheduler) [com.apple.duetactivityscheduler:client] SUBMITTING: 501:<Unknown>:1932A1
2023-03-20 19:16:03.057116+1100 0x3ced3    Default     0x0                  6462   0    UserEventAgent: (DuetActivityScheduler) [com.apple.backgroundtasks:framework] Establish daemon connection; interrupted: 0
2023-03-20 19:16:03.057588+1100 0x3ced3    Default     0x0                  6462   0    UserEventAgent: (com.apple.cts) [com.apple.xpc.activity:Activities] Registered XPC Activity: <Unknown> (0x14d622d90)
2023-03-20 19:16:03.058416+1100 0x3d317    Default     0x0                  6584   0    triald: (Trial) [com.apple.trial:_] Released managed-directory lock: <private>
2023-03-20 19:16:03.058582+1100 0x3ced3    Default     0x0                  6462   0    UserEventAgent: (com.apple.cts) [com.apple.xpc.activity:Activities] Unregistered XPC Activity on XPC remove event: <Unknown> (0x14d622d90)
2023-03-20 19:16:03.060890+1100 0x3d9a9    Default     0x0                  6688   0    mediaanalysisd: (libxpc.dylib) [com.apple.xpc.activity:Client] __XPC_ACTIVITY_CALLING_HANDLER__ returned from handler: com.apple.mediaanalysisd.photos.face (0x155709ec0), current state 0, pending state 0
2023-03-20 19:16:03.060902+1100 0x3d9a9    Default     0x0                  6688   0    mediaanalysisd: (libxpc.dylib) [com.apple.xpc.activity:Client] _xpc_activity_set_state: com.apple.mediaanalysisd.photos.face (0x155709ec0), 1
2023-03-20 19:16:03.061040+1100 0x3cea3    Default     0x0                  125    8    dasd: [com.apple.duetactivityscheduler:default] Submitted Activity: 501:<Unknown>:1932A1 at priority 30 (Mon Mar 20 17:03:09 2023 - Mon Mar 20 20:22:30 2023)
2023-03-20 19:16:03.061219+1100 0x3cea3    Default     0x0                  125    8    dasd: [com.apple.duetactivityscheduler:scoring] Activity <private>: Optimal Score 0.4640 at <private> (Valid Until: <private>)
2023-03-20 19:16:03.061552+1100 0x3cea3    Default     0x0                  125    8    dasd: [com.apple.duetactivityscheduler:scoring] 501:<Unknown>:1932A1:[
 ] sumScores:53.720000, denominator:53.920000, FinalDecision: Can Proceed FinalScore: 0.996291}
2023-03-20 19:16:03.061568+1100 0x3cea3    Default     0x0                  125    8    dasd: [com.apple.duetactivityscheduler:scoring] '501:<Unknown>:1932A1' CurrentScore: 0.996291, ThresholdScore: 0.412361 DecisionToRun:1
2023-03-20 19:16:03.061571+1100 0x3cea3    Default     0x0                  125    8    dasd: [com.apple.duetactivityscheduler:default] Running <private> immediately on submission
2023-03-20 19:16:03.061592+1100 0x3cea3    Default     0x0                  125    8    dasd: [com.apple.duetactivityscheduler:lifecycle(activityGroup)] With <private> ...Tasks pre-running in group [com.apple.dasd.defaultNetwork] are 1!
2023-03-20 19:16:03.061626+1100 0x3cea3    Default     0x0                  125    8    dasd: [com.apple.duetactivityscheduler:lifecycle] Running activities : <private>
2023-03-20 19:16:03.062067+1100 0x3cef3    Default     0x0                  6462   8    UserEventAgent: (DuetActivityScheduler) [com.apple.duetactivityscheduler:client] REQUESTING START: 501:<Unknown>:1932A1
2023-03-20 19:16:03.062186+1100 0x3d9aa    Default     0x0                  6688   0    mediaanalysisd: (libxpc.dylib) [com.apple.xpc.activity:Client] _xpc_activity_set_criteria: com.apple.mediaanalysisd.photosanalysis (0x155709c40), check-in
2023-03-20 19:16:03.062402+1100 0x3d156    Default     0x0                  6540   0    iCloudNotificationAgent: (libxpc.dylib) [com.apple.xpc.activity:Client] _xpc_activity_set_state_from_cts: com.apple.ind.cloudfeatures.reload (0x135f0be40), set activity state to 1
2023-03-20 19:16:03.062407+1100 0x3d156    Default     0x0                  6540   0    iCloudNotificationAgent: (libxpc.dylib) [com.apple.xpc.activity:Client] _xpc_activity_dispose: com.apple.ind.cloudfeatures.reload (0x135f0be40) seqno: 1, (not running)
2023-03-20 19:16:03.062412+1100 0x3d645    Activity    0x7b5c9              6643   0    keyboardservicesd: (CloudKit) client/fetch-user-record-id
=@==
2023-03-20 19:16:03.062758+1100 0x3d3a8    Default     0x7d41c              6487   0    tccd: [com.apple.TCC:access] AUTHREQ_CTX: msgID=6680.1, function=<private>, service=kTCCServiceAddressBook, preflight=yes, query=1,
2023-03-20 19:16:03.062770+1100 0x3d3a8    Default     0x7d41c              6487   0    tccd: [com.apple.TCC:access] AUTHREQ_ATTRIBUTION: msgID=6680.1, attribution={requesting={TCCDProcess: identifier=com.apple.gamed, pid=6680, auid=501, euid=501, binary_path=/System/Library/PrivateFrameworks/GameCenterFoundation.framework/Versions/A/gamed}, },
2023-03-20 19:16:03.062785+1100 0x3d3a8    Default     0x7d41c              6487   0    tccd: [com.apple.TCC:access] Granting TCCDProcess: identifier=com.apple.gamed, pid=6680, auid=501, euid=501, binary_path=/System/Library/PrivateFrameworks/GameCenterFoundation.framework/Versions/A/gamed access to kTCCServiceAddressBook via entitlement 'com.apple.private.tcc.allow'
2023-03-20 19:16:03.062787+1100 0x3d3a8    Default     0x7d41c              6487   0    tccd: [com.apple.TCC:access] AUTHREQ_RESULT: msgID=6680.1, authValue=2, authReason=11, authVersion=1, error=(null),
2023-03-20 19:16:03.063001+1100 0x3afbf    Default     0x0                  477    0    filecoordinationd: (Foundation) [com.apple.foundation.filecoordination:presenter] Presenter xxxxxxxx-xxxx-xxxx-xxxx-xxxxxxxxE55B detected non-coordinated event
2023-03-20 19:16:03.063065+1100 0x3d9aa    Default     0x0                  6688   0    mediaanalysisd: (libxpc.dylib) [com.apple.xpc.activity:Client] xpc_activity_set_criteria: com.apple.mediaanalysisd.photosanalysis (0x155709c40), setting state now to 0
2023-03-20 19:16:03.063066+1100 0x3d9aa    Default     0x0                  6688   0    mediaanalysisd: (libxpc.dylib) [com.apple.xpc.activity:Client] _xpc_activity_set_state: com.apple.mediaanalysisd.photosanalysis (0x155709c40), 0
2023-03-20 19:16:03.063067+1100 0x3d9aa    Default     0x0                  6688   0    mediaanalysisd: (libxpc.dylib) [com.apple.xpc.activity:Client] __XPC_ACTIVITY_CALLING_HANDLER__: com.apple.mediaanalysisd.photosanalysis (0x155709c40), current state 0, pending state 0
2023-03-20 19:16:03.063081+1100 0x3d9df    Default     0x0                  6688   0    mediaanalysisd: (libxpc.dylib) [com.apple.xpc.activity:Client] _xpc_activity_set_criteria: com.apple.mediaanalysisd.photos.maintenance (0x15570a190), check-in
2023-03-20 19:16:03.063515+1100 0x3d523    Default     0x7b5c9              6501   0    cloudd: (CloudKitDaemon) [com.apple.cloudkit:OP] Initialized with container 0x120133400. Background: 0, cellular: 1, expensive: 1, QOS: 0x11
=@==
2023-03-20 19:16:03.063824+1100 0x3d9b8    Default     0x0                  6502   0    suggestd: (ProactiveHarvesting) [com.apple.proactive.ProactiveHarvesting:Default] HVConsumerCoordinator: deleteContentWithRequest: consumer count: 0 request: <private>
2023-03-20 19:16:03.063829+1100 0x3d9b8    Default     0x0                  6502   0    suggestd: (CoreSuggestionsInternals) [com.apple.suggestions:suggestions] SGDSuggestManager: deleteDataDerivedFromContentMatchingRequest
2023-03-20 19:16:03.063890+1100 0x3d9b8    Default     0x0                  6502   0    suggestd: (ProactiveHarvesting) [com.apple.proactive.ProactiveHarvesting:Default] HVConsumerCoordinator: deleteContentWithRequest: consumer count: 0 request: <private>
2023-03-20 19:16:03.063891+1100 0x3d9b8    Default     0x0                  6502   0    suggestd: (CoreSuggestionsInternals) [com.apple.suggestions:suggestions] SGDSuggestManager: deleteDataDerivedFromContentMatchingRequest
2023-03-20 19:16:03.063913+1100 0x3d9b8    Default     0x0                  6502   0    suggestd: (ProactiveHarvesting) [com.apple.proactive.ProactiveHarvesting:Default] HVConsumerCoordinator: deleteContentWithRequest: consumer count: 0 request: <private>
2023-03-20 19:16:03.063914+1100 0x3d9b8    Default     0x0                  6502   0    suggestd: (CoreSuggestionsInternals) [com.apple.suggestions:suggestions] SGDSuggestManager: deleteDataDerivedFromContentMatchingRequest
2023-03-20 19:16:03.063934+1100 0x3d9b8    Default     0x0                  6502   0    suggestd: (ProactiveHarvesting) [com.apple.proactive.ProactiveHarvesting:Default] HVConsumerCoordinator: deleteContentWithRequest: consumer count: 1 request: <private>
2023-03-20 19:16:03.063941+1100 0x3d9b8    Default     0x0                  6502   0    suggestd: (CoreSuggestionsInternals) [com.apple.suggestions:suggestions] SGDSuggestManager: deleteDataDerivedFromContentMatchingRequest
2023-03-20 19:16:03.064091+1100 0x3d3a8    Default     0x7d41c              6487   0    tccd: [com.apple.TCC:access] REPLY: (501) function=TCCAccessRequest, msgID=6680.1
2023-03-20 19:16:03.064136+1100 0x3d9df    Default     0x0                  6688   0    mediaanalysisd: (libxpc.dylib) [com.apple.xpc.activity:Client] xpc_activity_set_criteria: com.apple.mediaanalysisd.photos.maintenance (0x15570a190), setting state now to 0
2023-03-20 19:16:03.064137+1100 0x3d9df    Default     0x0                  6688   0    mediaanalysisd: (libxpc.dylib) [com.apple.xpc.activity:Client] _xpc_activity_set_state: com.apple.mediaanalysisd.photos.maintenance (0x15570a190), 0
2023-03-20 19:16:03.064138+1100 0x3d9df    Default     0x0                  6688   0    mediaanalysisd: (libxpc.dylib) [com.apple.xpc.activity:Client] __XPC_ACTIVITY_CALLING_HANDLER__: com.apple.mediaanalysisd.photos.maintenance (0x15570a190), current state 0, pending state 0
2023-03-20 19:16:03.064308+1100 0x3d9b8    Default     0x0                  6502   0    suggestd: (ProactiveHarvesting) [com.apple.proactive.ProactiveHarvesting:Default] HVConsumerCoordinator: deleteContentWithRequest: consumer count: 0 request: <private>
2023-03-20 19:16:03.064309+1100 0x3d9b8    Default     0x0                  6502   0    suggestd: (CoreSuggestionsInternals) [com.apple.suggestions:suggestions] SGDSuggestManager: deleteDataDerivedFromContentMatchingRequest
2023-03-20 19:16:03.064337+1100 0x3d9b8    Default     0x0                  6502   0    suggestd: (ProactiveHarvesting) [com.apple.proactive.ProactiveHarvesting:Default] HVConsumerCoordinator: deleteContentWithRequest: consumer count: 0 request: <private>
2023-03-20 19:16:03.064338+1100 0x3d9b8    Default     0x0                  6502   0    suggestd: (CoreSuggestionsInternals) [com.apple.suggestions:suggestions] SGDSuggestManager: deleteDataDerivedFromContentMatchingRequest
2023-03-20 19:16:03.064423+1100 0x3d9de    Default     0x0                  6688   0    mediaanalysisd: (libxpc.dylib) [com.apple.xpc.activity:Client] __XPC_ACTIVITY_CALLING_HANDLER__ returned from handler: com.apple.mediaanalysisd.photos.ocr (0x15570a470), current state 0, pending state 0
2023-03-20 19:16:03.064424+1100 0x3d9de    Default     0x0                  6688   0    mediaanalysisd: (libxpc.dylib) [com.apple.xpc.activity:Client] _xpc_activity_set_state: com.apple.mediaanalysisd.photos.ocr (0x15570a470), 1
2023-03-20 19:16:03.064562+1100 0x3d9b8    Default     0x0                  6502   0    suggestd: (ProactiveHarvesting) [com.apple.proactive.ProactiveHarvesting:Default] HVConsumerCoordinator: deleteContentWithRequest: consumer count: 0 request: <private>
2023-03-20 19:16:03.064563+1100 0x3d9b8    Default     0x0                  6502   0    suggestd: (CoreSuggestionsInternals) [com.apple.suggestions:suggestions] SGDSuggestManager: deleteDataDerivedFromContentMatchingRequest
2023-03-20 19:16:03.064595+1100 0x3d9b8    Default     0x0                  6502   0    suggestd: (ProactiveHarvesting) [com.apple.proactive.ProactiveHarvesting:Default] HVConsumerCoordinator: deleteContentWithRequest: consumer count: 0 request: <private>
2023-03-20 19:16:03.064596+1100 0x3d9b8    Default     0x0                  6502   0    suggestd: (CoreSuggestionsInternals) [com.apple.suggestions:suggestions] SGDSuggestManager: deleteDataDerivedFromContentMatchingRequest
2023-03-20 19:16:03.064781+1100 0x3d9aa    Default     0x0                  6688   0    mediaanalysisd: (libxpc.dylib) [com.apple.xpc.activity:Client] __XPC_ACTIVITY_CALLING_HANDLER__ returned from handler: com.apple.mediaanalysisd.photosanalysis (0x155709c40), current state 0, pending state 0
2023-03-20 19:16:03.064781+1100 0x3d9aa    Default     0x0                  6688   0    mediaanalysisd: (libxpc.dylib) [com.apple.xpc.activity:Client] _xpc_activity_set_state: com.apple.mediaanalysisd.photosanalysis (0x155709c40), 1
2023-03-20 19:16:03.064844+1100 0x3d9b8    Default     0x0                  6502   0    suggestd: (ProactiveHarvesting) [com.apple.proactive.ProactiveHarvesting:Default] HVConsumerCoordinator: deleteContentWithRequest: consumer count: 0 request: <private>
2023-03-20 19:16:03.064845+1100 0x3d9b8    Default     0x0                  6502   0    suggestd: (CoreSuggestionsInternals) [com.apple.suggestions:suggestions] SGDSuggestManager: deleteDataDerivedFromContentMatchingRequest
2023-03-20 19:16:03.064868+1100 0x3d9b8    Default     0x0                  6502   0    suggestd: (ProactiveHarvesting) [com.apple.proactive.ProactiveHarvesting:Default] HVConsumerCoordinator: deleteContentWithRequest: consumer count: 0 request: <private>
2023-03-20 19:16:03.064869+1100 0x3d9b8    Default     0x0                  6502   0    suggestd: (CoreSuggestionsInternals) [com.apple.suggestions:suggestions] SGDSuggestManager: deleteDataDerivedFromContentMatchingRequest
2023-03-20 19:16:03.064887+1100 0x3d9b8    Default     0x0                  6502   0    suggestd: (ProactiveHarvesting) [com.apple.proactive.ProactiveHarvesting:Default] HVConsumerCoordinator: deleteContentWithRequest: consumer count: 0 request: <private>
2023-03-20 19:16:03.064888+1100 0x3d9b8    Default     0x0                  6502   0    suggestd: (CoreSuggestionsInternals) [com.apple.suggestions:suggestions] SGDSuggestManager: deleteDataDerivedFromContentMatchingRequest
2023-03-20 19:16:03.064906+1100 0x3d9b8    Default     0x0                  6502   0    suggestd: (ProactiveHarvesting) [com.apple.proactive.ProactiveHarvesting:Default] HVConsumerCoordinator: deleteContentWithRequest: consumer count: 1 request: <private>
2023-03-20 19:16:03.064908+1100 0x3d9b8    Default     0x0                  6502   0    suggestd: (CoreSuggestionsInternals) [com.apple.suggestions:suggestions] SGDSuggestManager: deleteDataDerivedFromContentMatchingRequest
2023-03-20 19:16:03.064927+1100 0x3d9b8    Default     0x0                  6502   0    suggestd: (ProactiveHarvesting) [com.apple.proactive.ProactiveHarvesting:Default] HVConsumerCoordinator: deleteContentWithRequest: consumer count: 0 request: <private>
2023-03-20 19:16:03.064928+1100 0x3d9b8    Default     0x0                  6502   0    suggestd: (CoreSuggestionsInternals) [com.apple.suggestions:suggestions] SGDSuggestManager: deleteDataDerivedFromContentMatchingRequest
2023-03-20 19:16:03.065064+1100 0x3d9df    Default     0x0                  6688   0    mediaanalysisd: (libxpc.dylib) [com.apple.xpc.activity:Client] __XPC_ACTIVITY_CALLING_HANDLER__ returned from handler: com.apple.mediaanalysisd.photos.maintenance (0x15570a190), current state 0, pending state 0
2023-03-20 19:16:03.065065+1100 0x3d9df    Default     0x0                  6688   0    mediaanalysisd: (libxpc.dylib) [com.apple.xpc.activity:Client] _xpc_activity_set_state: com.apple.mediaanalysisd.photos.maintenance (0x15570a190), 1
2023-03-20 19:16:03.065602+1100 0x3d9b8    Default     0x0                  6502   0    suggestd: (ProactiveHarvesting) [com.apple.proactive.ProactiveHarvesting:Default] HVConsumerCoordinator: deleteContentWithRequest: consumer count: 0 request: <private>
2023-03-20 19:16:03.065604+1100 0x3d9b8    Default     0x0                  6502   0    suggestd: (CoreSuggestionsInternals) [com.apple.suggestions:suggestions] SGDSuggestManager: deleteDataDerivedFromContentMatchingRequest
2023-03-20 19:16:03.065635+1100 0x3d9b8    Default     0x0                  6502   0    suggestd: (ProactiveHarvesting) [com.apple.proactive.ProactiveHarvesting:Default] HVConsumerCoordinator: deleteContentWithRequest: consumer count: 0 request: <private>
2023-03-20 19:16:03.065636+1100 0x3d9b8    Default     0x0                  6502   0    suggestd: (CoreSuggestionsInternals) [com.apple.suggestions:suggestions] SGDSuggestManager: deleteDataDerivedFromContentMatchingRequest
2023-03-20 19:16:03.065661+1100 0x3d9b8    Default     0x0                  6502   0    suggestd: (ProactiveHarvesting) [com.apple.proactive.ProactiveHarvesting:Default] HVConsumerCoordinator: deleteContentWithRequest: consumer count: 0 request: <private>
2023-03-20 19:16:03.065662+1100 0x3d9b8    Default     0x0                  6502   0    suggestd: (CoreSuggestionsInternals) [com.apple.suggestions:suggestions] SGDSuggestManager: deleteDataDerivedFromContentMatchingRequest
2023-03-20 19:16:03.065844+1100 0x3d9c8    Default     0x0                  6502   0    suggestd: (libxpc.dylib) [com.apple.xpc.activity:Client] xpc_activity_set_criteria: com.apple.suggestd.trim (0x1397313e0), setting state now to 0
2023-03-20 19:16:03.065845+1100 0x3d9c8    Default     0x0                  6502   0    suggestd: (libxpc.dylib) [com.apple.xpc.activity:Client] _xpc_activity_set_state: com.apple.suggestd.trim (0x1397313e0), 0
2023-03-20 19:16:03.065846+1100 0x3d9c8    Default     0x0                  6502   0    suggestd: (libxpc.dylib) [com.apple.xpc.activity:Client] __XPC_ACTIVITY_CALLING_HANDLER__: com.apple.suggestd.trim (0x1397313e0), current state 0, pending state 0
2023-03-20 19:16:03.065926+1100 0x3d9b8    Default     0x0                  6502   0    suggestd: (ProactiveHarvesting) [com.apple.proactive.ProactiveHarvesting:Default] HVConsumerCoordinator: deleteContentWithRequest: consumer count: 0 request: <private>
2023-03-20 19:16:03.065928+1100 0x3d9b8    Default     0x0                  6502   0    suggestd: (CoreSuggestionsInternals) [com.apple.suggestions:suggestions] SGDSuggestManager: deleteDataDerivedFromContentMatchingRequest
2023-03-20 19:16:03.065936+1100 0x3d9b8    Default     0x0                  6502   0    suggestd: (CoreSuggestionsInternals) [com.apple.suggestions:suggestions] SGCoalescingDropbox SGDSuggestManager-purgeDeletionDropBox unable to extend transaction TTL.
2023-03-20 19:16:03.065953+1100 0x3d9b8    Default     0x0                  6502   0    suggestd: (ProactiveHarvesting) [com.apple.proactive.ProactiveHarvesting:Default] HVConsumerCoordinator: deleteContentWithRequest: consumer count: 0 request: <private>
2023-03-20 19:16:03.065953+1100 0x3d9b8    Default     0x0                  6502   0    suggestd: (CoreSuggestionsInternals) [com.apple.suggestions:suggestions] SGDSuggestManager: deleteDataDerivedFromContentMatchingRequest
2023-03-20 19:16:03.065960+1100 0x3d9b8    Default     0x0                  6502   0    suggestd: (CoreSuggestionsInternals) [com.apple.suggestions:suggestions] SGCoalescingDropbox SGDSuggestManager-purgeDeletionDropBox unable to extend transaction TTL.
==@= // DropBox
2023-03-20 19:16:03.065997+1100 0x3d9b8    Default     0x0                  6502   0    suggestd: (libxpc.dylib) [com.apple.xpc.activity:Client] xpc_activity_set_criteria, lower half: com.apple.suggestd.identityanalysis (0x139731ba0), check-in
2023-03-20 19:16:03.066089+1100 0x3d9b8    Default     0x0                  6502   0    suggestd: (libxpc.dylib) [com.apple.xpc.activity:Client] _xpc_activity_set_criteria: com.apple.suggestd.identityanalysis (0x139731ba0), check-in
2023-03-20 19:16:03.066196+1100 0x3d913    Activity    0x7d41f              6680   0    gamed: (TCC) tcc_send_request_authorization() IPC
2023-03-20 19:16:03.066859+1100 0x3d9b8    Default     0x0                  6502   0    suggestd: (libxpc.dylib) [com.apple.xpc.activity:Client] xpc_activity_set_criteria: com.apple.suggestd.identityanalysis (0x139731ba0), setting state now to 0
2023-03-20 19:16:03.066860+1100 0x3d9b8    Default     0x0                  6502   0    suggestd: (libxpc.dylib) [com.apple.xpc.activity:Client] _xpc_activity_set_state: com.apple.suggestd.identityanalysis (0x139731ba0), 0
2023-03-20 19:16:03.066861+1100 0x3d9b8    Default     0x0                  6502   0    suggestd: (libxpc.dylib) [com.apple.xpc.activity:Client] __XPC_ACTIVITY_CALLING_HANDLER__: com.apple.suggestd.identityanalysis (0x139731ba0), current state 0, pending state 0
2023-03-20 19:16:03.066905+1100 0x3d9b7    Default     0x0                  6502   0    suggestd: (libxpc.dylib) [com.apple.xpc.activity:Client] xpc_activity_set_criteria, lower half: com.apple.suggestd.sendrtc (0x139731e30), check-in
2023-03-20 19:16:03.066925+1100 0x3d9c8    Default     0x0                  6502   0    suggestd: (libxpc.dylib) [com.apple.xpc.activity:Client] __XPC_ACTIVITY_CALLING_HANDLER__ returned from handler: com.apple.suggestd.trim (0x1397313e0), current state 0, pending state 0
2023-03-20 19:16:03.066926+1100 0x3d9c8    Default     0x0                  6502   0    suggestd: (libxpc.dylib) [com.apple.xpc.activity:Client] _xpc_activity_set_state: com.apple.suggestd.trim (0x1397313e0), 1
2023-03-20 19:16:03.066930+1100 0x3d9c8    Default     0x0                  6502   0    suggestd: (libxpc.dylib) [com.apple.xpc.activity:Client] _xpc_activity_dispatch: lower half, activity name com.apple.suggestd.trim (0x1397313e0), seqno from top half was 0
2023-03-20 19:16:03.066952+1100 0x3d9c8    Default     0x0                  6502   0    suggestd: (libxpc.dylib) [com.apple.xpc.activity:Client] _xpc_activity_dispatch: created connection 0x139626c30 for activity name com.apple.suggestd.trim (0x1397313e0), seqno 0
2023-03-20 19:16:03.066952+1100 0x3d9c8    Default     0x0                  6502   0    suggestd: (libxpc.dylib) [com.apple.xpc.activity:Client] _xpc_activity_set_state: com.apple.suggestd.trim (0x1397313e0), 2
2023-03-20 19:16:03.066955+1100 0x3d9c8    Default     0x0                  6502   0    suggestd: (libxpc.dylib) [com.apple.xpc.activity:Client] _xpc_activity_set_state: send new state to CTS: com.apple.suggestd.trim (0x1397313e0), 2
2023-03-20 19:16:03.067046+1100 0x3cef3    Default     0x0                  6462   0    UserEventAgent: (com.apple.cts) [com.apple.xpc.activity:Activities] Running XPC Activity (PID 6502): com.apple.suggestd.trim (0x14ec110a0)
2023-03-20 19:16:03.067057+1100 0x3cef3    Default     0x0                  6462   8    UserEventAgent: (DuetActivityScheduler) [com.apple.duetactivityscheduler:client] STARTING: <private>
2023-03-20 19:16:03.067061+1100 0x3cef3    Default     0x0                  6462   0    UserEventAgent: (DuetActivityScheduler) [com.apple.backgroundtasks:framework] Establish daemon connection; interrupted: 0
2023-03-20 19:16:03.067172+1100 0x3d317    Default     0x0                  6584   0    triald: (Trial) [com.apple.trial:_] Released managed-directory lock: <private>
2023-03-20 19:16:03.067376+1100 0x3d3a8    Default     0x7d41f              6487   0    tccd: [com.apple.TCC:access] REQUEST: tccd_uid=501, sender_pid=6680, sender_uid=501, sender_auid=501, function=TCCAccessRequest, msgID=6680.2
2023-03-20 19:16:03.067452+1100 0x3cd14    Default     0x0                  125    8    dasd: [com.apple.duetactivityscheduler:lifecycle] STARTING activity 501:com.apple.suggestd.trim:82C7DD <private>!
2023-03-20 19:16:03.067479+1100 0x3cd14    Default     0x0                  125    8    dasd: [com.apple.duetactivityscheduler:lifecycle] Activity <private> has preventDeviceSleep 0. PluggedIn state: 1
2023-03-20 19:16:03.067502+1100 0x3cd14    Activity    0x7d615              125    0    dasd: (CoreDuetContext) Duet: ClientContext objectForContextualKeyPath:
2023-03-20 19:16:03.067892+1100 0x3cd14    Default     0x0                  125    8    dasd: [com.apple.duetactivityscheduler:lifecycle(activityGroup)] With <private> ...Tasks running in group [<private>] are 1!
2023-03-20 19:16:03.067910+1100 0x3cd14    Default     0x0                  125    8    dasd: [com.apple.duetactivityscheduler:energybudgeting] Started tracking activity <private> for <private>
2023-03-20 19:16:03.067930+1100 0x3cd14    Default     0x0                  125    8    dasd: [com.apple.duetactivityscheduler:lifecycle] Activity 501:com.apple.suggestd.trim:82C7DD has been running for 5.344549814860026e-07 minutes
