2023-08-06 07:53:40.010524+1000 0x3697     Info        0xcefb               389    0    nsurlsessiond: (Network) [com.apple.network:connection] nw_endpoint_handler_report_connection_idle [C14 IPv6#*****366.443 ready parent-flow (satisfied (Path is satisfied), interface: en1[XXX.11], ipv4, ipv6, dns)] Reporting connection not idle to protocols
2023-08-06 07:53:40.010536+1000 0x3697     Info        0xcefb               389    0    nsurlsessiond: (Network) [com.apple.network:connection] nw_flow_passthrough_notify [C14.1.1.1 IPv6#*****366.443 ready socket-flow (satisfied (Path is satisfied), viable, interface: en1[XXX.11], ipv4, ipv6, dns)] received notification connection_idle
2023-08-06 07:53:40.010604+1000 0x36fc     Default     0x9149               495    7    triald: (TrialServer) [com.apple.triald:server] Received RolloutNotification with CKRecordID <CKRecordID: 0x******f80; recordName=XXXXXXXX-XXXX-XXXX-XXXX-XXXXXXXX7cc6, zoneID=_defaultZone:__defaultOwner__>
2023-08-06 07:53:40.010751+1000 0x36fc     Default     0x9149               495    7    triald: (TrialServer) [com.apple.triald:server] Received RolloutNotification with CKRecordID <CKRecordID: 0x******c90; recordName=XXXXXXXX-XXXX-XXXX-XXXX-XXXXXXXXf60d, zoneID=_defaultZone:__defaultOwner__>
2023-08-06 07:53:40.010754+1000 0x3697     Default     0xcefb               389    0    nsurlsessiond: (CFNetwork) Task <XXXXXXXX-XXXX-XXXX-XXXX-XXXXXXXX6717>.<4> TAKING power assertion.
2023-08-06 07:53:40.010769+1000 0x3697     Default     0xcefb               389    0    nsurlsessiond: (CFNetwork) Connection 14: working for activity <private>
2023-08-06 07:53:40.010778+1000 0x3697     Default     0xcefb               389    0    nsurlsessiond: (CFNetwork) Connection 14: working for activity <private>
2023-08-06 07:53:40.010904+1000 0x3697     Default     0xcefb               389    0    nsurlsessiond: (CFNetwork) Task <XXXXXXXX-XXXX-XXXX-XXXX-XXXXXXXX6717>.<4> now using Connection 14
2023-08-06 07:53:40.010915+1000 0x3697     Default     0xcefb               389    0    nsurlsessiond: (Network) [com.apple.network:activity] [C14] event: client:start_activity @0.636s, activity <nw_activity 0:0[XXXXXXXX-XXXX-XXXX-XXXX-XXXXXXXXFC02] (lightweight) (reporting strategy default)>
2023-08-06 07:53:40.010972+1000 0x36f7     Info        0xcee6               181    0    runningboardd: (RunningBoard) [com.apple.runningboard:assertion] Processing invalidation queue with 1 assertions
2023-08-06 07:53:40.010979+1000 0x36f7     Info        0xcee6               181    0    runningboardd: (RunningBoard) [com.apple.runningboard:assertion] Removing 1 assertions
2023-08-06 07:53:40.011025+1000 0x36f7     Activity    0xcee7               181    0    runningboardd: (RunningBoard) state update
2023-08-06 07:53:40.011077+1000 0x36fc     Default     0x9149               495    7    triald: (TrialServer) [com.apple.triald:server] Received RolloutNotification with CKRecordID <CKRecordID: 0x******f60; recordName=XXXXXXXX-XXXX-XXXX-XXXX-XXXXXXXX19eb, zoneID=_defaultZone:__defaultOwner__>
2023-08-06 07:53:40.011183+1000 0x36f7     Info        0xcee7               181    0    runningboardd: (RunningBoard) [com.apple.runningboard:assertion] Removing 0 assertions
2023-08-06 07:53:40.011213+1000 0x36f7     Info        0xcee6               181    0    runningboardd: (RunningBoard) [com.apple.runningboard:assertion] osservice<com.apple.Finder(501)> is now targeted by 4 assertions
2023-08-06 07:53:40.011231+1000 0x36f7     Activity    0xcee8               181    0    runningboardd: (RunningBoard) state notification
2023-08-06 07:53:40.011393+1000 0x36fc     Default     0x9149               495    7    triald: (TrialServer) [com.apple.triald:server] Received RolloutNotification with CKRecordID <CKRecordID: 0x******c10; recordName=XXXXXXXX-XXXX-XXXX-XXXX-XXXXXXXX69dd, zoneID=_defaultZone:__defaultOwner__>
2023-08-06 07:53:40.011477+1000 0x36f7     Default     0xcee8               181    0    runningboardd: (RunningBoard) [com.apple.runningboard:process] [osservice<com.apple.Finder(501)>:452] Ignoring jetsam update because this process is not memory-managed
2023-08-06 07:53:40.011479+1000 0x36f7     Default     0xcee8               181    0    runningboardd: (RunningBoard) [com.apple.runningboard:process] [osservice<com.apple.Finder(501)>:452] Ignoring suspend because this process is not lifecycle managed
2023-08-06 07:53:40.011481+1000 0x36f7     Default     0xcee8               181    0    runningboardd: (RunningBoard) [com.apple.runningboard:process] [osservice<com.apple.Finder(501)>:452] Ignoring GPU update because this process is not GPU managed
2023-08-06 07:53:40.011483+1000 0x36f7     Info        0xcee8               181    0    runningboardd: (RunningBoard) [com.apple.runningboard:process] [osservice<com.apple.Finder(501)>:452] Ignoring CPU limits because this process is not CPU limit managed
2023-08-06 07:53:40.011484+1000 0x36f7     Default     0xcee8               181    0    runningboardd: (RunningBoard) [com.apple.runningboard:process] [osservice<com.apple.Finder(501)>:452] Ignoring memory limit update because this process is not memory-managed
2023-08-06 07:53:40.011488+1000 0x36f7     Default     0xcee8               181    0    runningboardd: (RunningBoard) [com.apple.runningboard:process] [osservice<com.apple.Finder(501)>:452] Skipping AppNap state - not lifecycle managed
2023-08-06 07:53:40.011518+1000 0x36f8     Info        0xcee8               181    0    runningboardd: (RunningBoard) [com.apple.runningboard:connection] Current inheritances: {(
    <RBSInheritance| environment:(none) name:com.apple.launchservices.userfacing origID:XXX-XXX-109>
)}
2023-08-06 07:53:40.011983+1000 0x36fc     Default     0x9149               495    7    triald: (TrialServer) [com.apple.triald:server] Received RolloutNotification with CKRecordID <CKRecordID: 0x******a90; recordName=XXXXXXXX-XXXX-XXXX-XXXX-XXXXXXXX33c4, zoneID=_defaultZone:__defaultOwner__>
2023-08-06 07:53:40.012252+1000 0x3697     Default     0x0                  389    0    nsurlsessiond: (CFNetwork) Task <XXXXXXXX-XXXX-XXXX-XXXX-XXXXXXXX6717>.<4> sent request, body S 677
2023-08-06 07:53:40.012486+1000 0x36fc     Default     0x9149               495    7    triald: (TrialServer) [com.apple.triald:server] Received RolloutNotification with CKRecordID <CKRecordID: 0x******c70; recordName=XXXXXXXX-XXXX-XXXX-XXXX-XXXXXXXXac82, zoneID=_defaultZone:__defaultOwner__>
2023-08-06 07:53:40.013031+1000 0x36fc     Default     0x9149               495    7    triald: (TrialServer) [com.apple.triald:server] Received RolloutNotification with CKRecordID <CKRecordID: 0x******ac0; recordName=XXXXXXXX-XXXX-XXXX-XXXX-XXXXXXXX053b, zoneID=_defaultZone:__defaultOwner__>
2023-08-06 07:53:40.013657+1000 0x36fc     Default     0x9149               495    7    triald: (TrialServer) [com.apple.triald:server] Received RolloutNotification with CKRecordID <CKRecordID: 0x******e00; recordName=XXXXXXXX-XXXX-XXXX-XXXX-XXXXXXXX8770, zoneID=_defaultZone:__defaultOwner__>
2023-08-06 07:53:40.014093+1000 0x36fc     Default     0x9149               495    7    triald: (TrialServer) [com.apple.triald:server] Received RolloutNotification with CKRecordID <CKRecordID: 0x******bf0; recordName=XXXXXXXX-XXXX-XXXX-XXXX-XXXXXXXX771b, zoneID=_defaultZone:__defaultOwner__>
2023-08-06 07:53:40.014573+1000 0x36fc     Default     0x9149               495    7    triald: (TrialServer) [com.apple.triald:server] Received RolloutNotification with CKRecordID <CKRecordID: 0x******7b0; recordName=XXXXXXXX-XXXX-XXXX-XXXX-XXXXXXXX99e8, zoneID=_defaultZone:__defaultOwner__>
2023-08-06 07:53:40.015184+1000 0x36fc     Default     0x9149               495    7    triald: (TrialServer) [com.apple.triald:server] Received RolloutNotification with CKRecordID <CKRecordID: 0x******ba0; recordName=XXXXXXXX-XXXX-XXXX-XXXX-XXXXXXXX8bfa, zoneID=_defaultZone:__defaultOwner__>
2023-08-06 07:53:40.015714+1000 0x36fc     Default     0x9149               495    7    triald: (TrialServer) [com.apple.triald:server] Received RolloutNotification with CKRecordID <CKRecordID: 0x******ae0; recordName=XXXXXXXX-XXXX-XXXX-XXXX-XXXXXXXXe837, zoneID=_defaultZone:__defaultOwner__>
2023-08-06 07:53:40.016185+1000 0x36fc     Default     0x9149               495    7    triald: (TrialServer) [com.apple.triald:server] Received RolloutNotification with CKRecordID <CKRecordID: 0x******6f0; recordName=XXXXXXXX-XXXX-XXXX-XXXX-XXXXXXXXc444, zoneID=_defaultZone:__defaultOwner__>
2023-08-06 07:53:40.016659+1000 0x36fc     Default     0x9149               495    7    triald: (TrialServer) [com.apple.triald:server] Received RolloutNotification with CKRecordID <CKRecordID: 0x******040; recordName=XXXXXXXX-XXXX-XXXX-XXXX-XXXXXXXXe8ba, zoneID=_defaultZone:__defaultOwner__>
2023-08-06 07:53:40.017165+1000 0x36fc     Default     0x9149               495    7    triald: (TrialServer) [com.apple.triald:server] Received RolloutNotification with CKRecordID <CKRecordID: 0x******540; recordName=XXXXXXXX-XXXX-XXXX-XXXX-XXXXXXXX58fa, zoneID=_defaultZone:__defaultOwner__>
2023-08-06 07:53:40.017741+1000 0x36fc     Default     0x9149               495    7    triald: (TrialServer) [com.apple.triald:server] Received RolloutNotification with CKRecordID <CKRecordID: 0x******ff0; recordName=XXXXXXXX-XXXX-XXXX-XXXX-XXXXXXXX48f2, zoneID=_defaultZone:__defaultOwner__>
2023-08-06 07:53:40.068089+1000 0x3697     Default     0x0                  389    0    nsurlsessiond: (CFNetwork) Task <XXXXXXXX-XXXX-XXXX-XXXX-XXXXXXXX6717>.<4> received response, status 200 content K
2023-08-06 07:53:40.068416+1000 0x36ce     Default     0xcefb               389    0    nsurlsessiond: [com.apple.nsurlsessiond:background] NDSession <XXXXXXXX-XXXX-XXXX-XXXX-XXXXXXXXA0DE> Task <XXXXXXXX-XXXX-XXXX-XXXX-XXXXXXXX6717>.<4> didReceiveResponse: <private>, status code: 200
2023-08-06 07:53:40.070087+1000 0x36da     Info        0x0                  510    0    com.apple.WebKit.Networking: (Network) [com.apple.network:connection] nw_association_schedule_deactivation_block_invoke <nw_association Hostname#*****ccb:443> becoming dormant
2023-08-06 07:53:40.070236+1000 0x36da     Info        0x0                  510    0    com.apple.WebKit.Networking: (Network) [com.apple.network:connection] nw_association_schedule_deactivation_block_invoke <nw_association Hostname#*****ccb:443> becoming dormant
2023-08-06 07:53:40.070317+1000 0x36da     Info        0x0                  510    0    com.apple.WebKit.Networking: (Network) [com.apple.network:connection] nw_association_schedule_deactivation_block_invoke <nw_association IPv6#*****89b.443> becoming dormant
2023-08-06 07:53:40.073316+1000 0x36ef     Default     0xcefc               417    0    cloudd: (CloudKitDaemon) [com.apple.cloudkit:Request] req: XXXXXXXX-XXXX-XXXX-XXXX-XXXXXXXX0513, "Received response UUID:XXXXXXXX-XXXX-XXXX-XXXX-XXXXXXXX0513, status:200, responseDisposition:1"
2023-08-06 07:53:40.073523+1000 0x36cc     Default     0xcefb               389    0    nsurlsessiond: [com.apple.nsurlsessiond:background] NDSession <XXXXXXXX-XXXX-XXXX-XXXX-XXXXXXXXA0DE> Task <XXXXXXXX-XXXX-XXXX-XXXX-XXXXXXXX6717>.<4> client responded to didReceiveResponse with disposition 1
2023-08-06 07:53:40.073642+1000 0x36ce     Default     0xcefb               389    0    nsurlsessiond: [com.apple.nsurlsessiond:background] NDSession <XXXXXXXX-XXXX-XXXX-XXXX-XXXXXXXXA0DE> Task <XXXXXXXX-XXXX-XXXX-XXXX-XXXXXXXX6717>.<4> did receive data (153267 of -1 total bytes)
2023-08-06 07:53:40.073936+1000 0x36ed     Info        0xcefc               417    0    cloudd: (CloudKitDaemon) [com.apple.cloudkit:TrafficBinary] <private>
2023-08-06 07:53:40.074190+1000 0x36ed     Default     0xcefc               417    0    cloudd: (CloudKitDaemon) [com.apple.cloudkit:Request] req: XXXXXXXX-XXXX-XXXX-XXXX-XXXXXXXX0513, "URLSession:dataTask:didReceiveData: 153267 bytes"
2023-08-06 07:53:40.074426+1000 0x36ee     Info        0xcefc               417    0    cloudd: (CloudKitDaemon) [com.apple.cloudkit:TrafficBinary] <private>
2023-08-06 07:53:40.077306+1000 0x36ee     Info        0xcefc               417    0    cloudd: (CloudKitDaemon) [com.apple.cloudkit:TrafficBinary] <private>
2023-08-06 07:53:40.077352+1000 0x36ee     Info        0xcefc               417    0    cloudd: (CloudKitDaemon) [com.apple.cloudkit:TrafficBinary] <private>
2023-08-06 07:53:40.077391+1000 0x36ee     Info        0xcefc               417    0    cloudd: (CloudKitDaemon) [com.apple.cloudkit:TrafficBinary] <private>
2023-08-06 07:53:40.077428+1000 0x36ee     Info        0xcefc               417    0    cloudd: (CloudKitDaemon) [com.apple.cloudkit:TrafficBinary] <private>
2023-08-06 07:53:40.077465+1000 0x36ee     Info        0xcefc               417    0    cloudd: (CloudKitDaemon) [com.apple.cloudkit:TrafficBinary] <private>
2023-08-06 07:53:40.077502+1000 0x36ee     Info        0xcefc               417    0    cloudd: (CloudKitDaemon) [com.apple.cloudkit:TrafficBinary] <private>
2023-08-06 07:53:40.077538+1000 0x36ee     Info        0xcefc               417    0    cloudd: (CloudKitDaemon) [com.apple.cloudkit:TrafficBinary] <private>
2023-08-06 07:53:40.089847+1000 0x36cc     Default     0xcefb               389    0    nsurlsessiond: [com.apple.nsurlsessiond:background] NDSession <XXXXXXXX-XXXX-XXXX-XXXX-XXXXXXXXA0DE> Task <XXXXXXXX-XXXX-XXXX-XXXX-XXXXXXXX6717>.<4> did receive data (158157 of -1 total bytes)
2023-08-06 07:53:40.090298+1000 0x36ed     Default     0xcefc               417    0    cloudd: (CloudKitDaemon) [com.apple.cloudkit:Request] req: XXXXXXXX-XXXX-XXXX-XXXX-XXXXXXXX0513, "URLSession:dataTask:didReceiveData: 4890 bytes"
2023-08-06 07:53:40.090487+1000 0x36ef     Info        0xcefc               417    0    cloudd: (CloudKitDaemon) [com.apple.cloudkit:TrafficBinary] <private>
2023-08-06 07:53:40.090557+1000 0x3697     Default     0xcefb               389    0    nsurlsessiond: [com.apple.nsurlsessiond:background] NDSession <XXXXXXXX-XXXX-XXXX-XXXX-XXXXXXXXA0DE> Task <XXXXXXXX-XXXX-XXXX-XXXX-XXXXXXXX6717>.<4> did receive data (361548 of -1 total bytes)
2023-08-06 07:53:40.091056+1000 0x36ed     Default     0xcefc               417    0    cloudd: (CloudKitDaemon) [com.apple.cloudkit:Request] req: XXXXXXXX-XXXX-XXXX-XXXX-XXXXXXXX0513, "URLSession:dataTask:didReceiveData: 203391 bytes"
2023-08-06 07:53:40.094906+1000 0x36ee     Info        0xcefc               417    0    cloudd: (CloudKitDaemon) [com.apple.cloudkit:TrafficBinary] <private>
2023-08-06 07:53:40.094951+1000 0x36ee     Info        0xcefc               417    0    cloudd: (CloudKitDaemon) [com.apple.cloudkit:TrafficBinary] <private>
2023-08-06 07:53:40.094989+1000 0x36ee     Info        0xcefc               417    0    cloudd: (CloudKitDaemon) [com.apple.cloudkit:TrafficBinary] <private>
2023-08-06 07:53:40.095050+1000 0x36ee     Info        0xcefc               417    0    cloudd: (CloudKitDaemon) [com.apple.cloudkit:TrafficBinary] <private>
2023-08-06 07:53:40.095100+1000 0x36ee     Info        0xcefc               417    0    cloudd: (CloudKitDaemon) [com.apple.cloudkit:TrafficBinary] <private>
2023-08-06 07:53:40.095138+1000 0x36ee     Info        0xcefc               417    0    cloudd: (CloudKitDaemon) [com.apple.cloudkit:TrafficBinary] <private>
2023-08-06 07:53:40.095202+1000 0x36ee     Info        0xcefc               417    0    cloudd: (CloudKitDaemon) [com.apple.cloudkit:TrafficBinary] <private>
2023-08-06 07:53:40.095263+1000 0x36ee     Info        0xcefc               417    0    cloudd: (CloudKitDaemon) [com.apple.cloudkit:TrafficBinary] <private>
2023-08-06 07:53:40.095300+1000 0x36ee     Info        0xcefc               417    0    cloudd: (CloudKitDaemon) [com.apple.cloudkit:TrafficBinary] <private>
2023-08-06 07:53:40.096763+1000 0x36cc     Default     0x0                  389    0    nsurlsessiond: (CFNetwork) Task <XXXXXXXX-XXXX-XXXX-XXXX-XXXXXXXX6717>.<4> done using Connection 14
2023-08-06 07:53:40.096782+1000 0x36cc     Default     0x0                  389    0    nsurlsessiond: (Network) [com.apple.network:activity] [C14] event: client:end_activity @0.722s, activity <nw_activity 0:0[XXXXXXXX-XXXX-XXXX-XXXX-XXXXXXXXFC02] (lightweight) (reporting strategy default)>
2023-08-06 07:53:40.096861+1000 0x36cc     Default     0x0                  389    0    nsurlsessiond: (Network) [com.apple.network:connection] [C14] event: client:connection_idle @0.722s
2023-08-06 07:53:40.096930+1000 0x36cc     Info        0x0                  389    0    nsurlsessiond: (Network) [com.apple.network:connection] nw_endpoint_handler_report_connection_idle [C14 IPv6#*****366.443 ready parent-flow (satisfied (Path is satisfied), interface: en1[XXX.11], ipv4, ipv6, dns)] Reporting connection idle to protocols
2023-08-06 07:53:40.096952+1000 0x36cc     Info        0x0                  389    0    nsurlsessiond: (Network) [com.apple.network:connection] nw_flow_passthrough_notify [C14.1.1.1 IPv6#*****366.443 ready socket-flow (satisfied (Path is satisfied), viable, interface: en1[XXX.11], ipv4, ipv6, dns)] received notification connection_idle
2023-08-06 07:53:40.097098+1000 0x3697     Default     0xcefb               389    0    nsurlsessiond: [com.apple.nsurlsessiond:background] NDSession <XXXXXXXX-XXXX-XXXX-XXXX-XXXXXXXXA0DE> Task <XXXXXXXX-XXXX-XXXX-XXXX-XXXXXXXX6717>.<4> did receive data (366676 of -1 total bytes)
2023-08-06 07:53:40.097308+1000 0x36cc     Default     0x0                  389    0    nsurlsessiond: (CFNetwork) Task <XXXXXXXX-XXXX-XXXX-XXXX-XXXXXXXX6717>.<4> response ended
2023-08-06 07:53:40.097377+1000 0x3697     Default     0x0                  389    0    nsurlsessiond: (CFNetwork) Task <XXXXXXXX-XXXX-XXXX-XXXX-XXXXXXXX6717>.<4> RELEASING power assertion.
2023-08-06 07:53:40.097552+1000 0x36ed     Default     0xcefc               417    0    cloudd: (CloudKitDaemon) [com.apple.cloudkit:Request] req: XXXXXXXX-XXXX-XXXX-XXXX-XXXXXXXX0513, "URLSession:dataTask:didReceiveData: 5128 bytes"
2023-08-06 07:53:40.097752+1000 0x3665     Info        0xcefc               417    0    cloudd: (CloudKitDaemon) [com.apple.cloudkit:TrafficBinary] <private>
2023-08-06 07:53:40.097814+1000 0x36ce     Default     0xcefb               389    0    nsurlsessiond: [com.apple.nsurlsessiond:background] NDSession <XXXXXXXX-XXXX-XXXX-XXXX-XXXXXXXXA0DE> Task <XXXXXXXX-XXXX-XXXX-XXXX-XXXXXXXX6717>.<4> did receive data (453837 of -1 total bytes)
2023-08-06 07:53:40.098265+1000 0x36ee     Default     0xcefc               417    0    cloudd: (CloudKitDaemon) [com.apple.cloudkit:Request] req: XXXXXXXX-XXXX-XXXX-XXXX-XXXXXXXX0513, "URLSession:dataTask:didReceiveData: 87161 bytes"
2023-08-06 07:53:40.098450+1000 0x36cc     Default     0xcefb               389    0    nsurlsessiond: (CFNetwork) [com.apple.CFNetwork:Summary] Task <XXXXXXXX-XXXX-XXXX-XXXX-XXXXXXXX6717>.<4> summary for task success {transaction_duration_ms=91, response_status=200, connection=14, reused=1, request_start_ms=3, request_duration_ms=1, response_start_ms=60, response_duration_ms=29, request_bytes=782, response_bytes=39121, cache_hit=false}
2023-08-06 07:53:40.098494+1000 0x36cc     Default     0xcefb               389    0    nsurlsessiond: (CFNetwork) Task <XXXXXXXX-XXXX-XXXX-XXXX-XXXXXXXX6717>.<4> finished successfully
2023-08-06 07:53:40.098572+1000 0x36ce     Default     0xcefb               389    0    nsurlsessiond: [com.apple.nsurlsessiond:background] NDSession <XXXXXXXX-XXXX-XXXX-XXXX-XXXXXXXXA0DE> Task <XXXXXXXX-XXXX-XXXX-XXXX-XXXXXXXX6717>.<4> completed with error (null) [0]. C(N)
2023-08-06 07:53:40.098578+1000 0x36ce     Default     0xcefb               389    0    nsurlsessiond: [com.apple.nsurlsessiond:background] NDSession <XXXXXXXX-XXXX-XXXX-XXXX-XXXXXXXXA0DE> Task <XXXXXXXX-XXXX-XXXX-XXXX-XXXXXXXX6717>.<4> for client <private> completed successfully
2023-08-06 07:53:40.100020+1000 0x36ef     Info        0xcefc               417    0    cloudd: (CloudKitDaemon) [com.apple.cloudkit:TrafficBinary] <private>
2023-08-06 07:53:40.100064+1000 0x36ef     Info        0xcefc               417    0    cloudd: (CloudKitDaemon) [com.apple.cloudkit:TrafficBinary] <private>
2023-08-06 07:53:40.100107+1000 0x36ef     Info        0xcefc               417    0    cloudd: (CloudKitDaemon) [com.apple.cloudkit:TrafficBinary] <private>
2023-08-06 07:53:40.100164+1000 0x36ef     Info        0xcefc               417    0    cloudd: (CloudKitDaemon) [com.apple.cloudkit:TrafficBinary] <private>
2023-08-06 07:53:40.100260+1000 0x36ce     Default     0xcefb               389    0    nsurlsessiond: [com.apple.nsurlsessiond:background] NDSession <XXXXXXXX-XXXX-XXXX-XXXX-XXXXXXXXA0DE> has 0 outstanding tasks
2023-08-06 07:53:40.100267+1000 0x36ce     Default     0xcefb               389    0    nsurlsessiond: [com.apple.nsurlsessiond:background] NDSession <XXXXXXXX-XXXX-XXXX-XXXX-XXXXXXXXA0DE> client <private> is active result (Y), XPC(Y) proxy(Y) for <private>
2023-08-06 07:53:40.102841+1000 0x36ee     Default     0xcefb               417    0    cloudd: (CFNetwork) Task <XXXXXXXX-XXXX-XXXX-XXXX-XXXXXXXX6717>.<4> finished successfully
2023-08-06 07:53:40.103227+1000 0x36ef     Default     0xcefc               417    0    cloudd: (C2) [com.apple.c2:default] captureMetricsForTask=CKDQueryURLRequest requestUUID:XXXXXXXX-XXXX-XXXX-XXXX-XXXXXXXX0513:host=gateway.icloud.com:remoteAddress=<private>:localAddress=<private>:connectionUUID=XXXXXXXX-XXXX-XXXX-XXXX-XXXXXXXX0EEA:qualityOfService=utility:reuse=1:i=en1:tlsVersion=TLSv13:protocol=h2:requestHeaderBytes=87:requestBodyBytes=677:responseHeaderBytes=557:responseBodyBytes=38564:err=F:dnsDuration=-1.000:tcpStartDelay=-1.000:tcpDuration=-1.000:sslStartDelay=-1.000:sslDuration=-1.000:requestStartDelay=-1.000:requestDuration=0.001:responseStartDelay=0.056:responseDuration=0.029:transactionDuration=0.086:outOfProcess=T:allowCellular=T:allowExpensive=T:powerNap=F:app=com.apple.triald:2app=:pool=com.apple.cloudkit.BackgroundConnectionPool:tlsPinning=T:retryNetworkFailures=F:disc=T:duet=withBudgeting:reqTimeout=60.00:resTimeout=-1.00:appleIdSessionId=:metricRequest=F
2023-08-06 07:53:40.104871+1000 0x36ef     Info        0xcefc               417    0    cloudd: (Network) [com.apple.network:] nw_context_dealloc Deallocating context <nw_context (null) (private)>
2023-08-06 07:53:40.104902+1000 0x36ef     Activity    0xcefe               417    0    cloudd: (C2) c2-request-task
2023-08-06 07:53:40.104924+1000 0x36ef     Info        0xcefc               417    0    cloudd: (C2) [com.apple.c2:default] <C2Session: 0x******ac0> Changing delegate callback queue QoS to utility
2023-08-06 07:53:40.104938+1000 0x36ee     Info        0xcefc               417    0    cloudd: (Network) [com.apple.network:] nw_context_dealloc Deallocating context <nw_context (null) (private)>
2023-08-06 07:53:40.105044+1000 0x36ef     Default     0xcefc               417    0    cloudd: (C2) [com.apple.c2:default] [<C2Session: 0x******ac0> addTask:<C2SessionTask: 0x******440> withDescription:MetricRequest-XXXXXXXX-XXXX-XXXX-XXXX-XXXXXXXXD196 request:<NSMutableURLRequest: 0x******540> { URL: https://metrics.icloud.com:443/c2 }]
2023-08-06 07:53:40.105070+1000 0x36ef     Default     0xcefc               417    0    cloudd: (C2) [com.apple.c2:default] [<C2SessionTask: 0x******440> setTask:LocalDataTask <XXXXXXXX-XXXX-XXXX-XXXX-XXXXXXXXA913>.<1>]
2023-08-06 07:53:40.105093+1000 0x36ef     Default     0xcefc               417    0    cloudd: (C2) [com.apple.c2:default] created task (MetricRequest-XXXXXXXX-XXXX-XXXX-XXXX-XXXXXXXXD196). nsurlsessionCached (F). configurationName (route=metrics.icloud.com:outOfProcess=F:powerNap=F:app=com.apple.triald).
2023-08-06 07:53:40.105098+1000 0x36ef     Info        0xcefc               417    0    cloudd: (C2) [com.apple.c2:default] Creation of data task took 0.000 seconds for request <private> resulting in task <private>.
2023-08-06 07:53:40.105133+1000 0x36ef     Default     0xcefc               417    0    cloudd: (CFNetwork) Task <XXXXXXXX-XXXX-XXXX-XXXX-XXXXXXXXA913>.<1> resuming, timeouts(60.0, 30.0) QOS(0x11) Voucher <private>
2023-08-06 07:53:40.105167+1000 0x36ce     Default     0xcefb               389    0    nsurlsessiond: [com.apple.nsurlsessiond:background] Task <XXXXXXXX-XXXX-XXXX-XXXX-XXXXXXXX6717>.<4> client acknowledged completion
2023-08-06 07:53:40.105208+1000 0x36ce     Default     0xcefb               389    0    nsurlsessiond: [com.apple.nsurlsessiond:background] NDSession <XXXXXXXX-XXXX-XXXX-XXXX-XXXXXXXXA0DE> has 0 outstanding tasks
=@=
2023-08-06 07:53:40.105210+1000 0x36ef     Default     0xcefc               417    0    cloudd: (CFNetwork) [Telemetry]: Activity <nw_activity 12:2[XXXXXXXX-XXXX-XXXX-XXXX-XXXXXXXX00B9] (reporting strategy default)> on Task <XXXXXXXX-XXXX-XXXX-XXXX-XXXXXXXXA913>.<1> was not selected for reporting
2023-08-06 07:53:40.105257+1000 0x36ef     Default     0xcefc               417    0    cloudd: (C2) [com.apple.c2:default] [<C2Session: 0x******070> removeTask:<C2SessionTask: 0x******250>] - withDescription:CKDQueryURLRequest requestUUID:XXXXXXXX-XXXX-XXXX-XXXX-XXXXXXXX0513
2023-08-06 07:53:40.105268+1000 0x36ef     Info        0xcefc               417    0    cloudd: (C2) [com.apple.c2:default] <C2Session: 0x******070> Changing delegate callback queue QoS to background
2023-08-06 07:53:40.105269+1000 0x36fa     Default     0x0                  578    0    rtcreportingd: (CrashReporterSupport) reading _CRCopyDiagnosticMessagesHistoryValue key AutoSubmit-#271 (stat 0: 157, mode: 100664)
2023-08-06 07:53:40.105288+1000 0x36ef     Default     0xcefc               417    0    cloudd: (CloudKitDaemon) [com.apple.cloudkit:Request] req: XXXXXXXX-XXXX-XXXX-XXXX-XXXXXXXX0513, "URLSession:task:didCompleteWithError: (null)"
2023-08-06 07:53:40.105433+1000 0x36fa     Default     0x0                  578    0    rtcreportingd: (CrashReporterSupport) [com.apple.osanalytics.preferences:default] AutoSubmitPreference is 0
2023-08-06 07:53:40.105682+1000 0x36fa     Default     0x0                  578    0    rtcreportingd: (CrashReporterSupport) reading _CRCopyDiagnosticMessagesHistoryValue key AutoSubmit-#272 (stat 0: 157, mode: 100664)
2023-08-06 07:53:40.105723+1000 0x36ee     Default     0xcefc               417    0    cloudd: (CFNetwork) [com.apple.CFNetwork:ATS] Task <XXXXXXXX-XXXX-XXXX-XXXX-XXXXXXXXA913>.<1> {strength 0, tls 4, sub 0, sig 1, ciphers 0, bundle 1, builtin 0}
2023-08-06 07:53:40.105766+1000 0x36fa     Default     0x0                  578    0    rtcreportingd: (CrashReporterSupport) [com.apple.osanalytics.preferences:default] AutoSubmitPreference is 0
2023-08-06 07:53:40.105902+1000 0x36fa     Default     0x0                  578    0    rtcreportingd: [com.apple.rtcreportingd:client] notifying cloudd that session XXXXXXXXXXXXXXXXXXXXFFg== is disabled
2023-08-06 07:53:40.105914+1000 0x36ee     Default     0xcefc               417    0    cloudd: (CFNetwork) Connection 0: creating secure tcp or quic connection
2023-08-06 07:53:40.106314+1000 0x36ed     Info        0x0                  417    0    cloudd: (RTCReporting) [com.apple.RTCReporting:LegacyClient] dropping message to inactive session(<private>)
2023-08-06 07:53:40.106556+1000 0x36ee     Default     0xcefc               417    0    cloudd: (libsystem_networkextension.dylib) [com.apple.networkextension:] UUID cache generation changed from 68 to 70
2023-08-06 07:53:40.106681+1000 0x36ef     Default     0xcefc               417    0    cloudd: (CloudKitDaemon) [com.apple.cloudkit:Request] req: XXXXXXXX-XXXX-XXXX-XXXX-XXXXXXXX0513, "_finishOnLifecycleQueueWithError:, asked to finish with error (null)"
2023-08-06 07:53:40.106844+1000 0x36ed     Info        0xcefc               417    0    cloudd: (CloudKitDaemon) [com.apple.cloudkit:TrafficBinary] <private>
2023-08-06 07:53:40.107000+1000 0x36ef     Info        0xcefc               417    0    cloudd: (CloudKitDaemon) [com.apple.cloudkit:Request] req: XXXXXXXX-XXXX-XXXX-XXXX-XXXXXXXX0513, "_finishOnLifecycleQueueWithError:, did finish request <private> with error (null)"
2023-08-06 07:53:40.107181+1000 0x36ee     Info        0xcefc               417    0    cloudd: (libsystem_networkextension.dylib) [com.apple.networkextension:] UUID cache hit for com.apple.triald
2023-08-06 07:53:40.107389+1000 0x36ee     Info        0xcefc               417    0    cloudd: (Network) [com.apple.network:connection] nw_connection_create_with_id [C37] create connection to Hostname#*****b80:443
2023-08-06 07:53:40.107398+1000 0x36ee     Info        0xcefc               417    0    cloudd: (Network) [com.apple.network:connection] nw_connection_create_with_id_block_invoke [C37] has alternative UNKNOWN for quic-connection
2023-08-06 07:53:40.107421+1000 0x36ee     Default     0xcefc               417    0    cloudd: (CFNetwork) Connection 37: enabling TLS
2023-08-06 07:53:40.107427+1000 0x36ee     Default     0xcefc               417    0    cloudd: (CFNetwork) Connection 37: starting, TC(0x0)
2023-08-06 07:53:40.107463+1000 0x36ee     Default     0xcefc               417    0    cloudd: (Network) [com.apple.network:connection] [C37 XXXXXXXX-XXXX-XXXX-XXXX-XXXXXXXXB3CF Hostname#*****b80:443 quic-connection, bundle id: com.apple.triald, url hash: XXXXXa18, definite, attribution: developer, context: com.apple.CFNetwork.NSURLSession.{XXXXXXXX-XXXX-XXXX-XXXX-XXXXXXXXFC59}{MMCS}{Y}{2} (private), proc: XXXXXXXX-XXXX-XXXX-XXXX-XXXXXXXXCCC4, effective proc: XXXXXXXX-XXXX-XXXX-XXXX-XXXXXXXXBDE3, prohibit cellular fallback] start
2023-08-06 07:53:40.107474+1000 0x36ee     Info        0xcefc               417    0    cloudd: (Network) [com.apple.network:connection] nw_endpoint_handler_start [C37 Hostname#*****b80:443 initial parent-flow ((null))]
2023-08-06 07:53:40.107485+1000 0x36ee     Default     0xcefc               417    0    cloudd: (Network) [com.apple.network:connection] [C37 Hostname#*****b80:443 initial parent-flow ((null))] event: path:start @0.000s
2023-08-06 07:53:40.107915+1000 0x36ee     Default     0xcefc               417    0    cloudd: (Network) [com.apple.network:connection] [C37 Hostname#*****b80:443 waiting parent-flow (satisfied (Path is satisfied), interface: en1[XXX.11], ipv4, ipv6, dns)] event: path:satisfied @0.000s, uuid: XXXXXXXX-XXXX-XXXX-XXXX-XXXXXXXXA452
2023-08-06 07:53:40.107930+1000 0x36ee     Info        0xcefc               417    0    cloudd: (Network) [com.apple.network:connection] nw_connection_endpoint_report_on_nw_queue_block_invoke [C37 Hostname#*****b80:443 waiting parent-flow (satisfied (Path is satisfied), interface: en1[XXX.11], ipv4, ipv6, dns)] skipping state update
2023-08-06 07:53:40.108045+1000 0x36ee     Default     0xcefc               417    0    cloudd: (Network) [com.apple.network:connection] [C37 Hostname#*****b80:443 in_progress parent-flow (satisfied (Path is satisfied), interface: en1[XXX.11], ipv4, ipv6, dns)] event: flow:start_child @0.000s
2023-08-06 07:53:40.108050+1000 0x36ee     Default     0xcefc               417    0    cloudd: (Network) [com.apple.network:connection] nw_connection_report_state_with_handler_on_nw_queue [C37] reporting state preparing
2023-08-06 07:53:40.108059+1000 0x36ee     Info        0xcefc               417    0    cloudd: (Network) [com.apple.network:connection] nw_endpoint_handler_start [C37.1 Hostname#*****b80:443 initial path ((null))]
2023-08-06 07:53:40.108064+1000 0x36ee     Default     0xcefc               417    0    cloudd: (Network) [com.apple.network:connection] [C37.1 Hostname#*****b80:443 initial path ((null))] event: path:start @0.000s
2023-08-06 07:53:40.108112+1000 0x36ee     Default     0xcefc               417    0    cloudd: (Network) [com.apple.network:connection] [C37.1 Hostname#*****b80:443 waiting path (satisfied (Path is satisfied), interface: en1[XXX.11], ipv4, ipv6, dns)] event: path:satisfied @0.000s, uuid: XXXXXXXX-XXXX-XXXX-XXXX-XXXXXXXXA452
2023-08-06 07:53:40.108132+1000 0x36ee     Default     0xcefc               417    0    cloudd: (Network) [com.apple.network:connection] [C37.1 Hostname#*****b80:443 in_progress transform (satisfied (Path is satisfied), interface: en1[XXX.11], ipv4, ipv6, dns)] event: transform:start @0.000s
2023-08-06 07:53:40.108153+1000 0x36ee     Info        0xcefc               417    0    cloudd: (Network) [com.apple.network:connection] nw_endpoint_transform_add_children_block_invoke_2 [C37.1 Hostname#*****b80:443 in_progress transform (satisfied (Path is satisfied), interface: en1[XXX.11], ipv4, ipv6, dns)] Transform including protocol <private> cannot be used, unknown endpoint
2023-08-06 07:53:40.108228+1000 0x36ee     Info        0xcefc               417    0    cloudd: (Network) [com.apple.network:connection] nw_endpoint_handler_start [C37.1.1 Hostname#*****b80:443 initial path ((null))]
2023-08-06 07:53:40.108233+1000 0x36ee     Default     0xcefc               417    0    cloudd: (Network) [com.apple.network:connection] [C37.1.1 Hostname#*****b80:443 initial path ((null))] event: path:start @0.000s
2023-08-06 07:53:40.108402+1000 0x36ee     Default     0xcefc               417    0    cloudd: (Network) [com.apple.network:connection] [C37.1.1 Hostname#*****b80:443 waiting path (satisfied (Path is satisfied), interface: en1[XXX.11], ipv4, ipv6, dns)] event: path:satisfied @0.000s, uuid: XXXXXXXX-XXXX-XXXX-XXXX-XXXXXXXXCD16
2023-08-06 07:53:40.108444+1000 0x36ee     Default     0xcefc               417    0    cloudd: (Network) [com.apple.network:connection] [C37.1.1 Hostname#*****b80:443 in_progress resolver (satisfied (Path is satisfied), interface: en1[XXX.11], ipv4, ipv6, dns)] event: resolver:start_dns @0.000s
2023-08-06 07:53:40.108542+1000 0x36ee     Info        0xcefc               417    0    cloudd: (Network) [com.apple.network:connection] nw_resolver_create_dns_getaddrinfo_locked [C37.1.1] Starting host resolution Hostname#*****b80:443, flags 0x***** proto 0 using hostname: <NO HOSTNAME>
2023-08-06 07:53:40.108823+1000 0x36fc     Default     0x9149               495    7    triald: (TrialServer) [com.apple.triald:server] Received RolloutNotification with CKRecordID <CKRecordID: 0x******2e0; recordName=XXXXXXXX-XXXX-XXXX-XXXX-XXXXXXXX787f, zoneID=_defaultZone:__defaultOwner__>
2023-08-06 07:53:40.108840+1000 0x36f3     Default     0xcefc               232    0    mDNSResponder: [com.apple.mdns:dnssd_server] [R1312] getaddrinfo start -- flags: 0x*****, ifindex: 0, protocols: 0, hostname: <mask.hash: 'XXXXXXXXXXXXXXXXXXXXhcg=='>, options: 0x8 {use-failover}, client pid: 417 (cloudd), delegator uuid: XXXXXXXX-XXXX-XXXX-XXXX-XXXXXXXXBDE3
2023-08-06 07:53:40.108882+1000 0x36ee     Default     0xcefc               417    0    cloudd: (CFNetwork) Task <XXXXXXXX-XXXX-XXXX-XXXX-XXXXXXXXA913>.<1> setting up Connection 37
2023-08-06 07:53:40.108897+1000 0x36f3     Default     0xcefc               232    0    mDNSResponder: [com.apple.mDNSResponder:Default] [R1312->Q55819] Question for <mask.hash: 'XXXXXXXXXXXXXXXXXXXXBnQ=='> (HTTPS) assigned DNS service 2
2023-08-06 07:53:40.108923+1000 0x36f3     Default     0xcefc               232    0    mDNSResponder: [com.apple.mDNSResponder:Default] [R1312->Q11890] Question for <mask.hash: 'XXXXXXXXXXXXXXXXXXXXBnQ=='> (AAAA) assigned DNS service 2
2023-08-06 07:53:40.108936+1000 0x36f3     Default     0xcefc               232    0    mDNSResponder: [com.apple.mDNSResponder:Default] [R1312->Q3523] Question for <mask.hash: 'XXXXXXXXXXXXXXXXXXXXBnQ=='> (Addr) assigned DNS service 2
2023-08-06 07:53:40.109090+1000 0x36fc     Default     0x9149               495    7    triald: (TrialServer) [com.apple.triald:server] Received RolloutNotification with CKRecordID <CKRecordID: 0x******aa0; recordName=XXXXXXXX-XXXX-XXXX-XXXX-XXXXXXXX29ec, zoneID=_defaultZone:__defaultOwner__>
2023-08-06 07:53:40.109621+1000 0x36f3     Default     0x0                  232    0    mDNSResponder: [com.apple.mdns:resolver] [Q55819] Sent 36-byte query #1 to <IPv6:*****YGH> over UDP via en1/13 -- id: 0x4EF3 (20211), flags: 0x0100 (Q/Query, RD, NoError), counts: 1/0/0/0, *****lOQ IN HTTPS?
2023-08-06 07:53:40.109753+1000 0x36fc     Default     0x9149               495    7    triald: (TrialServer) [com.apple.triald:server] Received RolloutNotification with CKRecordID <CKRecordID: 0x******fd0; recordName=XXXXXXXX-XXXX-XXXX-XXXX-XXXXXXXX4288, zoneID=_defaultZone:__defaultOwner__>
2023-08-06 07:53:40.109793+1000 0x36f3     Default     0x0                  232    0    mDNSResponder: [com.apple.mdns:resolver] [Q11890] Sent 36-byte query #1 to <IPv6:*****YGH> over UDP via en1/13 -- id: 0x6D88 (28040), flags: 0x0100 (Q/Query, RD, NoError), counts: 1/0/0/0, *****lOQ IN AAAA?
2023-08-06 07:53:40.109958+1000 0x36f3     Default     0x0                  232    0    mDNSResponder: [com.apple.mdns:resolver] [Q3523] Sent 36-byte query #1 to <IPv6:*****YGH> over UDP via en1/13 -- id: 0x7BF1 (31729), flags: 0x0100 (Q/Query, RD, NoError), counts: 1/0/0/0, *****lOQ IN A?
2023-08-06 07:53:40.110467+1000 0x36fc     Default     0x9149               495    7    triald: (TrialServer) [com.apple.triald:server] Received RolloutNotification with CKRecordID <CKRecordID: 0x******4a0; recordName=XXXXXXXX-XXXX-XXXX-XXXX-XXXXXXXXaeb2, zoneID=_defaultZone:__defaultOwner__>
2023-08-06 07:53:40.110997+1000 0x36fc     Default     0x9149               495    7    triald: (TrialServer) [com.apple.triald:server] Received RolloutNotification with CKRecordID <CKRecordID: 0x******400; recordName=XXXXXXXX-XXXX-XXXX-XXXX-XXXXXXXX796f, zoneID=_defaultZone:__defaultOwner__>
2023-08-06 07:53:40.111468+1000 0x36fc     Default     0x9149               495    7    triald: (TrialServer) [com.apple.triald:server] Received RolloutNotification with CKRecordID <CKRecordID: 0x******560; recordName=XXXXXXXX-XXXX-XXXX-XXXX-XXXXXXXX2822, zoneID=_defaultZone:__defaultOwner__>
2023-08-06 07:53:40.111954+1000 0x36fc     Default     0x9149               495    7    triald: (TrialServer) [com.apple.triald:server] Received RolloutNotification with CKRecordID <CKRecordID: 0x******d30; recordName=XXXXXXXX-XXXX-XXXX-XXXX-XXXXXXXXcff4, zoneID=_defaultZone:__defaultOwner__>
2023-08-06 07:53:40.112480+1000 0x36fc     Default     0x9149               495    7    triald: (TrialServer) [com.apple.triald:server] Received RolloutNotification with CKRecordID <CKRecordID: 0x******6a0; recordName=XXXXXXXX-XXXX-XXXX-XXXX-XXXXXXXX251a, zoneID=_defaultZone:__defaultOwner__>
2023-08-06 07:53:40.112971+1000 0x36fc     Default     0x9149               495    7    triald: (TrialServer) [com.apple.triald:server] Received RolloutNotification with CKRecordID <CKRecordID: 0x******150; recordName=XXXXXXXX-XXXX-XXXX-XXXX-XXXXXXXX6b6e, zoneID=_defaultZone:__defaultOwner__>
2023-08-06 07:53:40.113500+1000 0x36fc     Default     0x9149               495    7    triald: (TrialServer) [com.apple.triald:server] Received RolloutNotification with CKRecordID <CKRecordID: 0x******420; recordName=XXXXXXXX-XXXX-XXXX-XXXX-XXXXXXXX93ac, zoneID=_defaultZone:__defaultOwner__>
2023-08-06 07:53:40.114008+1000 0x36fc     Default     0x9149               495    7    triald: (TrialServer) [com.apple.triald:server] Received RolloutNotification with CKRecordID <CKRecordID: 0x******800; recordName=XXXXXXXX-XXXX-XXXX-XXXX-XXXXXXXXbf7b, zoneID=_defaultZone:__defaultOwner__>
2023-08-06 07:53:40.114497+1000 0x36fc     Default     0x9149               495    7    triald: (TrialServer) [com.apple.triald:server] Received RolloutNotification with CKRecordID <CKRecordID: 0x******660; recordName=XXXXXXXX-XXXX-XXXX-XXXX-XXXXXXXXd5c4, zoneID=_defaultZone:__defaultOwner__>
2023-08-06 07:53:40.115071+1000 0x36fc     Default     0x9149               495    7    triald: (TrialServer) [com.apple.triald:server] Received RolloutNotification with CKRecordID <CKRecordID: 0x******6a0; recordName=XXXXXXXX-XXXX-XXXX-XXXX-XXXXXXXX539b, zoneID=_defaultZone:__defaultOwner__>
2023-08-06 07:53:40.115547+1000 0x36ee     Default     0xcef6               417    0    cloudd: (CloudKitDaemon) [com.apple.cloudkit:OP] Finished operation <CKDRecordFetchAggregator: 0x******820; qos=Utility, operationID=XXXXXXXXXXXXDB16, operationGroupID=XXXXXXXXXXXXFFD, operationGroupName=Periodic, stateFlags=executing, flags=background|allows-cellular|allows-expensive, runningFor=0.35, <private>> metrics=<private>
2023-08-06 07:53:40.115658+1000 0x36fc     Default     0x9149               495    7    triald: (TrialServer) [com.apple.triald:server] Received RolloutNotification with CKRecordID <CKRecordID: 0x******850; recordName=XXXXXXXX-XXXX-XXXX-XXXX-XXXXXXXX0e39, zoneID=_defaultZone:__defaultOwner__>
2023-08-06 07:53:40.115982+1000 0x36ee     Info        0xcef6               417    0    cloudd: (CoreAnalytics) [com.apple.CoreAnalytics:client] Dropping "com.apple.cloudkit.operationFinished" as it isn't used in any transform (not in the config or budgeted?)
2023-08-06 07:53:40.116245+1000 0x36ee     Default     0xcef6               417    0    cloudd: (CloudKitDaemon) [com.apple.cloudkit:OP] Finished operation <CKDQueryOperation: 0x******260; qos=Utility, operationID=XXXXXXXXXXXX48C, finishedChildOpIDs=[XXXXXXXXXXXXDB16], requestIDs=[XXXXXXXX-XXXX-XXXX-XXXX-XXXXXXXXFC47, XXXXXXXX-XXXX-XXXX-XXXX-XXXXXXXX0513], operationGroupID=XXXXXXXXXXXXFFD, operationGroupName=Periodic, stateFlags=executing, flags=background|allows-cellular|allows-expensive, runningFor=0.352, <private>> metrics=<private>
2023-08-06 07:53:40.116266+1000 0x36fc     Default     0x9149               495    7    triald: (TrialServer) [com.apple.triald:server] Received RolloutNotification with CKRecordID <CKRecordID: 0x******e60; recordName=XXXXXXXX-XXXX-XXXX-XXXX-XXXXXXXX4a75, zoneID=_defaultZone:__defaultOwner__>
2023-08-06 07:53:40.116869+1000 0x36fc     Default     0x9149               495    7    triald: (TrialServer) [com.apple.triald:server] Received RolloutNotification with CKRecordID <CKRecordID: 0x150f3b9d0; recordName=XXXXXXXX-XXXX-XXXX-XXXX-XXXXXXXX78e0, zoneID=_defaultZone:__defaultOwner__>
2023-08-06 07:53:40.117725+1000 0x36fc     Default     0x9149               495    7    triald: (TrialServer) [com.apple.triald:server] Received RolloutNotification with CKRecordID <CKRecordID: 0x******460; recordName=XXXXXXXX-XXXX-XXXX-XXXX-XXXXXXXX9fb5, zoneID=_defaultZone:__defaultOwner__>
2023-08-06 07:53:40.118243+1000 0x36fc     Default     0x9149               495    7    triald: (TrialServer) [com.apple.triald:server] Received RolloutNotification with CKRecordID <CKRecordID: 0x******b30; recordName=XXXXXXXX-XXXX-XXXX-XXXX-XXXXXXXX44e9, zoneID=_defaultZone:__defaultOwner__>
2023-08-06 07:53:40.118740+1000 0x36fc     Default     0x9149               495    7    triald: (TrialServer) [com.apple.triald:server] Received RolloutNotification with CKRecordID <CKRecordID: 0x******aa0; recordName=XXXXXXXX-XXXX-XXXX-XXXX-XXXXXXXX5b49, zoneID=_defaultZone:__defaultOwner__>
2023-08-06 07:53:40.119249+1000 0x36fc     Default     0x9149               495    7    triald: (TrialServer) [com.apple.triald:server] Received RolloutNotification with CKRecordID <CKRecordID: 0x******700; recordName=XXXXXXXX-XXXX-XXXX-XXXX-XXXXXXXXd6d8, zoneID=_defaultZone:__defaultOwner__>
2023-08-06 07:53:40.119816+1000 0x36fc     Default     0x9149               495    7    triald: (TrialServer) [com.apple.triald:server] Received RolloutNotification with CKRecordID <CKRecordID: 0x******f80; recordName=XXXXXXXX-XXXX-XXXX-XXXX-XXXXXXXXce70, zoneID=_defaultZone:__defaultOwner__>
2023-08-06 07:53:40.120292+1000 0x36fc     Default     0x9149               495    7    triald: (TrialServer) [com.apple.triald:server] Received RolloutNotification with CKRecordID <CKRecordID: 0x******160; recordName=XXXXXXXX-XXXX-XXXX-XXXX-XXXXXXXX844e, zoneID=_defaultZone:__defaultOwner__>
2023-08-06 07:53:40.120781+1000 0x36fc     Default     0x9149               495    7    triald: (TrialServer) [com.apple.triald:server] Received RolloutNotification with CKRecordID <CKRecordID: 0x******720; recordName=XXXXXXXX-XXXX-XXXX-XXXX-XXXXXXXX1b3c, zoneID=_defaultZone:__defaultOwner__>
2023-08-06 07:53:40.121289+1000 0x36fc     Default     0x9149               495    7    triald: (TrialServer) [com.apple.triald:server] Received RolloutNotification with CKRecordID <CKRecordID: 0x******af0; recordName=XXXXXXXX-XXXX-XXXX-XXXX-XXXXXXXXfa48, zoneID=_defaultZone:__defaultOwner__>
2023-08-06 07:53:40.121771+1000 0x36fc     Default     0x9149               495    7    triald: (TrialServer) [com.apple.triald:server] Received RolloutNotification with CKRecordID <CKRecordID: 0x******520; recordName=XXXXXXXX-XXXX-XXXX-XXXX-XXXXXXXX9185, zoneID=_defaultZone:__defaultOwner__>
2023-08-06 07:53:40.121883+1000 0x36fc     Default     0x9149               495    7    triald: (TrialServer) [com.apple.triald:server] Finished fetchRolloutNotifications query with 70 results cursor (null) error (null)
2023-08-06 07:53:40.123833+1000 0x36fc     Activity    0x914a               495    0    triald: (Security) SecTrustEvaluateIfNecessary
2023-08-06 07:53:40.124085+1000 0x36fc     Default     0x914a               495    0    triald: (Security) [com.apple.securityd:keychain] System Keychain Always Supported set via feature flag to disabled
2023-08-06 07:53:40.130507+1000 0x370f     Info        0x914a               397    0    trustd: (Network) [com.apple.network:] nw_context_dealloc Deallocating context <nw_context (null) (private)>
2023-08-06 07:53:40.130576+1000 0x370e     Info        0x914a               397    0    trustd: (Network) [com.apple.network:] nw_context_dealloc Deallocating context <nw_context (null) (private)>
2023-08-06 07:53:40.130594+1000 0x35fa     Default     0x914a               397    0    trustd: (CFNetwork) Task <XXXXXXXX-XXXX-XXXX-XXXX-XXXXXXXX3D23>.<1> resuming, timeouts(60.0, 604800.0) QOS(0x11) Voucher <private>
2023-08-06 07:53:40.130688+1000 0x35fa     Default     0x914a               397    0    trustd: (CFNetwork) [Telemetry]: Activity <nw_activity 12:2[XXXXXXXX-XXXX-XXXX-XXXX-XXXXXXXXC9AD] (reporting strategy default)> on Task <XXXXXXXX-XXXX-XXXX-XXXX-XXXXXXXX3D23>.<1> was not selected for reporting
2023-08-06 07:53:40.131200+1000 0x370e     Default     0x914a               397    0    trustd: (CFNetwork) [com.apple.CFNetwork:ATS] Task <XXXXXXXX-XXXX-XXXX-XXXX-XXXXXXXX3D23>.<1> {strength 0, tls 4, sub 0, sig 1, ciphers 0, bundle 1, builtin 0}
2023-08-06 07:53:40.131406+1000 0x370e     Default     0x914a               397    0    trustd: (CFNetwork) Connection 0: creating secure tcp or quic connection
2023-08-06 07:53:40.131772+1000 0x370e     Info        0x914a               397    0    trustd: (Network) [com.apple.network:connection] nw_connection_create_with_id [C23] create connection to Hostname#*****bf6:443
2023-08-06 07:53:40.131782+1000 0x370e     Info        0x914a               397    0    trustd: (Network) [com.apple.network:connection] nw_connection_create_with_id_block_invoke [C23] has alternative UNKNOWN for quic-connection
2023-08-06 07:53:40.131807+1000 0x370e     Default     0x914a               397    0    trustd: (CFNetwork) Connection 23: enabling TLS
2023-08-06 07:53:40.131811+1000 0x370e     Default     0x914a               397    0    trustd: (CFNetwork) Connection 23: starting, TC(0x0)
2023-08-06 07:53:40.131844+1000 0x370e     Default     0x914a               397    0    trustd: (Network) [com.apple.network:connection] [C23 XXXXXXXX-XXXX-XXXX-XXXX-XXXXXXXX31F7 Hostname#*****bf6:443 quic-connection, bundle id: com.apple.triald, url hash: c6f385e3, definite, attribution: developer, context: com.apple.CFNetwork.NSURLSession.{XXXXXXXX-XXXX-XXXX-XXXX-XXXXXXXX9EEA}{(null)}{Y}{2} (private), proc: XXXXXXXX-XXXX-XXXX-XXXX-XXXXXXXX9566, effective proc: XXXXXXXX-XXXX-XXXX-XXXX-XXXXXXXXBDE3, pid: 495, account id: *****8f1] start
2023-08-06 07:53:40.131854+1000 0x370e     Info        0x914a               397    0    trustd: (Network) [com.apple.network:connection] nw_endpoint_handler_start [C23 Hostname#*****bf6:443 initial parent-flow ((null))]
2023-08-06 07:53:40.131863+1000 0x370e     Default     0x914a               397    0    trustd: (Network) [com.apple.network:connection] [C23 Hostname#*****bf6:443 initial parent-flow ((null))] event: path:start @0.000s
2023-08-06 07:53:40.132253+1000 0x370e     Default     0x914a               397    0    trustd: (Network) [com.apple.network:connection] [C23 Hostname#*****bf6:443 waiting parent-flow (satisfied (Path is satisfied), interface: en1[XXX.11], ipv4, ipv6, dns)] event: path:satisfied @0.000s, uuid: XXXXXXXX-XXXX-XXXX-XXXX-XXXXXXXX060E
2023-08-06 07:53:40.132270+1000 0x370e     Info        0x914a               397    0    trustd: (Network) [com.apple.network:connection] nw_connection_endpoint_report_on_nw_queue_block_invoke [C23 Hostname#*****bf6:443 waiting parent-flow (satisfied (Path is satisfied), interface: en1[XXX.11], ipv4, ipv6, dns)] skipping state update
2023-08-06 07:53:40.132390+1000 0x370e     Default     0x914a               397    0    trustd: (Network) [com.apple.network:connection] [C23 Hostname#*****bf6:443 in_progress parent-flow (satisfied (Path is satisfied), interface: en1[XXX.11], ipv4, ipv6, dns)] event: flow:start_child @0.000s
2023-08-06 07:53:40.132394+1000 0x370e     Default     0x914a               397    0    trustd: (Network) [com.apple.network:connection] nw_connection_report_state_with_handler_on_nw_queue [C23] reporting state preparing
2023-08-06 07:53:40.132401+1000 0x370e     Info        0x914a               397    0    trustd: (Network) [com.apple.network:connection] nw_endpoint_handler_start [C23.1 Hostname#*****bf6:443 initial path ((null))]
2023-08-06 07:53:40.132406+1000 0x370e     Default     0x914a               397    0    trustd: (Network) [com.apple.network:connection] [C23.1 Hostname#*****bf6:443 initial path ((null))] event: path:start @0.000s
