2023-04-05 07:48:01.432104+1000 0x1301     Activity    0x3e0b               510    0    neagent: (CoreServicesInternal) CFURLResolveBookmarkData
2023-04-05 07:48:01.432146+1000 0x1301     Activity    0x3e0c               510    0    neagent: (CoreServicesInternal) CFURLResolveBookmarkData
2023-04-05 07:48:01.432188+1000 0x1301     Activity    0x3e0d               510    0    neagent: (CoreServicesInternal) CFURLResolveBookmarkData
2023-04-05 07:48:01.432373+1000 0x1301     Activity    0x3e0e               510    0    neagent: (CoreServicesInternal) CFURLResolveBookmarkData
2023-04-05 07:48:01.432427+1000 0x101e     Info        0x3850               149    0    tccd: [com.apple.TCC:access] AttributionChain: accessing={TCCDProcess: identifier=com.apple.accessibility.AXVisualSupportAgent, pid=397, auid=501, euid=501, binary_path=/System/Library/PrivateFrameworks/UniversalAccess.framework/Versions/A/Resources/AXVisualSupportAgent.app/Contents/MacOS/AXVisualSupportAgent}, requesting={TCCDProcess: identifier=com.apple.appleeventsd, pid=317, auid=55, euid=55, binary_path=/System/Library/CoreServices/appleeventsd},
2023-04-05 07:48:01.432439+1000 0x1301     Activity    0x3e0f               510    0    neagent: (CoreServicesInternal) CFURLResolveBookmarkData
2023-04-05 07:48:01.432461+1000 0x101e     Info        0x3850               149    0    tccd: [com.apple.TCC:access] do_TCCCreateDesignatedRequirementIdentityFromAuditTokenForService: processing incoming request
2023-04-05 07:48:01.432505+1000 0x895      Default     0x0                  0      0    kernel: (ALF) ALF, hash_free: found kext_info <private>
2023-04-05 07:48:01.432549+1000 0x12b6     Activity    0x3ce4               501    0    fmfd: (CFOpenDirectory) Open a given node
2023-04-05 07:48:01.432707+1000 0x1301     Activity    0x3e10               510    0    neagent: (CoreServicesInternal) CFURLResolveBookmarkData
2023-04-05 07:48:01.432723+1000 0xdb6      Info        0x3ce4               118    0    opendirectoryd: [com.apple.opendirectoryd:session] UID: 501, EUID: 501, GID: 20, EGID: 20, PID: 501, PROC: fmfd ODNodeCreateWithNameAndOptions request, SessionID: 00000000-0000-0000-0000-000000000000, Name: <private>, Options: 0x0
2023-04-05 07:48:01.432782+1000 0xdb6      Info        0x3ce4               118    0    opendirectoryd: [com.apple.opendirectoryd:session] node assigned UUID - XXXXXXXX-XXXX-XXXX-XXXX-XXXXXXXB9E6
2023-04-05 07:48:01.432874+1000 0xd69      Error       0x0                  148    0    cfprefsd: (CoreFoundation) [com.apple.defaults:cfprefsd] Couldn't open parent path due to [2: No such file or directory]
2023-04-05 07:48:01.432893+1000 0x1218     Error       0x0                  373    0    cfprefsd: (CoreFoundation) [com.apple.defaults:cfprefsd] Couldn't open parent path due to [2: No such file or directory]
2023-04-05 07:48:01.432900+1000 0x1301     Activity    0x3e11               510    0    neagent: (CoreServicesInternal) CFURLResolveBookmarkData
2023-04-05 07:48:01.432956+1000 0xf6e      Info        0x3ce4               118    0    opendirectoryd: [com.apple.opendirectoryd:session] ODNodeCreateWithNameAndOptions completed
2023-04-05 07:48:01.433061+1000 0x1301     Activity    0x3e12               510    0    neagent: (CoreServicesInternal) CFURLResolveBookmarkData
2023-04-05 07:48:01.433118+1000 0x1301     Activity    0x3e13               510    0    neagent: (CoreServicesInternal) CFURLResolveBookmarkData
2023-04-05 07:48:01.433136+1000 0x101e     Info        0x3850               149    0    tccd: [com.apple.TCC:access] AttributionChain: accessing={TCCDProcess: identifier=com.apple.accessibility.AXVisualSupportAgent, pid=397, auid=501, euid=501, binary_path=/System/Library/PrivateFrameworks/UniversalAccess.framework/Versions/A/Resources/AXVisualSupportAgent.app/Contents/MacOS/AXVisualSupportAgent}, requesting={TCCDProcess: identifier=com.apple.appleeventsd, pid=317, auid=55, euid=55, binary_path=/System/Library/CoreServices/appleeventsd},
2023-04-05 07:48:01.433154+1000 0x1301     Activity    0x3e14               510    0    neagent: (CoreServicesInternal) CFURLResolveBookmarkData
2023-04-05 07:48:01.433184+1000 0x1301     Activity    0x3e15               510    0    neagent: (CoreServicesInternal) CFURLResolveBookmarkData
2023-04-05 07:48:01.433220+1000 0x1301     Activity    0x3e16               510    0    neagent: (CoreServicesInternal) CFURLResolveBookmarkData
2023-04-05 07:48:01.433438+1000 0x1301     Activity    0x3e17               510    0    neagent: (CoreServicesInternal) CFURLResolveBookmarkData
2023-04-05 07:48:01.433487+1000 0x1301     Activity    0x3e18               510    0    neagent: (CoreServicesInternal) CFURLResolveBookmarkData
2023-04-05 07:48:01.433549+1000 0x12b6     Default     0x3ce1               501    0    fmfd: (CFNetwork) Task <XXXXXXXX-XXXX-XXXX-XXXX-XXXXXXXB914>.<1> authenticator finished cont 1 req (null) headers <private>
2023-04-05 07:48:01.433576+1000 0x12b6     Default     0x3ce1               501    0    fmfd: (CFNetwork) Task <XXXXXXXX-XXXX-XXXX-XXXX-XXXXXXXB914>.<1> protocol received continueLoad=1, headers=<private> req=(null)
2023-04-05 07:48:01.433668+1000 0x12b6     Default     0x3ce1               501    0    fmfd: (CFNetwork) [com.apple.CFNetwork:ATS] Task <XXXXXXXX-XXXX-XXXX-XXXX-XXXXXXXB914>.<1> {strength 0, tls 4, sub 0, sig 1, ciphers 0, bundle 1, builtin 0}
2023-04-05 07:48:01.433670+1000 0x1329     Default     0x15f6               391    0    secd: (Security) [com.apple.securityd:SOSMonitorMode] Checking if circle <SOSCircle@0x14d8316a0: 'ak' [2023-03-14 10:23 9] P:[
<PI@0x14d834260: [name: ComTam’s Mac mini] [--SrBK-C] [type: Mac mini] [spid: bb62Lu3F] [os: 22E252] [devid: Unknown ] [serial: XXXXXXXXXXXX] -
<PI@0x14d8324f0: [name: Mac’s Mac mini] [--SrBK-C] [type: Mac mini] [spid: /lx4X1hY] [os: 21G419] [devid: Unknown ] [serial: XXXXXXXXXXXX] -
<PI@0x14d835320: [name: ComTam’s Mac mini] [--SrBK-C] [type: Mac mini] [spid: lmNj3aOq] [os: 22E252] [devid: Unknown ] [serial: XXXXXXXXXXXX] √
<PI@0x14ce12d80: [name: iCloud] [--SrbK-_] [type: Unknown ] [spid: sSHaXGEr] [os: Unknown ] [devid: Unknown ] [serial: XXXXXXXXXXXX] -
<PI@0x14ce36920: [name: L9] [--SrbK-C] [type: iPad] [spid: u0WHubTo] [os: 20E246] [devid: Unknown ] [serial: XXXXXXXXXXXX] √
<PI@0x14d8333a0: [name: Mac’s Mac mini] [--SrBK-C] [type: Mac mini] [spid: DOMGDE6w] [os: 21G419] [devid: Unknown ] [serial: XXXXXXXXXXXX] -
<PI@0x14d82f220: [name: D9] [--SrbK-C] [type: iPad] [spid: g/yWWDyZ] [os: 20E246] [devid: Unknown ] [serial: XXXXXXXXXXXX is legacy
2023-04-05 07:48:01.433676+1000 0x1329     Default     0x15f6               391    0    secd: (Security) [com.apple.securityd:SOSMonitorMode] Parsing :22E252:
2023-04-05 07:48:01.433677+1000 0x1329     Default     0x15f6               391    0    secd: (Security) [com.apple.securityd:SOSMonitorMode] majorVersion: 22
2023-04-05 07:48:01.433702+1000 0x12b6     Default     0x3ce1               501    0    fmfd: (CFNetwork) Initializing AlternativeServices Storage singleton
2023-04-05 07:48:01.433735+1000 0x1301     Activity    0x3e19               510    0    neagent: (CoreServicesInternal) CFURLResolveBookmarkData
2023-04-05 07:48:01.433782+1000 0x12b6     Error       0x0                  0      0    kernel: (Sandbox) Sandbox: fmfd(501) deny(1) file-write-create /Users/ComTam/Library/HTTPStorages/com.apple.icloud.fmfd
2023-04-05 07:48:01.433783+1000 0x1301     Activity    0x3e1a               510    0    neagent: (CoreServicesInternal) CFURLResolveBookmarkData
2023-04-05 07:48:01.433820+1000 0x1301     Activity    0x3e1b               510    0    neagent: (CoreServicesInternal) CFURLResolveBookmarkData
2023-04-05 07:48:01.433834+1000 0x1329     Default     0x15f6               391    0    secd: (Security) [com.apple.securityd:SOSMonitorMode] MacOS Peer <PI@0x14d834260: [name: ComTam’s Mac mini] [--SrBK-C] [type: Mac mini] [spid: bb62Lu3F] [os: 22E252] [devid: Unknown ] [serial: XXXXXXXXXXXX] is Not Legacy
2023-04-05 07:48:01.433836+1000 0x1329     Default     0x15f6               391    0    secd: (Security) [com.apple.securityd:SOSMonitorMode] Parsing :21G419:
2023-04-05 07:48:01.433836+1000 0x1329     Default     0x15f6               391    0    secd: (Security) [com.apple.securityd:SOSMonitorMode] majorVersion: 21
2023-04-05 07:48:01.433857+1000 0x1301     Activity    0x3e1c               510    0    neagent: (CoreServicesInternal) CFURLResolveBookmarkData
2023-04-05 07:48:01.433892+1000 0x1301     Activity    0x3e1d               510    0    neagent: (CoreServicesInternal) CFURLResolveBookmarkData
2023-04-05 07:48:01.433926+1000 0x1301     Activity    0x3e1e               510    0    neagent: (CoreServicesInternal) CFURLResolveBookmarkData
2023-04-05 07:48:01.433979+1000 0xf45      Error       0x0                  0      0    kernel: (Sandbox) Sandbox: fmfd(501) deny(1) mach-lookup com.apple.metadata.mds
2023-04-05 07:48:01.433986+1000 0xf45      Default     0x0                  1      0    launchd: [system:] denied lookup: name = com.apple.metadata.mds, flags = 0x8, requestor = fmfd[501], error = 159: Sandbox restriction
2023-04-05 07:48:01.433997+1000 0x1329     Default     0x15f6               391    0    secd: (Security) [com.apple.securityd:SOSMonitorMode] MacOS Peer <PI@0x14d8324f0: [name: Mac’s Mac mini] [--SrBK-C] [type: Mac mini] [spid: /lx4X1hY] [os: 21G419] [devid: Unknown ] [serial: XXXXXXXXXXXX] is Not Legacy
2023-04-05 07:48:01.433999+1000 0x1335     Default     0x0                  0      0    kernel: memorystatus_update(enter): pid 517, priority 40, dirty=0x0, Active(70MB NF), Inactive(70MB, NF)
2023-04-05 07:48:01.433999+1000 0x1329     Default     0x15f6               391    0    secd: (Security) [com.apple.securityd:SOSMonitorMode] Parsing :22E252:
2023-04-05 07:48:01.433999+1000 0x1329     Default     0x15f6               391    0    secd: (Security) [com.apple.securityd:SOSMonitorMode] majorVersion: 22
2023-04-05 07:48:01.434005+1000 0x1335     Default     0x0                  0      0    kernel: memorystatus_update: init: limit on pid 517 (70MB NF) targeting priority(40) dirty?=0x0
2023-04-05 07:48:01.434069+1000 0xf74      Info        0x0                  118    0    opendirectoryd: [com.apple.opendirectoryd:session] PID: 517, Client: 'xpcproxy', exited with 0 session(s), 0 node(s) and 0 active request(s)
2023-04-05 07:48:01.434079+1000 0xf45      Default     0x0                  1      0    launchd: [gui/501/com.apple.security.cloudkeychainproxy3 [517]:] service state: running
2023-04-05 07:48:01.434082+1000 0xf45      Default     0x0                  1      0    launchd: [gui/501/com.apple.security.cloudkeychainproxy3 [517]:] internal event: INIT, code = 0
2023-04-05 07:48:01.434089+1000 0xf45      Default     0x0                  1      0    launchd: [gui/501/com.apple.security.cloudkeychainproxy3 [517]:] Successfully spawned CloudKeychainProxy[517] because ipc (mach)
2023-04-05 07:48:01.434111+1000 0x1301     Activity    0x3e1f               510    0    neagent: (CoreServicesInternal) CFURLResolveBookmarkData
2023-04-05 07:48:01.434136+1000 0x12b6     Error       0x3ce1               501    0    fmfd: (libsqlite3.dylib) [com.apple.libsqlite3:logging-persist] cannot open file at line 46846 of [554764a6e7]
2023-04-05 07:48:01.434137+1000 0x12b6     Error       0x3ce1               501    0    fmfd: (libsqlite3.dylib) [com.apple.libsqlite3:logging-persist] os_unix.c:46847: (2) open(/Users/ComTam/Library/HTTPStorages/com.apple.icloud.fmfd/httpstorages.sqlite) - No such file or directory
2023-04-05 07:48:01.434157+1000 0x1329     Default     0x15f6               391    0    secd: (Security) [com.apple.securityd:SOSMonitorMode] MacOS Peer <PI@0x14d835320: [name: ComTam’s Mac mini] [--SrBK-C] [type: Mac mini] [spid: lmNj3aOq] [os: 22E252] [devid: Unknown ] [serial: XXXXXXXXXXXX] is Not Legacy
2023-04-05 07:48:01.434159+1000 0x1329     Default     0x15f6               391    0    secd: (Security) [com.apple.securityd:SOSMonitorMode] Parsing :20E246:
2023-04-05 07:48:01.434159+1000 0x1329     Default     0x15f6               391    0    secd: (Security) [com.apple.securityd:SOSMonitorMode] majorVersion: 20
2023-04-05 07:48:01.434315+1000 0x1329     Default     0x15f6               391    0    secd: (Security) [com.apple.securityd:SOSMonitorMode] IOS Peer <PI@0x14ce36920: [name: L9] [--SrbK-C] [type: iPad] [spid: u0WHubTo] [os: 20E246] [devid: Unknown ] [serial: XXXXXXXXXXXX] is Not Legacy
2023-04-05 07:48:01.434317+1000 0x1329     Default     0x15f6               391    0    secd: (Security) [com.apple.securityd:SOSMonitorMode] Parsing :21G419:
2023-04-05 07:48:01.434317+1000 0x1329     Default     0x15f6               391    0    secd: (Security) [com.apple.securityd:SOSMonitorMode] majorVersion: 21
2023-04-05 07:48:01.434476+1000 0x1329     Default     0x15f6               391    0    secd: (Security) [com.apple.securityd:SOSMonitorMode] MacOS Peer <PI@0x14d8333a0: [name: Mac’s Mac mini] [--SrBK-C] [type: Mac mini] [spid: DOMGDE6w] [os: 21G419] [devid: Unknown ] [serial: XXXXXXXXXXXX] is Not Legacy
2023-04-05 07:48:01.434478+1000 0x1329     Default     0x15f6               391    0    secd: (Security) [com.apple.securityd:SOSMonitorMode] Parsing :20E246:
2023-04-05 07:48:01.434479+1000 0x1329     Default     0x15f6               391    0    secd: (Security) [com.apple.securityd:SOSMonitorMode] majorVersion: 20
2023-04-05 07:48:01.434636+1000 0x1329     Default     0x15f6               391    0    secd: (Security) [com.apple.securityd:SOSMonitorMode] IOS Peer <PI@0x14d82f220: [name: D9] [--SrbK-C] [type: iPad] [spid: g/yWWDyZ] [os: 20E246] [devid: Unknown ] [serial: XXXXXXXXXXXX] is Not Legacy
2023-04-05 07:48:01.434638+1000 0x1329     Default     0x15f6               391    0    secd: (Security) [com.apple.securityd:SOSMonitorMode] Parsing :20E246:
2023-04-05 07:48:01.434638+1000 0x1329     Default     0x15f6               391    0    secd: (Security) [com.apple.securityd:SOSMonitorMode] majorVersion: 20
2023-04-05 07:48:01.434674+1000 0x1317     Default     0x0                  512    0    assistantd: (Trial) [com.apple.trial:_] Initializing TRIClient. Trial version: TrialXP-361.11
2023-04-05 07:48:01.434792+1000 0x1301     Activity    0x3e20               510    0    neagent: (CoreServicesInternal) CFURLResolveBookmarkData
2023-04-05 07:48:01.434795+1000 0x1329     Default     0x15f6               391    0    secd: (Security) [com.apple.securityd:SOSMonitorMode] IOS Peer <PI@0x14d831710: [name: Z9] [--SrBK-C] [type: iPad] [spid: +kfjF3gS] [os: 20E246] [devid: Unknown ] [serial: XXXXXXXXXXXX] is Not Legacy
2023-04-05 07:48:01.434795+1000 0x1329     Default     0x15f6               391    0    secd: (Security) [com.apple.securityd:SOSMonitorMode] END: Circle is Not Legacy
2023-04-05 07:48:01.434814+1000 0x1329     Default     0x15f6               391    0    secd: (Security) [com.apple.securityd:sync] Changing itemsChangedBlock
2023-04-05 07:48:01.434849+1000 0x1328     Default     0x15f6               391    0    secd: [com.apple.securityd:sosaccount-state] Finishing state transition attempt (ending in ready, intended: ready, f:[none], p:[]): <OctagonStateTransitionOperation(initialize): intended:ready actual:ready> (no error)
2023-04-05 07:48:01.434861+1000 0x1329     Default     0x15f6               391    0    secd: [com.apple.securityd:initial-sync] Setting up notifications to monitor in-sync
2023-04-05 07:48:01.434861+1000 0x1328     Default     0x15f6               391    0    secd: [com.apple.securityd:sos-sm] Entering state: ready [flags: <OctagonFlags: none>]
2023-04-05 07:48:01.434864+1000 0x1328     Default     0x15f6               391    0    secd: [com.apple.securityd:sosaccount-state] State machine rests (ready, f:[none] p:[])
2023-04-05 07:48:01.434899+1000 0x1218     Error       0x0                  373    0    cfprefsd: (CoreFoundation) [com.apple.defaults:cfprefsd] Couldn't open parent path due to [2: No such file or directory]
2023-04-05 07:48:01.434906+1000 0x1329     Default     0x15f6               391    0    secd: [com.apple.securityd:acct-txn] UID: 501 - Starting as:member [SOS is monitoring] v:{(AccessoryPairing, AppleTV, BackupBagV0, ContinuityUnlock, HomeKit, NanoRegistry, PCS-Backup, PCS-CloudKit, PCS-Escrow, PCS-FDE, PCS-Feldspar, PCS-Maildrop, PCS-MasterKey, PCS-Notes, PCS-Photos, PCS-Sharing, PCS-iCloudDrive, PCS-iMessage, WatchMigration, iCloudIdentity)}
2023-04-05 07:48:01.434975+1000 0x1301     Activity    0x3e21               510    0    neagent: (CoreServicesInternal) CFURLResolveBookmarkData
2023-04-05 07:48:01.435096+1000 0x12b6     Info        0x3ce1               501    0    fmfd: (CFNetwork) TLD info from asset location is unavailable or too old. Falling back to builtin
2023-04-05 07:48:01.435099+1000 0x1329     Default     0x15f6               391    0    secd: [com.apple.securityd:initial-sync] Cancelling notifications to monitor in-sync
2023-04-05 07:48:01.435274+1000 0x10b1     Info        0x0                  448    0    sociallayerd: (CloudKit) [com.apple.cloudkit:CK] No APS environment set. Falling back to production.
2023-04-05 07:48:01.435324+1000 0x895      Default     0x0                  0      0    kernel: (ALF) ALF, hash_free: found kext_info <private>
2023-04-05 07:48:01.435325+1000 0x10b1     Info        0x0                  448    0    sociallayerd: (CloudKit) [com.apple.cloudkit:NotificationListener] Init notification listener <CKNotificationListener: 0x145923230; strategy=0, environment=production, machServiceName=com.apple.aps.sociallayerd>
2023-04-05 07:48:01.435338+1000 0x11c5     Info        0x3934               429    0    cloudd: (C2) [com.apple.c2:default] Creation of data task took 0.066 seconds for request <private> resulting in task <private>.
2023-04-05 07:48:01.435374+1000 0x10b1     Activity    0x21a4               448    0    sociallayerd: (CloudKit) client/notification-listener-register
2023-04-05 07:48:01.435452+1000 0x1329     Activity    0x3d17               391    0    secd: (Security) SecItemUpdate_ios
2023-04-05 07:48:01.435502+1000 0x11c5     Info        0x3934               429    0    cloudd: (CloudKitDaemon) [com.apple.cloudkit:Request] req: C8F7544E-4EF0-48A5-9460-B6B754CEE7FF, "<CKDFetchRecordsURLRequest: 0x143b27dc0 C8F7544E-4EF0-48A5-9460-B6B754CEE7FF>: Starting request with URL session data task <private>"
2023-04-05 07:48:01.435511+1000 0x11c5     Default     0x3934               429    0    cloudd: (CFNetwork) Task <XXXXXXXX-XXXX-XXXX-XXXX-XXXXXXXFEC9>.<1> resuming, timeouts(60.0, 604800.0) QOS(0x11) Voucher <private>
2023-04-05 07:48:01.435537+1000 0x11c5     Default     0x3934               429    0    cloudd: (CFNetwork) [Telemetry]: Activity <nw_activity 12:3[XXXXXXXX-XXXX-XXXX-XXXX-XXXXXXXC533] (reporting strategy default)> on Task <XXXXXXXX-XXXX-XXXX-XXXX-XXXXXXXFEC9>.<1> was not selected for reporting
2023-04-05 07:48:01.435661+1000 0x11ca     Default     0x3aff               429    0    cloudd: (CloudKitDaemon) [com.apple.cloudkit:OP] Operation is finishing on callback queue with an error
2023-04-05 07:48:01.435736+1000 0x1329     Default     0x3d17               391    0    secd: [com.apple.securityd:SecWarning] SecDbKeychainItemV7: serialized item exceeds reasonable size (241588 bytes)
2023-04-05 07:48:01.435768+1000 0x1301     Activity    0x3e22               510    0    neagent: (CoreServicesInternal) CFURLResolveBookmarkData
2023-04-05 07:48:01.435826+1000 0x1301     Activity    0x3e23               510    0    neagent: (CoreServicesInternal) CFURLResolveBookmarkData
2023-04-05 07:48:01.435858+1000 0x1329     Default     0x3d17               391    0    secd: [com.apple.securityd:SecWarning] SecDbKeychainItemV7: serialized item exceeds reasonable size (241588 bytes)
2023-04-05 07:48:01.435867+1000 0x1301     Activity    0x3e24               510    0    neagent: (CoreServicesInternal) CFURLResolveBookmarkData
2023-04-05 07:48:01.435901+1000 0x11ca     Default     0x3aff               429    0    cloudd: (CloudKitDaemon) [com.apple.cloudkit:OP] Finished operation <CKDFetchRecordZoneChangesOperation: 0x143d3e570; qos=Utility, operationID=0DCDA5879F3C869C, finishedChildOpIDs=[3808ED38B5F48E99], requestIDs=[XXXXXXXX-XXXX-XXXX-XXXX-XXXXXXX122E], operationGroupID=E08DE9F044F641BB, operationGroupName=EphemeralGroup, stateFlags=executing, flags=allows-cellular|allows-expensive, runningFor=0.111, <private>> metrics=<private> with error: Error Domain=NSURLErrorDomain Code=-1009 UserInfo={_kCFStreamErrorCodeKey=50, NSUnderlyingError=0x142e12c30 {Error Domain=kCFErrorDomainCFNetwork Code=-1009 UserInfo={_NSURLErrorNWPathKey=unsatisfied (No network route), _kCFStreamErrorCodeKey=50, _kCFStreamErrorDomainKey=1}}, _NSURLErrorFailingURLSessionTaskErrorKey=<private>, _NSURLErrorRelatedURLSessionTaskErrorKey=<private>, NSLocalizedDescription=<private>, NSErrorFailingURLStringKey=<private>, NSErrorFailingURLKey=<private>, _kCFStreamErrorDomainKey=1}
2023-04-05 07:48:01.435908+1000 0x1301     Activity    0x3e25               510    0    neagent: (CoreServicesInternal) CFURLResolveBookmarkData
2023-04-05 07:48:01.435944+1000 0x1301     Activity    0x3e26               510    0    neagent: (CoreServicesInternal) CFURLResolveBookmarkData
2023-04-05 07:48:01.435956+1000 0x11ca     Default     0x3c51               429    0    cloudd: (CloudKitDaemon) [com.apple.cloudkit:OP] Operation is finishing on callback queue with an error
2023-04-05 07:48:01.435978+1000 0x1301     Activity    0x3e27               510    0    neagent: (CoreServicesInternal) CFURLResolveBookmarkData
2023-04-05 07:48:01.435985+1000 0xf45      Default     0x0                  1      0    launchd: [pid/514 [ProtectedCloudK]:] uncorking exec source upfront
2023-04-05 07:48:01.435993+1000 0xf45      Default     0x0                  1      0    launchd: [pid/514 [ProtectedCloudK]:] created
2023-04-05 07:48:01.436008+1000 0x1301     Activity    0x3e28               510    0    neagent: (CoreServicesInternal) CFURLResolveBookmarkData
2023-04-05 07:48:01.436022+1000 0x1119     Activity    0x21a5               448    0    sociallayerd: (CloudKit) client/fetch-user-record-id
2023-04-05 07:48:01.436147+1000 0x11ca     Default     0x3c51               429    0    cloudd: (CloudKitDaemon) [com.apple.cloudkit:OP] Finished operation <CKDFetchRecordZoneChangesOperation: 0x143d41b90; qos=Utility, operationID=C081A7230ED1E9C1, finishedChildOpIDs=[80F921CFEB7C2A39], requestIDs=[XXXXXXXX-XXXX-XXXX-XXXX-XXXXXXX7A39], operationGroupID=C77761A293525C86, operationGroupName=EphemeralGroup, stateFlags=executing, flags=allows-cellular|allows-expensive, runningFor=0.111, <private>> metrics=<private> with error: Error Domain=NSURLErrorDomain Code=-1009 UserInfo={_kCFStreamErrorCodeKey=50, NSUnderlyingError=0x142f1dbd0 {Error Domain=kCFErrorDomainCFNetwork Code=-1009 UserInfo={_NSURLErrorNWPathKey=unsatisfied (No network route), _kCFStreamErrorCodeKey=50, _kCFStreamErrorDomainKey=1}}, _NSURLErrorFailingURLSessionTaskErrorKey=<private>, _NSURLErrorRelatedURLSessionTaskErrorKey=<private>, NSLocalizedDescription=<private>, NSErrorFailingURLStringKey=<private>, NSErrorFailingURLKey=<private>, _kCFStreamErrorDomainKey=1}
2023-04-05 07:48:01.436247+1000 0x1301     Activity    0x3e29               510    0    neagent: (CoreServicesInternal) CFURLResolveBookmarkData
2023-04-05 07:48:01.436292+1000 0x1301     Activity    0x3e2a               510    0    neagent: (CoreServicesInternal) CFURLResolveBookmarkData
2023-04-05 07:48:01.436430+1000 0x1283     Default     0x3bee               477    7    homed: (HomeKitBackingStore) [com.apple.HomeKit:CloudZone] [Production.Private.com.apple.homekit/trust-XXXXXXXX-XXXX-XXXX-XXXX-XXXXXXXDF28] [XXXXXXXX-XXXX-XXXX-XXXX-XXXXXXX6BA8] CKFetchRecordZoneChangesOperation failed: <CKError 0x11fe2b1a0: "Network Unavailable" (3/NSURLErrorDomain:-1009); "The internet connection appears to be offline."; task = LocalDataTask <XXXXXXXX-XXXX-XXXX-XXXX-XXXXXXX1C41>.<2>>
2023-04-05 07:48:01.436436+1000 0x1283     Info        0x3bee               477    7    homed: (HomeKitBackingStore) [com.apple.HomeKit:HMBLocalZoneInput] [Production.Private.com.apple.homekit/trust-XXXXXXXX-XXXX-XXXX-XXXX-XXXXXXXDF28/25] Aborting local zone input
2023-04-05 07:48:01.436482+1000 0x1283     Info        0x3bee               477    7    homed: (HomeKitBackingStore) [com.apple.HomeKit:HMBLocalSQLContextInputBlock] [25/1] [XXXXXXXX-XXXX-XXXX-XXXX-XXXXXXX50AA] Aborting input block
2023-04-05 07:48:01.436674+1000 0x12f8     Default     0x3c32               477    7    homed: (HomeKitBackingStore) [com.apple.HomeKit:CloudZone] [Production.Private.com.apple.homekit/user-data-private-XXXXXXXX-XXXX-XXXX-XXXX-XXXXXXXDF28] [XXXXXXXX-XXXX-XXXX-XXXX-XXXXXXX7D54] CKFetchRecordZoneChangesOperation failed: <CKError 0x12fe952c0: "Network Unavailable" (3/NSURLErrorDomain:-1009); "The internet connection appears to be offline."; task = LocalDataTask <XXXXXXXX-XXXX-XXXX-XXXX-XXXXXXX0843>.<3>>
2023-04-05 07:48:01.436678+1000 0x12f8     Info        0x3c32               477    7    homed: (HomeKitBackingStore) [com.apple.HomeKit:HMBLocalZoneInput] [Production.Private.com.apple.homekit/user-data-private-XXXXXXXX-XXXX-XXXX-XXXX-XXXXXXXDF28/27] Aborting local zone input
2023-04-05 07:48:01.436681+1000 0x12f8     Info        0x3c32               477    7    homed: (HomeKitBackingStore) [com.apple.HomeKit:HMBLocalSQLContextInputBlock] [27/1] [XXXXXXXX-XXXX-XXXX-XXXX-XXXXXXX83FF] Aborting input block
2023-04-05 07:48:01.436736+1000 0x1301     Activity    0x3e2b               510    0    neagent: (CoreServicesInternal) CFURLResolveBookmarkData
2023-04-05 07:48:01.436814+1000 0x1329     Default     0x3d17               391    0    secd: [com.apple.securityd:SecWarning] SecDbKeychainItemV7: item's secret data exceeds reasonable size (239600 bytes) (com.apple.security.sos)
2023-04-05 07:48:01.436829+1000 0x1283     Info        0x3bee               477    7    homed: (HomeKitBackingStore) [com.apple.HomeKit:CloudDatabase] [com.apple.homekit] Will retry cloud operation after 60.00 seconds
2023-04-05 07:48:01.436832+1000 0x1283     Info        0x3bee               477    7    homed: (HomeKitBackingStore) [com.apple.HomeKit:CloudZone] [Production.Private.com.apple.homekit/trust-XXXXXXXX-XXXX-XXXX-XXXX-XXXXXXXDF28] [XXXXXXXX-XXXX-XXXX-XXXX-XXXXXXX6BA8] CKFetchRecordZoneChangesOperation will be retried
2023-04-05 07:48:01.436906+1000 0x1301     Activity    0x3e2c               510    0    neagent: (CoreServicesInternal) CFURLResolveBookmarkData
2023-04-05 07:48:01.436963+1000 0x12f8     Info        0x3c32               477    7    homed: (HomeKitBackingStore) [com.apple.HomeKit:CloudDatabase] [com.apple.homekit] Will retry cloud operation after 60.00 seconds
2023-04-05 07:48:01.437013+1000 0x12f8     Info        0x3c32               477    7    homed: (HomeKitBackingStore) [com.apple.HomeKit:CloudZone] [Production.Private.com.apple.homekit/user-data-private-XXXXXXXX-XXXX-XXXX-XXXX-XXXXXXXDF28] [XXXXXXXX-XXXX-XXXX-XXXX-XXXXXXX7D54] CKFetchRecordZoneChangesOperation will be retried
2023-04-05 07:48:01.437014+1000 0x1301     Activity    0x3e2d               510    0    neagent: (CoreServicesInternal) CFURLResolveBookmarkData
2023-04-05 07:48:01.437077+1000 0x1283     Default     0x3bee               477    0    homed: (CloudKit) [com.apple.cloudkit:OP] Finished operation <CKFetchRecordZoneChangesOperation: 0x12fe8ffc0; databaseScope=Private, operationID=0DCDA5879F3C869C, resolvedConfig={ timeoutForRequest=60, discretionary=Non-Disc }, qos=Utility, stateFlags=executing, <private>>  with error: Error Domain=NSURLErrorDomain Code=-1009 "The internet connection appears to be offline." UserInfo={_kCFStreamErrorDomainKey=1, _NSURLErrorFailingURLSessionTaskErrorKey=LocalDataTask <XXXXXXXX-XXXX-XXXX-XXXX-XXXXXXX1C41>.<2>, _NSURLErrorRelatedURLSessionTaskErrorKey=(
    "LocalDataTask <XXXXXXXX-XXXX-XXXX-XXXX-XXXXXXX1C41>.<2>"
), NSLocalizedDescription=The internet connection appears to be offline., NSErrorFailingURLStringKey=https://gateway.icloud.com:443/ckdatabase/api/client/record/sync, NSErrorFailingURLKey=https://gateway.icloud.com:443/ckdatabase/api/client/record/sync, _kCFStreamErrorCodeKey=50}
2023-04-05 07:48:01.437096+1000 0x1301     Activity    0x3e2e               510    0    neagent: (CoreServicesInternal) CFURLResolveBookmarkData
2023-04-05 07:48:01.437105+1000 0x12f8     Default     0x3c32               477    0    homed: (CloudKit) [com.apple.cloudkit:OP] Finished operation <CKFetchRecordZoneChangesOperation: 0x12fe95690; databaseScope=Private, operationID=C081A7230ED1E9C1, resolvedConfig={ timeoutForRequest=60, discretionary=Non-Disc }, qos=Utility, stateFlags=executing, <private>>  with error: Error Domain=NSURLErrorDomain Code=-1009 "The internet connection appears to be offline." UserInfo={_kCFStreamErrorDomainKey=1, _NSURLErrorFailingURLSessionTaskErrorKey=LocalDataTask <XXXXXXXX-XXXX-XXXX-XXXX-XXXXXXX0843>.<3>, _NSURLErrorRelatedURLSessionTaskErrorKey=(
    "LocalDataTask <XXXXXXXX-XXXX-XXXX-XXXX-XXXXXXX0843>.<3>"
), NSLocalizedDescription=The internet connection appears to be offline., NSErrorFailingURLStringKey=https://gateway.icloud.com:443/ckdatabase/api/client/record/sync, NSErrorFailingURLKey=https://gateway.icloud.com:443/ckdatabase/api/client/record/sync, _kCFStreamErrorCodeKey=50}
2023-04-05 07:48:01.437126+1000 0x1283     Info        0x3bee               477    0    homed: (CloudKit) [com.apple.cloudkit:CK] Operation 0DCDA5879F3C869C finished with error: Error Domain=NSURLErrorDomain Code=-1009 "The internet connection appears to be offline." UserInfo={_kCFStreamErrorDomainKey=1, _NSURLErrorFailingURLSessionTaskErrorKey=LocalDataTask <XXXXXXXX-XXXX-XXXX-XXXX-XXXXXXX1C41>.<2>, _NSURLErrorRelatedURLSessionTaskErrorKey=(
    "LocalDataTask <XXXXXXXX-XXXX-XXXX-XXXX-XXXXXXX1C41>.<2>"
), NSLocalizedDescription=The internet connection appears to be offline., NSErrorFailingURLStringKey=https://gateway.icloud.com:443/ckdatabase/api/client/record/sync, NSErrorFailingURLKey=https://gateway.icloud.com:443/ckdatabase/api/client/record/sync, _kCFStreamErrorCodeKey=50}Error Domain=CKErrorDomain Code=3 UserInfo={NSDebugDescription=<private>, NSUnderlyingError=0x12fe98f80 {Error Domain=NSURLErrorDomain Code=-1009 UserInfo={_kCFStreamErrorDomainKey=1, _NSURLErrorFailingURLSessionTaskErrorKey=<private>, _NSURLErrorRelatedURLSessionTaskErrorKey=<private>, NSLocalizedDescription=<private>, NSErrorFailingURLStringKey=<pr
2023-04-05 07:48:01.437138+1000 0x1301     Activity    0x3e2f               510    0    neagent: (CoreServicesInternal) CFURLResolveBookmarkData
2023-04-05 07:48:01.437151+1000 0x1283     Activity    0x3de0               477    0    homed: (CloudKit) client/submit-event-metric
2023-04-05 07:48:01.437155+1000 0x1283     Info        0x3de0               477    0    homed: (CloudKit) [com.apple.cloudkit:CK] Client submitting CKEventMetric CD8DB9AC-8DE1-4604-A45C-5E0B79184DA0.
2023-04-05 07:48:01.437172+1000 0x1301     Activity    0x3e30               510    0    neagent: (CoreServicesInternal) CFURLResolveBookmarkData
2023-04-05 07:48:01.437209+1000 0x1301     Activity    0x3e31               510    0    neagent: (CoreServicesInternal) CFURLResolveBookmarkData
2023-04-05 07:48:01.437245+1000 0x12f8     Info        0x3c32               477    0    homed: (CloudKit) [com.apple.cloudkit:CK] Operation C081A7230ED1E9C1 finished with error: Error Domain=NSURLErrorDomain Code=-1009 "The internet connection appears to be offline." UserInfo={_kCFStreamErrorDomainKey=1, _NSURLErrorFailingURLSessionTaskErrorKey=LocalDataTask <XXXXXXXX-XXXX-XXXX-XXXX-XXXXXXX0843>.<3>, _NSURLErrorRelatedURLSessionTaskErrorKey=(
    "LocalDataTask <XXXXXXXX-XXXX-XXXX-XXXX-XXXXXXX0843>.<3>"
), NSLocalizedDescription=The internet connection appears to be offline., NSErrorFailingURLStringKey=https://gateway.icloud.com:443/ckdatabase/api/client/record/sync, NSErrorFailingURLKey=https://gateway.icloud.com:443/ckdatabase/api/client/record/sync, _kCFStreamErrorCodeKey=50}Error Domain=CKErrorDomain Code=3 UserInfo={NSDebugDescription=<private>, NSUnderlyingError=0x13123fd30 {Error Domain=NSURLErrorDomain Code=-1009 UserInfo={_kCFStreamErrorDomainKey=1, _NSURLErrorFailingURLSessionTaskErrorKey=<private>, _NSURLErrorRelatedURLSessionTaskErrorKey=<private>, NSLocalizedDescription=<private>, NSErrorFailingURLStringKey=<pr
2023-04-05 07:48:01.437273+1000 0x12f8     Activity    0x3de1               477    0    homed: (CloudKit) client/submit-event-metric
2023-04-05 07:48:01.437276+1000 0x12f8     Info        0x3de1               477    0    homed: (CloudKit) [com.apple.cloudkit:CK] Client submitting CKEventMetric A001F7E4-9DEB-4883-8E10-4747439FFD9A.
2023-04-05 07:48:01.437373+1000 0x133c     Default     0x0                  512    0    assistantd: (libMobileGestalt.dylib) No persisted cache on this platform.
2023-04-05 07:48:01.437467+1000 0x11c4     Info        0x3de0               429    0    cloudd: (CloudKitDaemon) [com.apple.cloudkit:CK] Daemon submitting CKEventMetric <private>.
2023-04-05 07:48:01.437505+1000 0x11c4     Default     0x3de0               429    0    cloudd: (CloudKitDaemon) [com.apple.cloudkit:OP] Initialized with container 0x143816090. Background: 0, cellular: 1, expensive: 1, QOS: 0x9
2023-04-05 07:48:01.437578+1000 0x11c4     Info        0x3de1               429    0    cloudd: (CloudKitDaemon) [com.apple.cloudkit:CK] Daemon submitting CKEventMetric <private>.
2023-04-05 07:48:01.437605+1000 0x11c4     Default     0x3de1               429    0    cloudd: (CloudKitDaemon) [com.apple.cloudkit:OP] Initialized with container 0x143816090. Background: 0, cellular: 1, expensive: 1, QOS: 0x9
2023-04-05 07:48:01.437707+1000 0x1329     Default     0x3d17               391    0    secd: [com.apple.securityd:engine] xxxxxxxx/xxxxxxxxe3z6cO18i: will-commit api 1 changes, txn=<SecDbConnection rw open>, 0x14d809b30
2023-04-05 07:48:01.437931+1000 0x1301     Activity    0x3e32               510    0    neagent: (CoreServicesInternal) CFURLResolveBookmarkData
2023-04-05 07:48:01.437993+1000 0x1301     Activity    0x3e33               510    0    neagent: (CoreServicesInternal) CFURLResolveBookmarkData
2023-04-05 07:48:01.438079+1000 0x1329     Default     0x15f6               391    0    secd: [com.apple.securityd:acct-txn] UID: 501 - Finished as:member [SOS is monitoring] v:{(AccessoryPairing, AppleTV, BackupBagV0, ContinuityUnlock, HomeKit, NanoRegistry, PCS-Backup, PCS-CloudKit, PCS-Escrow, PCS-FDE, PCS-Feldspar, PCS-Maildrop, PCS-MasterKey, PCS-Notes, PCS-Photos, PCS-Sharing, PCS-iCloudDrive, PCS-iMessage, WatchMigration, iCloudIdentity)}
2023-04-05 07:48:01.438116+1000 0x12b9     Default     0x3ce1               501    0    fmfd: (CFNetwork) Garbage collection for alternative services
2023-04-05 07:48:01.438143+1000 0xfa2      Default     0x0                  391    0    secd: [com.apple.securityd:initial-sync] Setting up notifications to monitor in-sync
2023-04-05 07:48:01.438222+1000 0xfa2      Default     0x0                  391    0    secd: [com.apple.securityd:acct-txn] UID: 501 - Starting as:member [SOS is monitoring] v:{(AccessoryPairing, AppleTV, BackupBagV0, ContinuityUnlock, HomeKit, NanoRegistry, PCS-Backup, PCS-CloudKit, PCS-Escrow, PCS-FDE, PCS-Feldspar, PCS-Maildrop, PCS-MasterKey, PCS-Notes, PCS-Photos, PCS-Sharing, PCS-iCloudDrive, PCS-iMessage, WatchMigration, iCloudIdentity)}
2023-04-05 07:48:01.438241+1000 0xfa2      Default     0x0                  391    0    secd: [com.apple.securityd:initial-sync] Cancelling notifications to monitor in-sync
2023-04-05 07:48:01.438402+1000 0xf45      Default     0x0                  1      0    launchd: [pid/512 [assistantd]:] uncorking domain
2023-04-05 07:48:01.438599+1000 0x1301     Activity    0x3e34               510    0    neagent: (CoreServicesInternal) CFURLResolveBookmarkData
2023-04-05 07:48:01.438601+1000 0xfa2      Default     0x0                  391    0    secd: [com.apple.securityd:acct-txn] UID: 501 - Finished as:member [SOS is monitoring] v:{(AccessoryPairing, AppleTV, BackupBagV0, ContinuityUnlock, HomeKit, NanoRegistry, PCS-Backup, PCS-CloudKit, PCS-Escrow, PCS-FDE, PCS-Feldspar, PCS-Maildrop, PCS-MasterKey, PCS-Notes, PCS-Photos, PCS-Sharing, PCS-iCloudDrive, PCS-iMessage, WatchMigration, iCloudIdentity)}
2023-04-05 07:48:01.438631+1000 0xfb8      Default     0x0                  391    0    secd: [com.apple.securityd:initial-sync] Setting up notifications to monitor in-sync
2023-04-05 07:48:01.438635+1000 0x895      Default     0x0                  0      0    kernel: (ALF) ALF, hash_free: found kext_info <private>
2023-04-05 07:48:01.438665+1000 0xfb8      Default     0x0                  391    0    secd: [com.apple.securityd:acct-txn] UID: 501 - Starting as:member [SOS is monitoring] v:{(AccessoryPairing, AppleTV, BackupBagV0, ContinuityUnlock, HomeKit, NanoRegistry, PCS-Backup, PCS-CloudKit, PCS-Escrow, PCS-FDE, PCS-Feldspar, PCS-Maildrop, PCS-MasterKey, PCS-Notes, PCS-Photos, PCS-Sharing, PCS-iCloudDrive, PCS-iMessage, WatchMigration, iCloudIdentity)}
2023-04-05 07:48:01.438677+1000 0xfb8      Default     0x0                  391    0    secd: [com.apple.securityd:initial-sync] Cancelling notifications to monitor in-sync
2023-04-05 07:48:01.438773+1000 0xf45      Default     0x0                  1      0    launchd: [pid/512 [assistantd]:] Service stub created for com.apple.siri.DeepSyncVerificationService
2023-04-05 07:48:01.438780+1000 0x1301     Activity    0x3e35               510    0    neagent: (CoreServicesInternal) CFURLResolveBookmarkData
2023-04-05 07:48:01.438834+1000 0x12b6     Default     0x3ce1               501    0    fmfd: (libsystem_networkextension.dylib) [com.apple.networkextension:] UUID cache generation changed from 0 to 12
2023-04-05 07:48:01.438903+1000 0x1301     Activity    0x3e36               510    0    neagent: (CoreServicesInternal) CFURLResolveBookmarkData
2023-04-05 07:48:01.438920+1000 0x12b6     Default     0x3ce1               501    0    fmfd: (libsystem_networkextension.dylib) [com.apple.networkextension:] UUID cache miss for com.apple.findmy
2023-04-05 07:48:01.439019+1000 0xf45      Default     0x0                  1      0    launchd: [pid/512 [assistantd]:] Service stub created for com.apple.siri.media-indexer
2023-04-05 07:48:01.439023+1000 0xfb8      Default     0x0                  391    0    secd: [com.apple.securityd:acct-txn] UID: 501 - Finished as:member [SOS is monitoring] v:{(AccessoryPairing, AppleTV, BackupBagV0, ContinuityUnlock, HomeKit, NanoRegistry, PCS-Backup, PCS-CloudKit, PCS-Escrow, PCS-FDE, PCS-Feldspar, PCS-Maildrop, PCS-MasterKey, PCS-Notes, PCS-Photos, PCS-Sharing, PCS-iCloudDrive, PCS-iMessage, WatchMigration, iCloudIdentity)}
2023-04-05 07:48:01.439053+1000 0x1329     Default     0x15f6               391    0    secd: [com.apple.securityd:initial-sync] Setting up notifications to monitor in-sync
2023-04-05 07:48:01.439083+1000 0xf45      Default     0x0                  1      0    launchd: [pid/512 [assistantd]:] Service stub created for com.apple.StreamingUnzipService
2023-04-05 07:48:01.439088+1000 0x1329     Default     0x15f6               391    0    secd: [com.apple.securityd:acct-txn] UID: 501 - Starting as:member [SOS is monitoring] v:{(AccessoryPairing, AppleTV, BackupBagV0, ContinuityUnlock, HomeKit, NanoRegistry, PCS-Backup, PCS-CloudKit, PCS-Escrow, PCS-FDE, PCS-Feldspar, PCS-Maildrop, PCS-MasterKey, PCS-Notes, PCS-Photos, PCS-Sharing, PCS-iCloudDrive, PCS-iMessage, WatchMigration, iCloudIdentity)}
2023-04-05 07:48:01.439091+1000 0x1301     Activity    0x3e37               510    0    neagent: (CoreServicesInternal) CFURLResolveBookmarkData
2023-04-05 07:48:01.439101+1000 0x1329     Default     0x15f6               391    0    secd: [com.apple.securityd:initial-sync] Cancelling notifications to monitor in-sync
2023-04-05 07:48:01.439123+1000 0xfb8      Default     0x0                  391    0    secd: [com.apple.security.ckks:ckks-sos] Circle peerID is: lmNj3aOq/6luW6iL2e3z6cO18i (null)
2023-04-05 07:48:01.439133+1000 0x12e1     Info        0x0                  507    0    osanalyticshelper: (OSAnalytics) scanned 25 logs with 1 types and 0 unknowns (sentinel is <private>)
2023-04-05 07:48:01.439218+1000 0x1301     Activity    0x3e38               510    0    neagent: (CoreServicesInternal) CFURLResolveBookmarkData
2023-04-05 07:48:01.439292+1000 0xf45      Default     0x0                  1      0    launchd: [pid/512 [assistantd]:] Service stub created for com.apple.PerfPowerTelemetryClientRegistrationService
2023-04-05 07:48:01.439334+1000 0xf45      Default     0x0                  1      0    launchd: [pid/512 [assistantd]:] Service stub created for com.apple.CGXPCServicesAgent
2023-04-05 07:48:01.439344+1000 0x1301     Activity    0x3e39               510    0    neagent: (CoreServicesInternal) CFURLResolveBookmarkData
2023-04-05 07:48:01.439356+1000 0x8ae      Default     0x1467               129    8    dasd: [com.apple.duetactivityscheduler:default] Submitted Activity: 501:com.apple.triald.cellular:71DCD8 at priority 5 with interval 259200 (Wed Apr  5 21:10:05 2023 - Sat Apr  8 21:10:05 2023)
2023-04-05 07:48:01.439406+1000 0x1329     Default     0x15f6               391    0    secd: [com.apple.securityd:acct-txn] UID: 501 - Finished as:member [SOS is monitoring] v:{(AccessoryPairing, AppleTV, BackupBagV0, ContinuityUnlock, HomeKit, NanoRegistry, PCS-Backup, PCS-CloudKit, PCS-Escrow, PCS-FDE, PCS-Feldspar, PCS-Maildrop, PCS-MasterKey, PCS-Notes, PCS-Photos, PCS-Sharing, PCS-iCloudDrive, PCS-iMessage, WatchMigration, iCloudIdentity)}
2023-04-05 07:48:01.439447+1000 0xfa2      Default     0x0                  391    0    secd: [com.apple.securityd:initial-sync] Setting up notifications to monitor in-sync
2023-04-05 07:48:01.439465+1000 0x1301     Activity    0x3e3a               510    0    neagent: (CoreServicesInternal) CFURLResolveBookmarkData
2023-04-05 07:48:01.439477+1000 0xfa2      Default     0x0                  391    0    secd: [com.apple.securityd:acct-txn] UID: 501 - Starting as:member [SOS is monitoring] v:{(AccessoryPairing, AppleTV, BackupBagV0, ContinuityUnlock, HomeKit, NanoRegistry, PCS-Backup, PCS-CloudKit, PCS-Escrow, PCS-FDE, PCS-Feldspar, PCS-Maildrop, PCS-MasterKey, PCS-Notes, PCS-Photos, PCS-Sharing, PCS-iCloudDrive, PCS-iMessage, WatchMigration, iCloudIdentity)}
2023-04-05 07:48:01.439491+1000 0xfa2      Default     0x0                  391    0    secd: [com.apple.securityd:initial-sync] Cancelling notifications to monitor in-sync
2023-04-05 07:48:01.439520+1000 0xf45      Default     0x0                  1      0    launchd: [pid/512 [assistantd]:] Service stub created for com.apple.appkit.xpc.ColorPickerImageLoader
2023-04-05 07:48:01.439528+1000 0xf45      Default     0x0                  1      0    launchd: [pid/512 [assistantd]:] Service stub created for com.apple.appkit.xpc.defaultSyncService
2023-04-05 07:48:01.439533+1000 0xf45      Default     0x0                  1      0    launchd: [pid/512 [assistantd]:] Service stub created for com.apple.appkit.xpc.documentPopoverViewService
2023-04-05 07:48:01.439538+1000 0xf45      Default     0x0                  1      0    launchd: [pid/512 [assistantd]:] Service stub created for com.apple.appkit.xpc.LegacyExternalColorPickerService.arm64
2023-04-05 07:48:01.439543+1000 0xf45      Default     0x0                  1      0    launchd: [pid/512 [assistantd]:] Service stub created for com.apple.appkit.xpc.LegacyExternalColorPickerService.x86_64
2023-04-05 07:48:01.439548+1000 0xf45      Default     0x0                  1      0    launchd: [pid/512 [assistantd]:] Service stub created for com.apple.appkit.xpc.sandboxedServiceRunner
2023-04-05 07:48:01.439552+1000 0xf45      Default     0x0                  1      0    launchd: [pid/512 [assistantd]:] Service stub created for com.apple.appkit.xpc.WindowSharingControlViewService
2023-04-05 07:48:01.439557+1000 0xf45      Default     0x0                  1      0    launchd: [pid/512 [assistantd]:] Service stub created for com.apple.automator.xpc.workflowServiceRunner
2023-04-05 07:48:01.439562+1000 0xf45      Default     0x0                  1      0    launchd: [pid/512 [assistantd]:] Service stub created for com.apple.appkit.xpc.VersionsUIHelper
2023-04-05 07:48:01.439567+1000 0xf45      Default     0x0                  1      0    launchd: [pid/512 [assistantd]:] Service stub created for com.apple.appkit.xpc.openAndSavePanelService
2023-04-05 07:48:01.439646+1000 0x8ae      Default     0x1467               129    8    dasd: [com.apple.duetactivityscheduler:scoring] Activity <private>: Optimal Score 0.4396 at <private> (Valid Until: <private>)
2023-04-05 07:48:01.439713+1000 0xf45      Default     0x0                  1      0    launchd: [pid/512 [assistantd]:] Service stub created for com.apple.externalaccessory.WACEAService
2023-04-05 07:48:01.439747+1000 0xf45      Default     0x0                  1      0    launchd: [pid/512 [assistantd]:] Service stub created for com.apple.foundation.UserScriptService
2023-04-05 07:48:01.439800+1000 0xfa2      Default     0x0                  391    0    secd: [com.apple.securityd:acct-txn] UID: 501 - Finished as:member [SOS is monitoring] v:{(AccessoryPairing, AppleTV, BackupBagV0, ContinuityUnlock, HomeKit, NanoRegistry, PCS-Backup, PCS-CloudKit, PCS-Escrow, PCS-FDE, PCS-Feldspar, PCS-Maildrop, PCS-MasterKey, PCS-Notes, PCS-Photos, PCS-Sharing, PCS-iCloudDrive, PCS-iMessage, WatchMigration, iCloudIdentity)}
2023-04-05 07:48:01.439824+1000 0x1329     Default     0x15f6               391    0    secd: [com.apple.securityd:initial-sync] Setting up notifications to monitor in-sync
2023-04-05 07:48:01.439852+1000 0x1329     Default     0x15f6               391    0    secd: [com.apple.securityd:acct-txn] UID: 501 - Starting as:member [SOS is monitoring] v:{(AccessoryPairing, AppleTV, BackupBagV0, ContinuityUnlock, HomeKit, NanoRegistry, PCS-Backup, PCS-CloudKit, PCS-Escrow, PCS-FDE, PCS-Feldspar, PCS-Maildrop, PCS-MasterKey, PCS-Notes, PCS-Photos, PCS-Sharing, PCS-iCloudDrive, PCS-iMessage, WatchMigration, iCloudIdentity)}
2023-04-05 07:48:01.439863+1000 0x1329     Default     0x15f6               391    0    secd: [com.apple.securityd:initial-sync] Cancelling notifications to monitor in-sync
2023-04-05 07:48:01.439955+1000 0xf45      Default     0x0                  1      0    launchd: [pid/512 [assistantd]:] Service stub created for com.apple.ImageIOXPCService
2023-04-05 07:48:01.439992+1000 0x133f     Default     0x0                  512    0    assistantd: (CoreUtils) [com.apple.rapport:CLinkClient] RegisterRequestID 'com.apple.siri.rapport-link.request.generic'
2023-04-05 07:48:01.440076+1000 0xf45      Default     0x0                  1      0    launchd: [pid/512 [assistantd]:] Service stub created for com.apple.speech.SpeechSynthesisServerXPC
2023-04-05 07:48:01.440136+1000 0xf45      Default     0x0                  1      0    launchd: [pid/512 [assistantd]:] Service stub created for com.apple.textkit.nsattributedstringagent
2023-04-05 07:48:01.440150+1000 0xf45      Default     0x0                  1      0    launchd: [pid/512 [assistantd]:] Service stub created for com.apple.tailspin.symbolicationserver
2023-04-05 07:48:01.440199+1000 0x1329     Default     0x15f6               391    0    secd: [com.apple.securityd:acct-txn] UID: 501 - Finished as:member [SOS is monitoring] v:{(AccessoryPairing, AppleTV, BackupBagV0, ContinuityUnlock, HomeKit, NanoRegistry, PCS-Backup, PCS-CloudKit, PCS-Escrow, PCS-FDE, PCS-Feldspar, PCS-Maildrop, PCS-MasterKey, PCS-Notes, PCS-Photos, PCS-Sharing, PCS-iCloudDrive, PCS-iMessage, WatchMigration, iCloudIdentity)}
2023-04-05 07:48:01.440259+1000 0xf45      Default     0x0                  1      0    launchd: [pid/512/com.apple.audio.Core-Audio-Driver-Service.helper:] created the implicit endpoint upfront
2023-04-05 07:48:01.440263+1000 0xf45      Default     0x0                  1      0    launchd: [pid/512/com.apple.audio.Core-Audio-Driver-Service.helper:] draining messages from com.apple.audio.Core-Audio-Driver-Service.helper
2023-04-05 07:48:01.440280+1000 0xf45      Default     0x0                  1      0    launchd: [pid/512/com.apple.audio.Core-Audio-Driver-Service:] created the implicit endpoint upfront
2023-04-05 07:48:01.440282+1000 0xf45      Default     0x0                  1      0    launchd: [pid/512/com.apple.audio.Core-Audio-Driver-Service:] draining messages from com.apple.audio.Core-Audio-Driver-Service
2023-04-05 07:48:01.440285+1000 0xf45      Default     0x0                  1      0    launchd: [pid/512 [assistantd]:] Service stub created for com.apple.audio.DriverHelper
2023-04-05 07:48:01.440298+1000 0xf45      Default     0x0                  1      0    launchd: [pid/512 [assistantd]:] Service stub created for com.apple.FTLivePhotoService
2023-04-05 07:48:01.440301+1000 0xf45      Default     0x0                  1      0    launchd: [pid/512 [assistantd]:] Service stub created for com.apple.FaceTime.FTConversationService
2023-04-05 07:48:01.440314+1000 0xf45      Default     0x0                  1      0    launchd: [pid/512 [assistantd]:] Service stub created for com.apple.managedclient.pds.AirPlay
2023-04-05 07:48:01.440320+1000 0xf45      Default     0x0                  1      0    launchd: [pid/512 [assistantd]:] Service stub created for com.apple.managedclient.pds.AppleService
2023-04-05 07:48:01.440323+1000 0xf45      Default     0x0                  1      0    launchd: [pid/512 [assistantd]:] Service stub created for com.apple.managedclient.pds.Assessment
2023-04-05 07:48:01.440324+1000 0x1329     Default     0x15f6               391    0    secd: [com.apple.securityd:initial-sync] Setting up notifications to monitor in-sync
