2023-04-05 07:48:01.426932+1000 0x120a     Info        0x0                  474    0    networkserviceproxy: (NetworkServiceProxy) [com.apple.networkserviceproxy:] <NSPPrivacyProxyPolicyHandler: 0x11e8056f0> adding policy 
    order = 450
    result = {
        result-type = skip
    }
    conditions = (
        {
            condition-type = all-interfaces
        },
        {
            condition-type = account-identifier
            account-identifier = com.apple.CommCenter.BrandedCalling
        },
        {
            condition-type = platform-binary
        },
    )
2023-04-05 07:48:01.426937+1000 0x120a     Info        0x0                  474    0    networkserviceproxy: (NetworkServiceProxy) [com.apple.networkserviceproxy:] <NSPPrivacyProxyPolicyHandler: 0x11e8056f0> added policy 33
2023-04-05 07:48:01.426951+1000 0x120a     Info        0x0                  474    0    networkserviceproxy: (NetworkServiceProxy) [com.apple.networkserviceproxy:] <NSPPrivacyProxyPolicyHandler: 0x11e8056f0> adding policy 
    order = 420
    result = {
        result-type = use-netagent
        agent-uuid = XXXXXXXX-XXXX-XXXX-XXXX-XXXXXXX1010
    }
    conditions = (
        {
            condition-type = domain
            domain = mask.icloud.com
        },
        {
            condition-type = all-interfaces
        },
    )
2023-04-05 07:48:01.426958+1000 0x120a     Info        0x0                  474    0    networkserviceproxy: (NetworkServiceProxy) [com.apple.networkserviceproxy:] <NSPPrivacyProxyPolicyHandler: 0x11e8056f0> added policy 34
2023-04-05 07:48:01.426960+1000 0x11c4     Default     0x3c50               429    0    cloudd: (CloudKitDaemon) [com.apple.cloudkit:OP] Operation is finishing on callback queue with an error
2023-04-05 07:48:01.426969+1000 0x1329     Default     0x15f6               391    0    secd: (Security) [com.apple.securityd:SOSMonitorMode] IOS Peer <PI@0x14d831710: [name: Z9] [--SrBK-C] [type: iPad] [spid: +kfjF3gS] [os: 20E246] [devid: Unknown ] [serial: XXXXXXXXXX] is Not Legacy
2023-04-05 07:48:01.426971+1000 0x120a     Info        0x0                  474    0    networkserviceproxy: (NetworkServiceProxy) [com.apple.networkserviceproxy:] <NSPPrivacyProxyPolicyHandler: 0x11e8056f0> adding policy 
    order = 420
    result = {
        result-type = use-netagent
        agent-uuid = XXXXXXXX-XXXX-XXXX-XXXX-XXXXXXX1010
    }
    conditions = (
        {
            condition-type = domain
            domain = mask-h2.icloud.com
        },
        {
            condition-type = all-interfaces
        },
    )
2023-04-05 07:48:01.426972+1000 0x1329     Default     0x15f6               391    0    secd: (Security) [com.apple.securityd:accountLogState] PI:    [name: Z9] [mASrBKC_OV] [type: iPad] [spid: +kfjF3gS] [os: 20E246] [mid: xxP1XdtN] [serial: XXXXXXXXXX]
2023-04-05 07:48:01.426974+1000 0x120a     Info        0x0                  474    0    networkserviceproxy: (NetworkServiceProxy) [com.apple.networkserviceproxy:] <NSPPrivacyProxyPolicyHandler: 0x11e8056f0> added policy 35
2023-04-05 07:48:01.426979+1000 0x11c6     Info        0x3d00               429    0    cloudd: (CloudKitDaemon) [com.apple.cloudkit:Request] req: XXXXXXXX-XXXX-XXXX-XXXX-XXXXXXX7A39, "_finishOnLifecycleQueueWithError:, did finish request <private> with error Error Domain=NSURLErrorDomain Code=-1009 UserInfo={_kCFStreamErrorCodeKey=50, NSUnderlyingError=0x142f1dbd0 {Error Domain=kCFErrorDomainCFNetwork Code=-1009 UserInfo={_NSURLErrorNWPathKey=unsatisfied (No network route), _kCFStreamErrorCodeKey=50, _kCFStreamErrorDomainKey=1}}, _NSURLErrorFailingURLSessionTaskErrorKey=<private>, _NSURLErrorRelatedURLSessionTaskErrorKey=<private>, NSLocalizedDescription=<private>, NSErrorFailingURLStringKey=<private>, NSErrorFailingURLKey=<private>, _kCFStreamErrorDomainKey=1}"
2023-04-05 07:48:01.426989+1000 0x120a     Info        0x0                  474    0    networkserviceproxy: (NetworkServiceProxy) [com.apple.networkserviceproxy:] <NSPPrivacyProxyPolicyHandler: 0x11e8056f0> adding policy 
    order = 410
    result = {
        result-type = skip
    }
    conditions = (
        {
            condition-type = ip-protocol
            ip-protocol = 6
        },
        {
            condition-type = all-interfaces
        },
        {
            condition-type = uid
            uid = 501
        },
        {
            condition-type = local-networks
        },
    )
2023-04-05 07:48:01.426994+1000 0x120a     Info        0x0                  474    0    networkserviceproxy: (NetworkServiceProxy) [com.apple.networkserviceproxy:] <NSPPrivacyProxyPolicyHandler: 0x11e8056f0> added policy 36
2023-04-05 07:48:01.427002+1000 0x120a     Info        0x0                  474    0    networkserviceproxy: (NetworkServiceProxy) [com.apple.networkserviceproxy:] <NSPPrivacyProxyPolicyHandler: 0x11e8056f0> adding policy 
    order = 490
    result = {
        result-type = skip
    }
    conditions = (
        {
            condition-type = all-interfaces
        },
    )
2023-04-05 07:48:01.427005+1000 0x120a     Info        0x0                  474    0    networkserviceproxy: (NetworkServiceProxy) [com.apple.networkserviceproxy:] <NSPPrivacyProxyPolicyHandler: 0x11e8056f0> added policy 37
2023-04-05 07:48:01.427013+1000 0x120a     Info        0x0                  474    0    networkserviceproxy: (NetworkServiceProxy) [com.apple.networkserviceproxy:] <NSPPrivacyProxyPolicyHandler: 0x11e8056f0> adding policy 
    order = 550
    result = {
        result-type = use-netagent
        agent-uuid = XXXXXXXX-XXXX-XXXX-XXXX-XXXXXXX2A80
    }
    conditions = (
        {
            condition-type = all-interfaces
        },
    )
2023-04-05 07:48:01.427016+1000 0x120a     Info        0x0                  474    0    networkserviceproxy: (NetworkServiceProxy) [com.apple.networkserviceproxy:] <NSPPrivacyProxyPolicyHandler: 0x11e8056f0> added policy 38
2023-04-05 07:48:01.427040+1000 0x120a     Info        0x0                  474    0    networkserviceproxy: (NetworkServiceProxy) [com.apple.networkserviceproxy:] <NSPPrivacyProxyPolicyHandler: 0x11e8056f0> adding policy 
    order = 551
    result = {
        result-type = route-rules
        route-rules = (
            {
                action = remove-network-agent
                networkAgentUUID = XXXXXXXX-XXXX-XXXX-XXXX-XXXXXXX2A80
            },
            {
                action = allow
                type = cellular
            },
            {
                action = allow
                type = wifi
            },
            {
                action = allow
                type = wired
            },
        )
    }
    conditions = (
        {
            condition-type = all-interfaces
        },
    )
2023-04-05 07:48:01.427046+1000 0x120a     Info        0x0                  474    0    networkserviceproxy: (NetworkServiceProxy) [com.apple.networkserviceproxy:] <NSPPrivacyProxyPolicyHandler: 0x11e8056f0> added policy 39
2023-04-05 07:48:01.427059+1000 0x120a     Info        0x0                  474    0    networkserviceproxy: (NetworkServiceProxy) [com.apple.networkserviceproxy:] <NSPPrivacyProxyPolicyHandler: 0x11e8056f0> adding policy 
    order = 400
    result = {
        result-type = skip
    }
    conditions = (
        {
            condition-type = all-interfaces
        },
        {
            condition-type = effective-application
            application-uuid = XXXXXXXX-XXXX-XXXX-XXXX-XXXXXXXD228
        },
        {
            condition-type = platform-binary
        },
    )
2023-04-05 07:48:01.427062+1000 0x120a     Info        0x0                  474    0    networkserviceproxy: (NetworkServiceProxy) [com.apple.networkserviceproxy:] <NSPPrivacyProxyPolicyHandler: 0x11e8056f0> added policy 40
2023-04-05 07:48:01.427078+1000 0x120a     Info        0x0                  474    0    networkserviceproxy: (NetworkServiceProxy) [com.apple.networkserviceproxy:] <NSPPrivacyProxyPolicyHandler: 0x11e8056f0> adding policy 
    order = 400
    result = {
        result-type = skip
    }
    conditions = (
        {
            condition-type = effective-application
            application-uuid = XXXXXXXX-XXXX-XXXX-XXXX-XXXXXXX26F2
        },
        {
            condition-type = all-interfaces
        },
        {
            condition-type = uid
            uid = 501
        },
        {
            condition-type = platform-binary
        },
    )
2023-04-05 07:48:01.427082+1000 0x120a     Info        0x0                  474    0    networkserviceproxy: (NetworkServiceProxy) [com.apple.networkserviceproxy:] <NSPPrivacyProxyPolicyHandler: 0x11e8056f0> added policy 41
2023-04-05 07:48:01.427096+1000 0x120a     Info        0x0                  474    0    networkserviceproxy: (NetworkServiceProxy) [com.apple.networkserviceproxy:] <NSPPrivacyProxyPolicyHandler: 0x11e8056f0> adding policy 
    order = 400
    result = {
        result-type = skip
    }
    conditions = (
        {
            condition-type = effective-application
            application-uuid = XXXXXXXX-XXXX-XXXX-XXXX-XXXXXXXAEEF
        },
        {
            condition-type = all-interfaces
        },
        {
            condition-type = uid
            uid = 501
        },
        {
            condition-type = platform-binary
        },
    )
2023-04-05 07:48:01.427100+1000 0x120a     Info        0x0                  474    0    networkserviceproxy: (NetworkServiceProxy) [com.apple.networkserviceproxy:] <NSPPrivacyProxyPolicyHandler: 0x11e8056f0> added policy 42
2023-04-05 07:48:01.427113+1000 0x120a     Info        0x0                  474    0    networkserviceproxy: (NetworkServiceProxy) [com.apple.networkserviceproxy:] <NSPPrivacyProxyPolicyHandler: 0x11e8056f0> adding policy 
    order = 400
    result = {
        result-type = skip
    }
    conditions = (
        {
            condition-type = effective-application
            application-uuid = XXXXXXXX-XXXX-XXXX-XXXX-XXXXXXXB5CD
        },
        {
            condition-type = all-interfaces
        },
        {
            condition-type = platform-binary
        },
    )
2023-04-05 07:48:01.427118+1000 0x120a     Info        0x0                  474    0    networkserviceproxy: (NetworkServiceProxy) [com.apple.networkserviceproxy:] <NSPPrivacyProxyPolicyHandler: 0x11e8056f0> added policy 43
2023-04-05 07:48:01.427130+1000 0x120a     Info        0x0                  474    0    networkserviceproxy: (NetworkServiceProxy) [com.apple.networkserviceproxy:] <NSPPrivacyProxyPolicyHandler: 0x11e8056f0> adding policy 
    order = 400
    result = {
        result-type = skip
    }
    conditions = (
        {
            condition-type = effective-application
            application-uuid = XXXXXXXX-XXXX-XXXX-XXXX-XXXXXXX27D5
        },
        {
            condition-type = all-interfaces
        },
        {
            condition-type = platform-binary
        },
    )
2023-04-05 07:48:01.427133+1000 0x120a     Info        0x0                  474    0    networkserviceproxy: (NetworkServiceProxy) [com.apple.networkserviceproxy:] <NSPPrivacyProxyPolicyHandler: 0x11e8056f0> added policy 44
2023-04-05 07:48:01.427143+1000 0x11c9     Info        0x3c5f               429    0    cloudd: (CloudKitDaemon) [com.apple.cloudkit:TrafficBinary] <private>
2023-04-05 07:48:01.427146+1000 0x120a     Info        0x0                  474    0    networkserviceproxy: (NetworkServiceProxy) [com.apple.networkserviceproxy:] <NSPPrivacyProxyPolicyHandler: 0x11e8056f0> adding policy 
    order = 400
    result = {
        result-type = skip
    }
    conditions = (
        {
            condition-type = effective-application
            application-uuid = XXXXXXXX-XXXX-XXXX-XXXX-XXXXXXX9D7B
        },
        {
            condition-type = all-interfaces
        },
        {
            condition-type = platform-binary
        },
    )
2023-04-05 07:48:01.427148+1000 0x11c9     Info        0x3d00               429    0    cloudd: (CloudKitDaemon) [com.apple.cloudkit:TrafficBinary] <private>
2023-04-05 07:48:01.427149+1000 0x120a     Info        0x0                  474    0    networkserviceproxy: (NetworkServiceProxy) [com.apple.networkserviceproxy:] <NSPPrivacyProxyPolicyHandler: 0x11e8056f0> added policy 45
2023-04-05 07:48:01.427161+1000 0x120a     Info        0x0                  474    0    networkserviceproxy: (NetworkServiceProxy) [com.apple.networkserviceproxy:] <NSPPrivacyProxyPolicyHandler: 0x11e8056f0> adding policy 
    order = 400
    result = {
        result-type = skip
    }
    conditions = (
        {
            condition-type = effective-application
            application-uuid = XXXXXXXX-XXXX-XXXX-XXXX-XXXXXXX202E
        },
        {
            condition-type = all-interfaces
        },
        {
            condition-type = platform-binary
        },
    )
2023-04-05 07:48:01.427164+1000 0x120a     Info        0x0                  474    0    networkserviceproxy: (NetworkServiceProxy) [com.apple.networkserviceproxy:] <NSPPrivacyProxyPolicyHandler: 0x11e8056f0> added policy 46
2023-04-05 07:48:01.427223+1000 0x11c4     Default     0x3c50               429    0    cloudd: (CloudKitDaemon) [com.apple.cloudkit:OP] Finished operation <CKDFetchRecordZoneChangesOperation: 0x143d40b00; qos=Utility, operationID=3ABFC0058367C3AC, finishedChildOpIDs=[44786FA024B4A22D], requestIDs=[XXXXXXXX-XXXX-XXXX-XXXX-XXXXXXX48E1], operationGroupID=4A8A57E127D87D30, operationGroupName=EphemeralGroup, stateFlags=executing, flags=allows-cellular|allows-expensive, runningFor=0.102, <private>> metrics=<private> with error: Error Domain=NSURLErrorDomain Code=-1009 UserInfo={_kCFStreamErrorCodeKey=50, NSUnderlyingError=0x142e19780 {Error Domain=kCFErrorDomainCFNetwork Code=-1009 UserInfo={_NSURLErrorNWPathKey=unsatisfied (No network route), _kCFStreamErrorCodeKey=50, _kCFStreamErrorDomainKey=1}}, _NSURLErrorFailingURLSessionTaskErrorKey=<private>, _NSURLErrorRelatedURLSessionTaskErrorKey=<private>, NSLocalizedDescription=<private>, NSErrorFailingURLStringKey=<private>, NSErrorFailingURLKey=<private>, _kCFStreamErrorDomainKey=1}
2023-04-05 07:48:01.427250+1000 0x1329     Default     0x15f6               391    0    secd: (Security) [com.apple.securityd:SecError] sSHaXGEr++jyZS20pQwFgSq78A v2 peer has no views
2023-04-05 07:48:01.427274+1000 0x12a3     Info        0x3878               472    0    imagent: (IMDaemonCore) [com.apple.Messages:Warning] We failed to create the subscription: (null)  with error: Error Domain=CKErrorDomain Code=3 UserInfo={NSDebugDescription=<private>, NSUnderlyingError=0x13ba2a030 {Error Domain=NSURLErrorDomain Code=-1009 UserInfo={_kCFStreamErrorDomainKey=1, _NSURLErrorFailingURLSessionTaskErrorKey=<private>, _NSURLErrorRelatedURLSessionTaskErrorKey=<private>, NSLocalizedDescription=<private>, NSErrorFailingURLStringKey=<private>, NSErrorFailingURLKey=<private>, _kCFStreamErrorCodeKey=50}}}
2023-04-05 07:48:01.427299+1000 0x11c4     Default     0x3aff               429    0    cloudd: (CloudKitDaemon) [com.apple.cloudkit:OP] Finished operation <CKDRecordFetchAggregator: 0x143c37250; qos=Utility, operationID=3808ED38B5F48E99, operationGroupID=E08DE9F044F641BB, operationGroupName=EphemeralGroup, stateFlags=executing, flags=allows-cellular|allows-expensive, runningFor=0.091, <private>> metrics=<private>
2023-04-05 07:48:01.427395+1000 0x1329     Default     0x15f6               391    0    secd: (Security) [com.apple.securityd:SOSMonitorMode] Default Peer <PI@0x14ce12d80: [name: iCloud] [--SrbK-_] [type: Unknown ] [spid: sSHaXGEr] [os: Unknown ] [devid: Unknown ] [serial: XXXXXXXXXXXX] is Not Legacy
2023-04-05 07:48:01.427397+1000 0x12a3     Default     0x3878               472    0    imagent: (CloudKit) [com.apple.cloudkit:OP] Finished operation <CKModifySubscriptionsOperation: 0x13bd31b90; databaseScope=Private, operationID=0B44CCE4CED1C1A0, resolvedConfig={ timeoutForRequest=60, discretionary=Non-Disc }, qos=Utility, stateFlags=executing, <private>>  with error: Error Domain=NSURLErrorDomain Code=-1009 "The internet connection appears to be offline." UserInfo={_kCFStreamErrorDomainKey=1, _NSURLErrorFailingURLSessionTaskErrorKey=LocalDataTask <XXXXXXXX-XXXX-XXXX-XXXX-XXXXXXXBD21>.<2>, _NSURLErrorRelatedURLSessionTaskErrorKey=(
    "LocalDataTask <XXXXXXXX-XXXX-XXXX-XXXX-XXXXXXXBD21>.<2>"
), NSLocalizedDescription=The internet connection appears to be offline., NSErrorFailingURLStringKey=https://gateway.icloud.com:443/ckdatabase/api/client/subscription/create, NSErrorFailingURLKey=https://gateway.icloud.com:443/ckdatabase/api/client/subscription/create, _kCFStreamErrorCodeKey=50}
2023-04-05 07:48:01.427398+1000 0x1329     Default     0x15f6               391    0    secd: (Security) [com.apple.securityd:accountLogState] PI:    [name: iCloud] [mASrbK__Ov] [type: Unknown ] [spid: sSHaXGEr] [os: Unknown ] [mid: Unknown ] [serial: XXXXXXXXXX]
2023-04-05 07:48:01.427399+1000 0x1329     Default     0x15f6               391    0    secd: (Security) [com.apple.securityd:accountLogState] Applicants To Circle: None
2023-04-05 07:48:01.427399+1000 0x1329     Default     0x15f6               391    0    secd: (Security) [com.apple.securityd:accountLogState] Rejected Applicants To Circle: None
2023-04-05 07:48:01.427438+1000 0x1329     Default     0x15f6               391    0    secd: [com.apple.securityd:accountLogState] Sync: IB PeerViews: {(AccessoryPairing, AppleTV, BackupBagV0, ContinuityUnlock, HomeKit, NanoRegistry, PCS-Backup, PCS-CloudKit, PCS-Escrow, PCS-FDE, PCS-Feldspar, PCS-Maildrop, PCS-MasterKey, PCS-Notes, PCS-Photos, PCS-Sharing, PCS-iCloudDrive, PCS-iMessage, WatchMigration, iCloudIdentity)}
2023-04-05 07:48:01.427446+1000 0x1329     Default     0x15f6               391    0    secd: [com.apple.securityd:accountLogState] outstanding views: null
2023-04-05 07:48:01.427446+1000 0x1329     Default     0x15f6               391    0    secd: [com.apple.securityd:accountLogState] Finish
2023-04-05 07:48:01.427453+1000 0x1329     Default     0x15f6               391    0    secd: [com.apple.securityd:SOSMonitorMode] sosEvaluateIfNeeded - checking circle
2023-04-05 07:48:01.427471+1000 0x12a3     Info        0x3878               472    0    imagent: (CloudKit) [com.apple.cloudkit:CK] Operation 0B44CCE4CED1C1A0 finished with error: Error Domain=NSURLErrorDomain Code=-1009 "The internet connection appears to be offline." UserInfo={_kCFStreamErrorDomainKey=1, _NSURLErrorFailingURLSessionTaskErrorKey=LocalDataTask <XXXXXXXX-XXXX-XXXX-XXXX-XXXXXXXBD21>.<2>, _NSURLErrorRelatedURLSessionTaskErrorKey=(
    "LocalDataTask <XXXXXXXX-XXXX-XXXX-XXXX-XXXXXXXBD21>.<2>"
), NSLocalizedDescription=The internet connection appears to be offline., NSErrorFailingURLStringKey=https://gateway.icloud.com:443/ckdatabase/api/client/subscription/create, NSErrorFailingURLKey=https://gateway.icloud.com:443/ckdatabase/api/client/subscription/create, _kCFStreamErrorCodeKey=50}Error Domain=CKErrorDomain Code=3 UserInfo={NSDebugDescription=<private>, NSUnderlyingError=0x13ba2a030 {Error Domain=NSURLErrorDomain Code=-1009 UserInfo={_kCFStreamErrorDomainKey=1, _NSURLErrorFailingURLSessionTaskErrorKey=<private>, _NSURLErrorRelatedURLSessionTaskErrorKey=<private>, NSLocalizedDescription=<private>, NSErrorFailing
2023-04-05 07:48:01.427537+1000 0x12a3     Activity    0x387b               472    0    imagent: (CloudKit) client/submit-event-metric
2023-04-05 07:48:01.427549+1000 0x12a3     Info        0x387b               472    0    imagent: (CloudKit) [com.apple.cloudkit:CK] Client submitting CKEventMetric B71908FA-5B7E-47A7-B50F-C0585ABC720F.
2023-04-05 07:48:01.427694+1000 0x11e4     Default     0x393a               395    0    nsurlsessiond: [com.apple.nsurlsessiond:background] NDSession <XXXXXXXX-XXXX-XXXX-XXXX-XXXXXXXA6A1> Task <XXXXXXXX-XXXX-XXXX-XXXX-XXXXXXXEE78>.<1> resumeTaskWithIdentifier, props <private>
2023-04-05 07:48:01.427712+1000 0x11e4     Default     0x393a               395    0    nsurlsessiond: [com.apple.nsurlsessiond:background] NDSession <XXXXXXXX-XXXX-XXXX-XXXX-XXXXXXXA6A1> Task <XXXXXXXX-XXXX-XXXX-XXXX-XXXXXXXEE78>.<1> resuming, QOS(0x11)
2023-04-05 07:48:01.427780+1000 0x11e4     Default     0x393a               395    0    nsurlsessiond: [com.apple.nsurlsessiond:background] Task <XXXXXXXX-XXXX-XXXX-XXXX-XXXXXXXEE78>.<1> initialized appleIDAuthenticator, status codes = <private>
2023-04-05 07:48:01.427785+1000 0x11e4     Default     0x393a               395    0    nsurlsessiond: (Network) [com.apple.network:activity] Create activity <nw_activity [XXXXXXXX-XXXX-XXXX-XXXX-XXXXXXX9B46] (lightweight)>
2023-04-05 07:48:01.427818+1000 0x11e4     Default     0x393a               395    0    nsurlsessiond: [com.apple.nsurlsessiond:background] NDSession <XXXXXXXX-XXXX-XXXX-XXXX-XXXXXXXA6A1> Task <XXXXXXXX-XXXX-XXXX-XXXX-XXXXXXXEE78>.<1> resuming
2023-04-05 07:48:01.427822+1000 0x11e4     Default     0x393a               395    0    nsurlsessiond: [com.apple.nsurlsessiond:background] NDSession <XXXXXXXX-XXXX-XXXX-XXXX-XXXXXXXA6A1> Task <XXXXXXXX-XXXX-XXXX-XXXX-XXXXXXXEE78>.<1> has not requested a begin delay
2023-04-05 07:48:01.427823+1000 0x11e4     Default     0x393a               395    0    nsurlsessiond: [com.apple.nsurlsessiond:background] NDSession <XXXXXXXX-XXXX-XXXX-XXXX-XXXXXXXA6A1> Task <XXXXXXXX-XXXX-XXXX-XXXX-XXXXXXXEE78>.<1> skipping delayed request callback - delegate not implemented
2023-04-05 07:48:01.427825+1000 0x11e4     Default     0x393a               395    0    nsurlsessiond: [com.apple.nsurlsessiond:background] NDSession <XXXXXXXX-XXXX-XXXX-XXXX-XXXXXXXA6A1> Task <XXXXXXXX-XXXX-XXXX-XXXX-XXXXXXXEE78>.<1> will begin
2023-04-05 07:48:01.427835+1000 0x11e4     Default     0x393a               395    0    nsurlsessiond: (CFNetwork) Task <XXXXXXXX-XXXX-XXXX-XXXX-XXXXXXXEE78>.<1> resuming, timeouts(60.0, 604800.0) QOS(0x11) Voucher <private>
2023-04-05 07:48:01.427842+1000 0x11e4     Default     0x393a               395    0    nsurlsessiond: (CFNetwork) [Telemetry]: Activity <nw_activity 0:0[XXXXXXXX-XXXX-XXXX-XXXX-XXXXXXX9B46] (lightweight) (reporting strategy default)> on Task <XXXXXXXX-XXXX-XXXX-XXXX-XXXXXXXEE78>.<1> was not selected for reporting
2023-04-05 07:48:01.427967+1000 0x11c5     Default     0x3934               429    0    cloudd: (C2) [com.apple.c2:default] [<C2SessionTask: 0x143948aa0> setTask:BackgroundDataTask <XXXXXXXX-XXXX-XXXX-XXXX-XXXXXXXFEC9>.<1>]
2023-04-05 07:48:01.427983+1000 0x11c5     Default     0x3934               429    0    cloudd: (C2) [com.apple.c2:default] created task (CKDFetchRecordsURLRequest requestUUID:C8F7544E-4EF0-48A5-9460-B6B754CEE7FF). nsurlsessionCached (F). configurationName (route=gateway.icloud.com:outOfProcess=T:powerNap=F:app=com.apple.shortcuts:disc=Infers:duet=none:retry=F:pool=com.apple.cloudkit.BackgroundConnectionPool).
2023-04-05 07:48:01.427993+1000 0x11ca     Default     0x3c51               429    0    cloudd: (CloudKitDaemon) [com.apple.cloudkit:OP] Finished operation <CKDRecordFetchAggregator: 0x143d458e0; qos=Utility, operationID=80F921CFEB7C2A39, operationGroupID=C77761A293525C86, operationGroupName=EphemeralGroup, stateFlags=executing, flags=allows-cellular|allows-expensive, runningFor=0.091, <private>> metrics=<private>
2023-04-05 07:48:01.428044+1000 0x120a     Info        0x0                  474    0    networkserviceproxy: (NetworkServiceProxy) [com.apple.networkserviceproxy:] <NSPPrivacyProxyPolicyHandler: 0x11e8056f0> machOUUIDs For BundleIdentifier com.apple.Safari: {(
    XXXXXXXX-XXXX-XXXX-XXXX-XXXXXXXE81C,
    XXXXXXXX-XXXX-XXXX-XXXX-XXXXXXX536C
)}
2023-04-05 07:48:01.428072+1000 0x120a     Info        0x0                  474    0    networkserviceproxy: (NetworkServiceProxy) [com.apple.networkserviceproxy:] <NSPPrivacyProxyPolicyHandler: 0x11e8056f0> adding Safari Bundle policy 
    order = 470
    result = {
        result-type = skip
    }
    conditions = (
        {
            condition-type = effective-application
            application-uuid = XXXXXXXX-XXXX-XXXX-XXXX-XXXXXXXE81C
        },
        {
            condition-type = all-interfaces
        },
        {
            condition-type = uid
            uid = 501
        },
        {
            condition-type = client-flags
        },
    )
2023-04-05 07:48:01.428080+1000 0x120a     Info        0x0                  474    0    networkserviceproxy: (NetworkServiceProxy) [com.apple.networkserviceproxy:] <NSPPrivacyProxyPolicyHandler: 0x11e8056f0> added Safari Bundle policy 47
2023-04-05 07:48:01.428096+1000 0x120a     Info        0x0                  474    0    networkserviceproxy: (NetworkServiceProxy) [com.apple.networkserviceproxy:] <NSPPrivacyProxyPolicyHandler: 0x11e8056f0> adding Safari Bundle policy 
    order = 470
    result = {
        result-type = skip
    }
    conditions = (
        {
            condition-type = effective-application
            application-uuid = XXXXXXXX-XXXX-XXXX-XXXX-XXXXXXX536C
        },
        {
            condition-type = all-interfaces
        },
        {
            condition-type = uid
            uid = 501
        },
        {
            condition-type = client-flags
        },
    )
2023-04-05 07:48:01.428100+1000 0x120a     Info        0x0                  474    0    networkserviceproxy: (NetworkServiceProxy) [com.apple.networkserviceproxy:] <NSPPrivacyProxyPolicyHandler: 0x11e8056f0> added Safari Bundle policy 48
2023-04-05 07:48:01.428156+1000 0x12f8     Default     0x3c30               477    7    homed: (HomeKitBackingStore) [com.apple.HomeKit:CloudZone] [Production.Private.com.apple.homekit/user-data-shared-XXXXXXXX-XXXX-XXXX-XXXX-XXXXXXXDF28] [XXXXXXXX-XXXX-XXXX-XXXX-XXXXXXX348C] CKFetchRecordZoneChangesOperation failed: <CKError 0x11ff98a00: "Network Unavailable" (3/NSURLErrorDomain:-1009); "The internet connection appears to be offline."; task = LocalDataTask <XXXXXXXX-XXXX-XXXX-XXXX-XXXXXXX30C9>.<1>>
2023-04-05 07:48:01.428166+1000 0x12f8     Info        0x3c30               477    7    homed: (HomeKitBackingStore) [com.apple.HomeKit:HMBLocalZoneInput] [Production.Private.com.apple.homekit/user-data-shared-XXXXXXXX-XXXX-XXXX-XXXX-XXXXXXXDF28/26] Aborting local zone input
2023-04-05 07:48:01.428173+1000 0x12f8     Info        0x3c30               477    7    homed: (HomeKitBackingStore) [com.apple.HomeKit:HMBLocalSQLContextInputBlock] [26/1] [6D52E0F0-00B0-4191-8356-C99095B7B783] Aborting input block
2023-04-05 07:48:01.428210+1000 0x10b4     Info        0x21a2               448    0    sociallayerd: (CloudKit) [com.apple.cloudkit:Scheduler] Registering for activity identifier com.apple.SocialLayer.Production.Private.sync with XPC activity identifier com.apple.SocialLayer.Production.Private.sync
2023-04-05 07:48:01.428262+1000 0x132f     Default     0x0                  0      0    kernel: memorystatus_update(enter): pid 514, priority 40, dirty=0x0, Active(15MB NF), Inactive(15MB, NF)
2023-04-05 07:48:01.428271+1000 0x132f     Default     0x0                  0      0    kernel: memorystatus_update: init: limit on pid 514 (15MB NF) targeting priority(40) dirty?=0x0
2023-04-05 07:48:01.428296+1000 0x10b4     Default     0x21a2               448    0    sociallayerd: (libxpc.dylib) [com.apple.xpc.activity:Client] xpc_activity_register: com.apple.SocialLayer.Production.Private.sync, criteria: check-in
2023-04-05 07:48:01.428320+1000 0x12f8     Info        0x3c30               477    7    homed: (HomeKitBackingStore) [com.apple.HomeKit:CloudDatabase] [com.apple.homekit] Will retry cloud operation after 60.00 seconds
2023-04-05 07:48:01.428323+1000 0x12f8     Info        0x3c30               477    7    homed: (HomeKitBackingStore) [com.apple.HomeKit:CloudZone] [Production.Private.com.apple.homekit/user-data-shared-XXXXXXXX-XXXX-XXXX-XXXX-XXXXXXXDF28] [XXXXXXXX-XXXX-XXXX-XXXX-XXXXXXX348C] CKFetchRecordZoneChangesOperation will be retried
2023-04-05 07:48:01.428367+1000 0xf74      Info        0x0                  118    0    opendirectoryd: [com.apple.opendirectoryd:session] PID: 514, Client: 'xpcproxy', exited with 0 session(s), 0 node(s) and 0 active request(s)
2023-04-05 07:48:01.428392+1000 0xf45      Default     0x0                  1      0    launchd: [gui/501/com.apple.protectedcloudstorage.protectedcloudkeysyncing [514]:] service state: running
2023-04-05 07:48:01.428395+1000 0xf45      Default     0x0                  1      0    launchd: [gui/501/com.apple.protectedcloudstorage.protectedcloudkeysyncing [514]:] internal event: INIT, code = 0
2023-04-05 07:48:01.428401+1000 0xf45      Default     0x0                  1      0    launchd: [gui/501/com.apple.protectedcloudstorage.protectedcloudkeysyncing [514]:] Successfully spawned ProtectedCloudKeySyncing[514] because xpc event
2023-04-05 07:48:01.428442+1000 0x12f8     Default     0x3c30               477    0    homed: (CloudKit) [com.apple.cloudkit:OP] Finished operation <CKFetchRecordZoneChangesOperation: 0x131254900; databaseScope=Private, operationID=3ABFC0058367C3AC, resolvedConfig={ timeoutForRequest=60, discretionary=Non-Disc }, qos=Utility, stateFlags=executing, <private>>  with error: Error Domain=NSURLErrorDomain Code=-1009 "The internet connection appears to be offline." UserInfo={_kCFStreamErrorDomainKey=1, _NSURLErrorFailingURLSessionTaskErrorKey=LocalDataTask <XXXXXXXX-XXXX-XXXX-XXXX-XXXXXXX30C9>.<1>, _NSURLErrorRelatedURLSessionTaskErrorKey=(
    "LocalDataTask <XXXXXXXX-XXXX-XXXX-XXXX-XXXXXXX30C9>.<1>"
), NSLocalizedDescription=The internet connection appears to be offline., NSErrorFailingURLStringKey=https://gateway.icloud.com:443/ckdatabase/api/client/record/sync, NSErrorFailingURLKey=https://gateway.icloud.com:443/ckdatabase/api/client/record/sync, _kCFStreamErrorCodeKey=50}
2023-04-05 07:48:01.428481+1000 0x12f8     Info        0x3c30               477    0    homed: (CloudKit) [com.apple.cloudkit:CK] Operation 3ABFC0058367C3AC finished with error: Error Domain=NSURLErrorDomain Code=-1009 "The internet connection appears to be offline." UserInfo={_kCFStreamErrorDomainKey=1, _NSURLErrorFailingURLSessionTaskErrorKey=LocalDataTask <XXXXXXXX-XXXX-XXXX-XXXX-XXXXXXX30C9>.<1>, _NSURLErrorRelatedURLSessionTaskErrorKey=(
    "LocalDataTask <XXXXXXXX-XXXX-XXXX-XXXX-XXXXXXX30C9>.<1>"
), NSLocalizedDescription=The internet connection appears to be offline., NSErrorFailingURLStringKey=https://gateway.icloud.com:443/ckdatabase/api/client/record/sync, NSErrorFailingURLKey=https://gateway.icloud.com:443/ckdatabase/api/client/record/sync, _kCFStreamErrorCodeKey=50}Error Domain=CKErrorDomain Code=3 UserInfo={NSDebugDescription=<private>, NSUnderlyingError=0x11ff981e0 {Error Domain=NSURLErrorDomain Code=-1009 UserInfo={_kCFStreamErrorDomainKey=1, _NSURLErrorFailingURLSessionTaskErrorKey=<private>, _NSURLErrorRelatedURLSessionTaskErrorKey=<private>, NSLocalizedDescription=<private>, NSErrorFailingURLStringKey=<pr
2023-04-05 07:48:01.428564+1000 0x12f8     Activity    0x3c3f               477    0    homed: (CloudKit) client/submit-event-metric
2023-04-05 07:48:01.428567+1000 0x12f8     Info        0x3c3f               477    0    homed: (CloudKit) [com.apple.cloudkit:CK] Client submitting CKEventMetric XXXXXXXX-XXXX-XXXX-XXXX-XXXXXXX62BC.
2023-04-05 07:48:01.428898+1000 0x1142     Info        0x3c3f               429    0    cloudd: (CloudKitDaemon) [com.apple.cloudkit:CK] Daemon submitting CKEventMetric <private>.
2023-04-05 07:48:01.428914+1000 0x120a     Default     0x0                  474    0    networkserviceproxy: (libsystem_networkextension.dylib) [com.apple.networkextension:] UUID cache sandbox check failed
2023-04-05 07:48:01.428915+1000 0x120a     Default     0x0                  474    0    networkserviceproxy: (libsystem_networkextension.dylib) [com.apple.networkextension:] UUID cache miss for com.apple.mail
2023-04-05 07:48:01.428934+1000 0x1142     Default     0x3c3f               429    0    cloudd: (CloudKitDaemon) [com.apple.cloudkit:OP] Initialized with container 0x143816090. Background: 0, cellular: 1, expensive: 1, QOS: 0x9
2023-04-05 07:48:01.429042+1000 0x11c4     Info        0x387b               429    0    cloudd: (CloudKitDaemon) [com.apple.cloudkit:CK] Daemon submitting CKEventMetric <private>.
2023-04-05 07:48:01.429064+1000 0x11c4     Default     0x387b               429    0    cloudd: (CloudKitDaemon) [com.apple.cloudkit:OP] Initialized with container 0x143b26120. Background: 0, cellular: 1, expensive: 1, QOS: 0x9
2023-04-05 07:48:01.429084+1000 0xdb1      Info        0x3ce3               118    0    opendirectoryd: [com.apple.opendirectoryd:session] ODNodeCreateWithNameAndOptions completed
2023-04-05 07:48:01.429184+1000 0xf6e      Info        0x3ce3               118    0    opendirectoryd: [com.apple.opendirectoryd:session] query values were invalid for 'dsAttrTypeStandard:EMailAddress'
2023-04-05 07:48:01.429184+1000 0xf6e      Info        0x3ce3               118    0    opendirectoryd: [com.apple.opendirectoryd:session] query values were invalid for 'dsAttrTypeStandard:AltSecurityIdentities'
2023-04-05 07:48:01.429194+1000 0xf6e      Info        0x3ce3               118    0    opendirectoryd: [com.apple.opendirectoryd:session] Forward: ODQueryCreateWithNode request, NodeID: XXXXXXXX-XXXX-XXXX-XXXX-XXXXXXX38DE, RecordType(s): dsRecTypeStandard:Users, Attribute: dsAttrTypeStandard:RecordName, MatchType: EqualTo, Equality: CaseIgnore, Value(s): <private>, Requested Attributes: dsAttrTypeNative:_writers_LinkedIdentity,dsAttrTypeNative:_shadow_passwd,dsAttrTypeStandard:RecordType,dsAttrTypeStandard:MCXSettings,dsAttrTypeStandard:GeneratedUID,dsAttrTypeStandard:JPEGPhoto,dsAttrTypeStandard:HomeDirectory,dsAttrTypeNative:IsHidden,dsAttrTypeNative:LinkedIdentity,dsAttrTypeStandard:UniqueID,dsAttrTypeStandard:CopyTimestamp,dsAttrTypeNative:_writers_UserCertificate,dsAttrTypeNative:_writers_AvatarRepresentation,dsAttrTypeStandard:UserShell,dsAttrTypeNative:_writers_realname,dsAttrTypeStandard:AppleMetaRecordName,dsAttrTypeNative:_writers_picture,dsAttrTypeNative:_writers_inputSources,dsAttrTypeStandard:Picture,dsAttrTypeNative:_writers_jpegphoto,dsAttrTypeStandard:PrimaryGroupID,dsAttrTypeNative:_defaultLanguage,dsAttrTypeStandard:RealName,dsAttrTypeStandard:AppleMetaNodeLocation,dsAttrTypeStandard:Password,dsAttrTypeNative:_writers_hin<…>, Max Results: <decode: missing data>
2023-04-05 07:48:01.429218+1000 0xf6e      Info        0x3ce3               118    0    opendirectoryd: [com.apple.opendirectoryd:session] queuing request to connection - XXXXXXXX-XXXX-XXXX-XXXX-XXXXXXX321C - <private>
2023-04-05 07:48:01.429384+1000 0x1335     Activity    0x3df0               517    0    CloudKeychainProxy: (libsystem_info.dylib) Retrieve User by ID
2023-04-05 07:48:01.429669+1000 0xdb6      Info        0x3df0               118    0    opendirectoryd: [com.apple.opendirectoryd:session] UID: 0, EUID: 0, GID: 0, EGID: 0, PID: 517, PROC: xpcproxy RPC: getpwuid, Module: SystemCache, rpc_version: 2, uid: 501
2023-04-05 07:48:01.429707+1000 0xdb6      Info        0x3df0               118    0    opendirectoryd: (SystemCache) [com.apple.opendirectoryd:libinfo] Name: <private>, Node: /Local/Default
2023-04-05 07:48:01.429736+1000 0x10b4     Default     0x21a2               448    0    sociallayerd: (libxpc.dylib) [com.apple.xpc.activity:Client] _xpc_activity_register: com.apple.SocialLayer.Production.Private.sync (0x1458087f0), 0
2023-04-05 07:48:01.429737+1000 0x10b4     Default     0x21a2               448    0    sociallayerd: (libxpc.dylib) [com.apple.xpc.activity:Client] xpc_activity_set_criteria: com.apple.SocialLayer.Production.Private.sync (0x1458087f0), check-in
2023-04-05 07:48:01.429750+1000 0xf74      Info        0x3df0               118    0    opendirectoryd: [com.apple.opendirectoryd:session] getpwuid completed, delivered 1 result
2023-04-05 07:48:01.429778+1000 0x1335     Activity    0x3df1               517    0    CloudKeychainProxy: (libsystem_info.dylib) Resolve user group list
2023-04-05 07:48:01.429787+1000 0x1218     Error       0x0                  373    0    cfprefsd: (CoreFoundation) [com.apple.defaults:cfprefsd] Couldn't open parent path due to [2: No such file or directory]
2023-04-05 07:48:01.429833+1000 0xf74      Info        0x3df1               118    0    opendirectoryd: [com.apple.opendirectoryd:session] UID: 0, EUID: 0, GID: 20, EGID: 20, PID: 517, PROC: xpcproxy RPC: getgrouplist, Module: SystemCache, rpc_version: 2, ngroups: 17, name: <private>
2023-04-05 07:48:01.429861+1000 0xf74      Info        0x3df1               118    0    opendirectoryd: (SystemCache) [com.apple.opendirectoryd:systemcache.memberships] adding Network Direct & Nested to skipmask because entry is local but local users not allowed in netgroups. user: 501@/Local/Default
2023-04-05 07:48:01.429865+1000 0x1329     Default     0x15f6               391    0    secd: (Security) [com.apple.securityd:SOSMonitorMode] Checking if circle <SOSCircle@0x14d8316a0: 'ak' [2023-03-14 10:23 9] P:[
<PI@0x14d834260: [name: ComTam’s Mac mini] [--SrBK-C] [type: Mac mini] [spid: bb62Lu3F] [os: 22E252] [devid: Unknown ] [serial: XXXXXXXXXXXX] -
<PI@0x14d8324f0: [name: Mac’s Mac mini] [--SrBK-C] [type: Mac mini] [spid: /lx4X1hY] [os: 21G419] [devid: Unknown ] [serial: XXXXXXXXXXXX] -
<PI@0x14d835320: [name: ComTam’s Mac mini] [--SrBK-C] [type: Mac mini] [spid: lmNj3aOq] [os: 22E252] [devid: Unknown ] [serial: XXXXXXXXXXXX] √
<PI@0x14ce12d80: [name: iCloud] [--SrbK-_] [type: Unknown ] [spid: sSHaXGEr] [os: Unknown ] [devid: Unknown ] [serial: XXXXXXXXXXXX] -
<PI@0x14ce36920: [name: L9] [--SrbK-C] [type: iPad] [spid: u0WHubTo] [os: 20E246] [devid: Unknown ] [serial: XXXXXXXXXX] √
<PI@0x14d8333a0: [name: Mac’s Mac mini] [--SrBK-C] [type: Mac mini] [spid: DOMGDE6w] [os: 21G419] [devid: Unknown ] [serial: XXXXXXXXXXXX] -
<PI@0x14d82f220: [name: D9] [--SrbK-C] [type: iPad] [spid: g/yWWDyZ] [os: 20E246] [devid: Unknown ] [serial: XXXXXXXXXX is legacy
2023-04-05 07:48:01.429868+1000 0xf74      Info        0x3df1               118    0    opendirectoryd: (SystemCache) [com.apple.opendirectoryd:systemcache.memberships] skipping refresh Network Direct memberOf due to skipmask. user: 501@/Local/Default
2023-04-05 07:48:01.429869+1000 0xf74      Info        0x3df1               118    0    opendirectoryd: (SystemCache) [com.apple.opendirectoryd:systemcache.memberships] skipping refresh Network Nested memberOf due to skipmask. user: 501@/Local/Default
2023-04-05 07:48:01.429884+1000 0x1301     Activity    0x3dc5               510    0    neagent: (CoreServicesInternal) CFURLResolveBookmarkData
2023-04-05 07:48:01.429887+1000 0x1329     Default     0x15f6               391    0    secd: (Security) [com.apple.securityd:SOSMonitorMode] Parsing :22E252:
2023-04-05 07:48:01.429888+1000 0x1329     Default     0x15f6               391    0    secd: (Security) [com.apple.securityd:SOSMonitorMode] majorVersion: 22
2023-04-05 07:48:01.429906+1000 0xf74      Info        0x3df1               118    0    opendirectoryd: [com.apple.opendirectoryd:session] getgrouplist completed, delivered 16 results
2023-04-05 07:48:01.429948+1000 0x1301     Activity    0x3dc6               510    0    neagent: (CoreServicesInternal) CFURLResolveBookmarkData
2023-04-05 07:48:01.429998+1000 0x1301     Activity    0x3dc7               510    0    neagent: (CoreServicesInternal) CFURLResolveBookmarkData
2023-04-05 07:48:01.430021+1000 0x1218     Error       0x0                  373    0    cfprefsd: (CoreFoundation) [com.apple.defaults:cfprefsd] Couldn't open parent path due to [2: No such file or directory]
2023-04-05 07:48:01.430048+1000 0x1301     Activity    0x3dc8               510    0    neagent: (CoreServicesInternal) CFURLResolveBookmarkData
2023-04-05 07:48:01.430056+1000 0x1335     Activity    0x3df2               517    0    CloudKeychainProxy: (libsystem_info.dylib) Membership API: translate identifier
2023-04-05 07:48:01.430094+1000 0x1301     Activity    0x3dc9               510    0    neagent: (CoreServicesInternal) CFURLResolveBookmarkData
2023-04-05 07:48:01.430138+1000 0x1301     Activity    0x3dca               510    0    neagent: (CoreServicesInternal) CFURLResolveBookmarkData
2023-04-05 07:48:01.430158+1000 0xdb6      Info        0x3df2               118    0    opendirectoryd: [com.apple.opendirectoryd:session] UID: 501, EUID: 501, GID: 20, EGID: 20, PID: 517, PROC: xpcproxy RPC: mbr_identifier_translate, Module: SystemCache, Type: <private>, Value: <private>, Requesting: <private>
2023-04-05 07:48:01.430175+1000 0x1301     Activity    0x3dcb               510    0    neagent: (CoreServicesInternal) CFURLResolveBookmarkData
2023-04-05 07:48:01.430179+1000 0xdb6      Info        0x3df2               118    0    opendirectoryd: (SystemCache) [com.apple.opendirectoryd:systemcache.memberships] UUID: 683DAB69-988B-48C6-89DF-6E9FBD2218AA, user: 501@/Local/Default
2023-04-05 07:48:01.430215+1000 0xdb6      Info        0x3df2               118    0    opendirectoryd: [com.apple.opendirectoryd:session] mbr_identifier_translate completed, delivered 1 result
2023-04-05 07:48:01.430258+1000 0x124f     Default     0x393a               395    0    nsurlsessiond: (CFNetwork) [com.apple.CFNetwork:ATS] Task <XXXXXXXX-XXXX-XXXX-XXXX-XXXXXXXEE78>.<1> {strength 0, tls 4, sub 0, sig 1, ciphers 0, bundle 1, builtin 0}
2023-04-05 07:48:01.430273+1000 0x1329     Default     0x15f6               391    0    secd: (Security) [com.apple.securityd:SOSMonitorMode] MacOS Peer <PI@0x14d834260: [name: ComTam’s Mac mini] [--SrBK-C] [type: Mac mini] [spid: bb62Lu3F] [os: 22E252] [devid: Unknown ] [serial: XXXXXXXXXXXX] is Not Legacy
2023-04-05 07:48:01.430281+1000 0x1329     Default     0x15f6               391    0    secd: (Security) [com.apple.securityd:SOSMonitorMode] Parsing :21G419:
2023-04-05 07:48:01.430282+1000 0x1329     Default     0x15f6               391    0    secd: (Security) [com.apple.securityd:SOSMonitorMode] majorVersion: 21
2023-04-05 07:48:01.430400+1000 0xf6e      Info        0x3ce3               118    0    opendirectoryd: (PlistFile) [com.apple.opendirectoryd:session] found via filename '<private>'
2023-04-05 07:48:01.430655+1000 0x1301     Activity    0x3dcc               510    0    neagent: (CoreServicesInternal) CFURLResolveBookmarkData
2023-04-05 07:48:01.430679+1000 0x1329     Default     0x15f6               391    0    secd: (Security) [com.apple.securityd:SOSMonitorMode] MacOS Peer <PI@0x14d8324f0: [name: Mac’s Mac mini] [--SrBK-C] [type: Mac mini] [spid: /lx4X1hY] [os: 21G419] [devid: Unknown ] [serial: XXXXXXXXXXXX] is Not Legacy
2023-04-05 07:48:01.430687+1000 0x1329     Default     0x15f6               391    0    secd: (Security) [com.apple.securityd:SOSMonitorMode] Parsing :22E252:
2023-04-05 07:48:01.430688+1000 0x1329     Default     0x15f6               391    0    secd: (Security) [com.apple.securityd:SOSMonitorMode] majorVersion: 22
2023-04-05 07:48:01.430715+1000 0x1301     Activity    0x3dcd               510    0    neagent: (CoreServicesInternal) CFURLResolveBookmarkData
2023-04-05 07:48:01.430806+1000 0xdb1      Info        0x3ce3               118    0    opendirectoryd: [com.apple.opendirectoryd:session] ACLcheck - denied 'XXXXXXXX-XXXX-XXXX-XXXX-XXXXXXX0063' (auth: none) for 'readattr' per ACE for record type 'dsRecTypeStandard:Users' attribute 'dsAttrTypeNative:LinkedIdentity'
2023-04-05 07:48:01.430946+1000 0xdb1      Info        0x3ce3               118    0    opendirectoryd: [com.apple.opendirectoryd:session] ODQueryCreateWithNode completed, delivered 1 result
2023-04-05 07:48:01.431038+1000 0x1301     Activity    0x3dce               510    0    neagent: (CoreServicesInternal) CFURLResolveBookmarkData
2023-04-05 07:48:01.431075+1000 0xdb1      Info        0x3ce3               118    0    opendirectoryd: [com.apple.opendirectoryd:session] ODQueryCreateWithNode completed, delivered 1 result
2023-04-05 07:48:01.431078+1000 0x1329     Default     0x15f6               391    0    secd: (Security) [com.apple.securityd:SOSMonitorMode] MacOS Peer <PI@0x14d835320: [name: ComTam’s Mac mini] [--SrBK-C] [type: Mac mini] [spid: lmNj3aOq] [os: 22E252] [devid: Unknown ] [serial: XXXXXXXXXXXX] is Not Legacy
2023-04-05 07:48:01.431087+1000 0x1329     Default     0x15f6               391    0    secd: (Security) [com.apple.securityd:SOSMonitorMode] Parsing :20E246:
2023-04-05 07:48:01.431088+1000 0x1329     Default     0x15f6               391    0    secd: (Security) [com.apple.securityd:SOSMonitorMode] majorVersion: 20
2023-04-05 07:48:01.431113+1000 0x1301     Activity    0x3dcf               510    0    neagent: (CoreServicesInternal) CFURLResolveBookmarkData
2023-04-05 07:48:01.431164+1000 0x1301     Activity    0x3e00               510    0    neagent: (CoreServicesInternal) CFURLResolveBookmarkData
2023-04-05 07:48:01.431206+1000 0x10b4     Info        0x21a2               448    0    sociallayerd: (CoreAnalytics) [com.apple.CoreAnalytics:client] Daemon status changed from 0 to 1
2023-04-05 07:48:01.431216+1000 0x1301     Activity    0x3e01               510    0    neagent: (CoreServicesInternal) CFURLResolveBookmarkData
2023-04-05 07:48:01.431288+1000 0x1301     Activity    0x3e02               510    0    neagent: (CoreServicesInternal) CFURLResolveBookmarkData
2023-04-05 07:48:01.431317+1000 0xe17      Info        0x3850               317    0    appleeventsd: (TCC) [com.apple.TCC:access] SEND: 0/4 synchronous to com.apple.tccd.system: request: msgID=317.7, function=TCCCreateDesignatedRequirementIdentityFromAuditTokenForService, service=kTCCServiceAppleEvents, target_token={pid:397, auid:501, euid:501},
2023-04-05 07:48:01.431330+1000 0x1329     Default     0x15f6               391    0    secd: (Security) [com.apple.securityd:SOSMonitorMode] IOS Peer <PI@0x14ce36920: [name: L9] [--SrbK-C] [type: iPad] [spid: u0WHubTo] [os: 20E246] [devid: Unknown ] [serial: XXXXXXXXXXXX] is Not Legacy
2023-04-05 07:48:01.431336+1000 0x1329     Default     0x15f6               391    0    secd: (Security) [com.apple.securityd:SOSMonitorMode] Parsing :21G419:
2023-04-05 07:48:01.431337+1000 0x1329     Default     0x15f6               391    0    secd: (Security) [com.apple.securityd:SOSMonitorMode] majorVersion: 21
2023-04-05 07:48:01.431350+1000 0x1301     Activity    0x3e03               510    0    neagent: (CoreServicesInternal) CFURLResolveBookmarkData
2023-04-05 07:48:01.431405+1000 0x1301     Activity    0x3e04               510    0    neagent: (CoreServicesInternal) CFURLResolveBookmarkData
2023-04-05 07:48:01.431509+1000 0x1329     Default     0x15f6               391    0    secd: (Security) [com.apple.securityd:SOSMonitorMode] MacOS Peer <PI@0x14d8333a0: [name: Mac’s Mac mini] [--SrBK-C] [type: Mac mini] [spid: DOMGDE6w] [os: 21G419] [devid: Unknown ] [serial: XXXXXXXXXXXX] is Not Legacy
2023-04-05 07:48:01.431512+1000 0x1329     Default     0x15f6               391    0    secd: (Security) [com.apple.securityd:SOSMonitorMode] Parsing :20E246:
2023-04-05 07:48:01.431513+1000 0x1329     Default     0x15f6               391    0    secd: (Security) [com.apple.securityd:SOSMonitorMode] majorVersion: 20
2023-04-05 07:48:01.431653+1000 0x1301     Activity    0x3e05               510    0    neagent: (CoreServicesInternal) CFURLResolveBookmarkData
2023-04-05 07:48:01.431674+1000 0x1329     Default     0x15f6               391    0    secd: (Security) [com.apple.securityd:SOSMonitorMode] IOS Peer <PI@0x14d82f220: [name: D9] [--SrbK-C] [type: iPad] [spid: g/yWWDyZ] [os: 20E246] [devid: Unknown ] [serial: XXXXXXXXXXXX] is Not Legacy
2023-04-05 07:48:01.431676+1000 0x1329     Default     0x15f6               391    0    secd: (Security) [com.apple.securityd:SOSMonitorMode] Parsing :20E246:
2023-04-05 07:48:01.431676+1000 0x1329     Default     0x15f6               391    0    secd: (Security) [com.apple.securityd:SOSMonitorMode] majorVersion: 20
2023-04-05 07:48:01.431712+1000 0x1301     Activity    0x3e06               510    0    neagent: (CoreServicesInternal) CFURLResolveBookmarkData
2023-04-05 07:48:01.431836+1000 0x1329     Default     0x15f6               391    0    secd: (Security) [com.apple.securityd:SOSMonitorMode] IOS Peer <PI@0x14d831710: [name: Z9] [--SrBK-C] [type: iPad] [spid: +kfjF3gS] [os: 20E246] [devid: Unknown ] [serial: XXXXXXXXXXXX] is Not Legacy
2023-04-05 07:48:01.431836+1000 0x1329     Default     0x15f6               391    0    secd: (Security) [com.apple.securityd:SOSMonitorMode] END: Circle is Not Legacy
2023-04-05 07:48:01.431854+1000 0x1329     Default     0x15f6               391    0    secd: [com.apple.securityd:SOSMonitorMode] sosEvaluateIfNeeded - checking circle
2023-04-05 07:48:01.431946+1000 0x1301     Activity    0x3e07               510    0    neagent: (CoreServicesInternal) CFURLResolveBookmarkData
2023-04-05 07:48:01.431965+1000 0x101e     Default     0x3850               149    0    tccd: [com.apple.TCC:access] REQUEST: tccd_uid=0, sender_pid=317, sender_uid=55, sender_auid=-1, function=TCCCreateDesignatedRequirementIdentityFromAuditTokenForService, msgID=317.7
2023-04-05 07:48:01.431989+1000 0x1301     Activity    0x3e08               510    0    neagent: (CoreServicesInternal) CFURLResolveBookmarkData
2023-04-05 07:48:01.432017+1000 0x101e     Info        0x3850               149    0    tccd: [com.apple.TCC:access] REQUEST_MSG: msgID=317.7, msg={
	service="kTCCServiceAppleEvents"
	function="TCCCreateDesignatedRequirementIdentityFromAuditTokenForService"
	target_token={pid:397, auid:501, euid:501}
	TCCD_MSG_ID="317.7"
	input_identifier=<xpc_null>
}
2023-04-05 07:48:01.432026+1000 0x1301     Activity    0x3e09               510    0    neagent: (CoreServicesInternal) CFURLResolveBookmarkData
2023-04-05 07:48:01.432067+1000 0x1301     Activity    0x3e0a               510    0    neagent: (CoreServicesInternal) CFURLResolveBookmarkData
