2023-04-05 07:48:01.440326+1000 0xf45      Default     0x0                  1      0    launchd: [pid/512 [assistantd]:] Service stub created for com.apple.AssetCacheProfilePlugin
2023-04-05 07:48:01.440330+1000 0xf45      Default     0x0                  1      0    launchd: [pid/512 [assistantd]:] Service stub created for com.apple.BTMProfileService
2023-04-05 07:48:01.440333+1000 0xf45      Default     0x0                  1      0    launchd: [pid/512 [assistantd]:] Service stub created for com.apple.managedclient.pds.CardDAV
2023-04-05 07:48:01.440336+1000 0xf45      Default     0x0                  1      0    launchd: [pid/512 [assistantd]:] Service stub created for com.apple.managedclient.pds.Certificate
2023-04-05 07:48:01.440339+1000 0xf45      Default     0x0                  1      0    launchd: [pid/512 [assistantd]:] Service stub created for com.apple.ClassroomKit.ClassroomMCXService
2023-04-05 07:48:01.440342+1000 0xf45      Default     0x0                  1      0    launchd: [pid/512 [assistantd]:] Service stub created for com.apple.managedclient.pds.EraseDevice
2023-04-05 07:48:01.440345+1000 0xf45      Default     0x0                  1      0    launchd: [pid/512 [assistantd]:] Service stub created for com.apple.managedclient.pds.Exchange
2023-04-05 07:48:01.440348+1000 0xf45      Default     0x0                  1      0    launchd: [pid/512 [assistantd]:] Service stub created for com.apple.ExecutionPolicyService
2023-04-05 07:48:01.440351+1000 0xf45      Default     0x0                  1      0    launchd: [pid/512 [assistantd]:] Service stub created for com.apple.FeatureFlagsProfileService
2023-04-05 07:48:01.440353+1000 0xf45      Default     0x0                  1      0    launchd: [pid/512 [assistantd]:] Service stub created for com.apple.managedclient.pds.FileVaultEscrow
2023-04-05 07:48:01.440356+1000 0xf45      Default     0x0                  1      0    launchd: [pid/512 [assistantd]:] Service stub created for com.apple.managedclient.pds.Firewall
2023-04-05 07:48:01.440358+1000 0x1338     Activity    0x3cf2               512    0    assistantd: (HMFoundation) HMFActivity
2023-04-05 07:48:01.440359+1000 0xf45      Default     0x0                  1      0    launchd: [pid/512 [assistantd]:] Service stub created for com.apple.managedclient.pds.FirmwarePassword
2023-04-05 07:48:01.440362+1000 0xf45      Default     0x0                  1      0    launchd: [pid/512 [assistantd]:] Service stub created for com.apple.managedclient.pds.Font
2023-04-05 07:48:01.440365+1000 0xf45      Default     0x0                  1      0    launchd: [pid/512 [assistantd]:] Service stub created for com.apple.LOMXPCService
2023-04-05 07:48:01.440366+1000 0x1329     Default     0x15f6               391    0    secd: [com.apple.securityd:acct-txn] UID: 501 - Starting as:member [SOS is monitoring] v:{(AccessoryPairing, AppleTV, BackupBagV0, ContinuityUnlock, HomeKit, NanoRegistry, PCS-Backup, PCS-CloudKit, PCS-Escrow, PCS-FDE, PCS-Feldspar, PCS-Maildrop, PCS-MasterKey, PCS-Notes, PCS-Photos, PCS-Sharing, PCS-iCloudDrive, PCS-iMessage, WatchMigration, iCloudIdentity)}
2023-04-05 07:48:01.440368+1000 0xf45      Default     0x0                  1      0    launchd: [pid/512 [assistantd]:] Service stub created for com.apple.managedclient.pds.MAIDService
2023-04-05 07:48:01.440371+1000 0xf45      Default     0x0                  1      0    launchd: [pid/512 [assistantd]:] Service stub created for com.apple.managedclient.pds.MDM
2023-04-05 07:48:01.440372+1000 0x1329     Activity    0x3d18               391    0    secd: (Security) SecItemCopyMatching_ios
2023-04-05 07:48:01.440374+1000 0xf45      Default     0x0                  1      0    launchd: [pid/512 [assistantd]:] Service stub created for com.apple.managedclient.pds.PlugInKit
2023-04-05 07:48:01.440377+1000 0xf45      Default     0x0                  1      0    launchd: [pid/512 [assistantd]:] Service stub created for com.apple.RemoteManagementMCXService
2023-04-05 07:48:01.440380+1000 0xf45      Default     0x0                  1      0    launchd: [pid/512 [assistantd]:] Service stub created for com.apple.managedclient.pds.SampleService
2023-04-05 07:48:01.440382+1000 0xf45      Default     0x0                  1      0    launchd: [pid/512 [assistantd]:] Service stub created for com.apple.managedclient.pds.SingleSignOn
2023-04-05 07:48:01.440385+1000 0xf45      Default     0x0                  1      0    launchd: [pid/512 [assistantd]:] Service stub created for com.apple.SystemExtensionsMDM
2023-04-05 07:48:01.440388+1000 0xf45      Default     0x0                  1      0    launchd: [pid/512 [assistantd]:] Service stub created for com.apple.managedclient.pds.SystemPolicy
2023-04-05 07:48:01.440391+1000 0xf45      Default     0x0                  1      0    launchd: [pid/512 [assistantd]:] Service stub created for com.apple.TCCProfileService
2023-04-05 07:48:01.440410+1000 0xf45      Default     0x0                  1      0    launchd: [pid/512 [assistantd]:] Service stub created for com.apple.extensionkitservice
2023-04-05 07:48:01.440491+1000 0xf45      Default     0x0                  1      0    launchd: [pid/512 [assistantd]:] Service stub created for com.apple.speech.localspeechrecognition
2023-04-05 07:48:01.440507+1000 0xf45      Default     0x0                  1      0    launchd: [pid/512 [assistantd]:] Service stub created for com.apple.SiriTTSService.TrialProxy
2023-04-05 07:48:01.440513+1000 0xf45      Default     0x0                  1      0    launchd: [pid/512 [assistantd]:] Service stub created for com.apple.CoreMLModelSecurityService
2023-04-05 07:48:01.440598+1000 0xf45      Default     0x0                  1      0    launchd: [pid/512 [assistantd]:] Service stub created for com.apple.SafariServices.ExtensionHelper
2023-04-05 07:48:01.440600+1000 0xf45      Default     0x0                  1      0    launchd: [pid/512 [assistantd]:] Service stub created for com.apple.SafariServices
2023-04-05 07:48:01.440647+1000 0xf45      Default     0x0                  1      0    launchd: [pid/512/com.apple.audio.AUHostingService.x86-64:] created the implicit endpoint upfront
2023-04-05 07:48:01.440651+1000 0xf45      Default     0x0                  1      0    launchd: [pid/512/com.apple.audio.AUHostingService.x86-64:] draining messages from com.apple.audio.AUHostingService.x86-64
2023-04-05 07:48:01.440658+1000 0x1215     Default     0x3934               395    0    nsurlsessiond: [com.apple.nsurlsessiond:background] NDSession <XXXXXXXX-XXXX-XXXX-XXXX-XXXXXXX585B> Task <XXXXXXXX-XXXX-XXXX-XXXX-XXXXXXXFEC9>.<1> resumeTaskWithIdentifier, props <private>
2023-04-05 07:48:01.440665+1000 0xf45      Default     0x0                  1      0    launchd: [pid/512/com.apple.audio.AUHostingService.arm64e:] created the implicit endpoint upfront
2023-04-05 07:48:01.440666+1000 0xf45      Default     0x0                  1      0    launchd: [pid/512/com.apple.audio.AUHostingService.arm64e:] draining messages from com.apple.audio.AUHostingService.arm64e
2023-04-05 07:48:01.440670+1000 0xf45      Default     0x0                  1      0    launchd: [pid/512 [assistantd]:] Service stub created for com.apple.audio.CarbonComponentScanner.x86-64
2023-04-05 07:48:01.440673+1000 0xf45      Default     0x0                  1      0    launchd: [pid/512 [assistantd]:] Service stub created for com.apple.audio.ComponentTagHelper
2023-04-05 07:48:01.440674+1000 0xf45      Default     0x0                  1      0    launchd: [pid/512 [assistantd]:] Service stub created for com.apple.audio.InfoHelper
2023-04-05 07:48:01.440676+1000 0xf45      Default     0x0                  1      0    launchd: [pid/512 [assistantd]:] Service stub created for com.apple.audio.SandboxHelper
2023-04-05 07:48:01.440691+1000 0xf45      Default     0x0                  1      0    launchd: [pid/512 [assistantd]:] Service stub created for com.apple.corespeech.xpc
2023-04-05 07:48:01.440693+1000 0x1215     Default     0x3934               395    0    nsurlsessiond: [com.apple.nsurlsessiond:background] NDSession <XXXXXXXX-XXXX-XXXX-XXXX-XXXXXXX585B> Task <XXXXXXXX-XXXX-XXXX-XXXX-XXXXXXXFEC9>.<1> resuming, QOS(0x11)
2023-04-05 07:48:01.440707+1000 0xf45      Default     0x0                  1      0    launchd: [pid/512 [assistantd]:] Service stub created for com.apple.CMValidateMovieDataReferenceService
2023-04-05 07:48:01.440725+1000 0x1329     Activity    0x3d19               391    0    secd: (Security) SecItemCopyMatching_ios
2023-04-05 07:48:01.440755+1000 0xf45      Default     0x0                  1      0    launchd: [pid/512 [assistantd]:] Service stub created for com.apple.CoreDisplay.XPCService
2023-04-05 07:48:01.440829+1000 0xf45      Default     0x0                  1      0    launchd: [pid/512 [assistantd]:] Service stub created for com.apple.internal.DataDetectorsRemoteScanner
2023-04-05 07:48:01.440852+1000 0xf45      Default     0x0                  1      0    launchd: [pid/512 [assistantd]:] Service stub created for com.apple.OSLogService
2023-04-05 07:48:01.440863+1000 0xf45      Default     0x0                  1      0    launchd: [pid/512 [assistantd]:] Service stub created for com.apple.ANECompilerService
2023-04-05 07:48:01.440866+1000 0xf45      Default     0x0                  1      0    launchd: [pid/512 [assistantd]:] Service stub created for com.apple.private.ANEStorageMaintainer
2023-04-05 07:48:01.440871+1000 0x1215     Default     0x3934               395    0    nsurlsessiond: [com.apple.nsurlsessiond:background] Task <XXXXXXXX-XXXX-XXXX-XXXX-XXXXXXXFEC9>.<1> initialized appleIDAuthenticator, status codes = <private>
2023-04-05 07:48:01.440878+1000 0xf45      Default     0x0                  1      0    launchd: [pid/512 [assistantd]:] Service stub created for com.apple.iTunesCloud.SharedListeningConnectionService
2023-04-05 07:48:01.440887+1000 0x1215     Default     0x3934               395    0    nsurlsessiond: (Network) [com.apple.network:activity] Create activity <nw_activity [XXXXXXXX-XXXX-XXXX-XXXX-XXXXXXXC533] (lightweight)>
2023-04-05 07:48:01.440948+1000 0xf45      Default     0x0                  1      0    launchd: [pid/512 [assistantd]:] Service stub created for com.apple.intents.intents-helper
2023-04-05 07:48:01.440992+1000 0xf45      Default     0x0                  1      0    launchd: [pid/512 [assistantd]:] Service stub created for com.apple.coremedia.videodecoder
2023-04-05 07:48:01.440993+1000 0xf45      Default     0x0                  1      0    launchd: [pid/512 [assistantd]:] Service stub created for com.apple.coremedia.videodecoder.zonto
2023-04-05 07:48:01.440995+1000 0xf45      Default     0x0                  1      0    launchd: [pid/512 [assistantd]:] Service stub created for com.apple.coremedia.videoencoder
2023-04-05 07:48:01.440997+1000 0xf45      Default     0x0                  1      0    launchd: [pid/512 [assistantd]:] Service stub created for com.apple.coremedia.videoencoder.zonto
2023-04-05 07:48:01.441014+1000 0x8ae      Default     0x1467               129    8    dasd: [com.apple.duetactivityscheduler:default] Submitted Activity: 501:com.apple.EscrowSecurityAlert.daily:7021D7 at priority 30 with interval 86400 (Wed Apr  5 19:47:59 2023 - Thu Apr  6 19:47:59 2023)
2023-04-05 07:48:01.441030+1000 0xf45      Default     0x0                  1      0    launchd: [pid/512 [assistantd]:] Service stub created for com.apple.coremedia.pluginformatreader
2023-04-05 07:48:01.441031+1000 0x1329     Default     0x15f6               391    0    secd: [com.apple.securityd:initial-sync] Cancelling notifications to monitor in-sync
2023-04-05 07:48:01.441032+1000 0xf45      Default     0x0                  1      0    launchd: [pid/512 [assistantd]:] Service stub created for com.apple.coremedia.pluginformatreader.zonto
2023-04-05 07:48:01.441154+1000 0xf45      Default     0x0                  1      0    launchd: [pid/512 [assistantd]:] Service stub created for com.apple.ctcategories.service
2023-04-05 07:48:01.441193+1000 0x8ae      Default     0x1467               129    8    dasd: [com.apple.duetactivityscheduler:scoring] Activity <private>: Optimal Score 0.8452 at <private> (Valid Until: <private>)
2023-04-05 07:48:01.441217+1000 0xf45      Default     0x0                  1      0    launchd: [pid/512/com.apple.siri.embeddedspeech:] created the implicit endpoint upfront
2023-04-05 07:48:01.441220+1000 0xf45      Default     0x0                  1      0    launchd: [pid/512/com.apple.siri.embeddedspeech:] draining messages from com.apple.siri.embeddedspeech
2023-04-05 07:48:01.441253+1000 0xf45      Default     0x0                  1      0    launchd: [pid/512 [assistantd]:] Service stub created for com.apple.ColorSyncXPCAgent
2023-04-05 07:48:01.441326+1000 0xf45      Default     0x0                  1      0    launchd: [pid/512 [assistantd]:] Service stub created for com.apple.desktopservices.ArchiveService
2023-04-05 07:48:01.441348+1000 0xf45      Default     0x0                  1      0    launchd: [pid/512 [assistantd]:] Service stub created for com.apple.DPSubmissionService
2023-04-05 07:48:01.441350+1000 0x1329     Default     0x15f6               391    0    secd: [com.apple.securityd:acct-txn] UID: 501 - Finished as:member [SOS is monitoring] v:{(AccessoryPairing, AppleTV, BackupBagV0, ContinuityUnlock, HomeKit, NanoRegistry, PCS-Backup, PCS-CloudKit, PCS-Escrow, PCS-FDE, PCS-Feldspar, PCS-Maildrop, PCS-MasterKey, PCS-Notes, PCS-Photos, PCS-Sharing, PCS-iCloudDrive, PCS-iMessage, WatchMigration, iCloudIdentity)}
2023-04-05 07:48:01.441362+1000 0x1215     Default     0x3934               395    0    nsurlsessiond: [com.apple.nsurlsessiond:background] NDSession <XXXXXXXX-XXXX-XXXX-XXXX-XXXXXXX585B> Task <XXXXXXXX-XXXX-XXXX-XXXX-XXXXXXXFEC9>.<1> resuming
2023-04-05 07:48:01.441364+1000 0x1329     Default     0x15f6               391    0    secd: [com.apple.securityd:octagon] Fetched SOS Self! Fetching Octagon Adapter now.
2023-04-05 07:48:01.441372+1000 0x1215     Default     0x3934               395    0    nsurlsessiond: [com.apple.nsurlsessiond:background] NDSession <XXXXXXXX-XXXX-XXXX-XXXX-XXXXXXX585B> Task <XXXXXXXX-XXXX-XXXX-XXXX-XXXXXXXFEC9>.<1> has not requested a begin delay
2023-04-05 07:48:01.441376+1000 0x1215     Default     0x3934               395    0    nsurlsessiond: [com.apple.nsurlsessiond:background] NDSession <XXXXXXXX-XXXX-XXXX-XXXX-XXXXXXX585B> Task <XXXXXXXX-XXXX-XXXX-XXXX-XXXXXXXFEC9>.<1> skipping delayed request callback - delegate not implemented
2023-04-05 07:48:01.441381+1000 0x1215     Default     0x3934               395    0    nsurlsessiond: [com.apple.nsurlsessiond:background] NDSession <XXXXXXXX-XXXX-XXXX-XXXX-XXXXXXX585B> Task <XXXXXXXX-XXXX-XXXX-XXXX-XXXXXXXFEC9>.<1> will begin
2023-04-05 07:48:01.441387+1000 0x1329     Activity    0x3d1a               391    0    secd: (Security) SecItemCopyMatching_ios
2023-04-05 07:48:01.441404+1000 0x1215     Default     0x3934               395    0    nsurlsessiond: (CFNetwork) Task <XXXXXXXX-XXXX-XXXX-XXXX-XXXXXXXFEC9>.<1> resuming, timeouts(60.0, 604800.0) QOS(0x11) Voucher <private>
2023-04-05 07:48:01.441425+1000 0xf45      Default     0x0                  1      0    launchd: [pid/512 [assistantd]:] Service stub created for com.apple.security.XPCAcmeService
2023-04-05 07:48:01.441426+1000 0x1215     Default     0x3934               395    0    nsurlsessiond: (CFNetwork) [Telemetry]: Activity <nw_activity 0:0[XXXXXXXX-XXXX-XXXX-XXXX-XXXXXXXC533] (lightweight) (reporting strategy default)> on Task <XXXXXXXX-XXXX-XXXX-XXXX-XXXXXXXFEC9>.<1> was not selected for reporting
2023-04-05 07:48:01.441427+1000 0x133b     Default     0x0                  512    0    assistantd: (CoreUtils) [com.apple.rapport:CLinkClient] RegisterRequestID 'com.apple.siri.rapport-link.request.device-circle-manager'
2023-04-05 07:48:01.441472+1000 0xf45      Default     0x0                  1      0    launchd: [pid/512 [assistantd]:] Service stub created for com.apple.Music.MPMusicPlayerApplicationControllerInternal
2023-04-05 07:48:01.441517+1000 0x855      Default     0x0                  170    0    nehelper: (libsystem_networkextension.dylib) [com.apple.networkextension:] UUID cache generation changed from 11 to 12
2023-04-05 07:48:01.441521+1000 0xf45      Default     0x0                  1      0    launchd: [pid/512/com.apple.MTLCompilerService:] created the implicit endpoint upfront
2023-04-05 07:48:01.441524+1000 0xf45      Default     0x0                  1      0    launchd: [pid/512/com.apple.MTLCompilerService:] draining messages from com.apple.MTLCompilerService
2023-04-05 07:48:01.441573+1000 0xf45      Default     0x0                  1      0    launchd: [pid/512 [assistantd]:] Service stub created for com.apple.LoginUserService
2023-04-05 07:48:01.441594+1000 0x12e1     Default     0x0                  507    0    osanalyticshelper: (OSAnalytics) Report of type '313(<private>)' not saved because the limit of 25 logs has been reached
2023-04-05 07:48:01.441610+1000 0xf45      Default     0x0                  1      0    launchd: [pid/512 [assistantd]:] Service stub created for com.apple.ZhuGeService
2023-04-05 07:48:01.441636+1000 0xf45      Default     0x0                  1      0    launchd: [pid/512 [assistantd]:] Service stub created for com.apple.security.pboxd
2023-04-05 07:48:01.441668+1000 0xf45      Default     0x0                  1      0    launchd: [user/501/com.apple.WeatherService:] created the implicit endpoint upfront
2023-04-05 07:48:01.441681+1000 0xf45      Default     0x0                  1      0    launchd: [user/501/com.apple.WeatherService:] draining messages from com.apple.WeatherService
2023-04-05 07:48:01.441681+1000 0x1329     Default     0x0                  391    0    secd: [com.apple.securityd:octagon] Fetched SOS Self! Fetching Octagon Adapter now: <OctagonCKKSPeerAdapter: SHA256:Uio/xxxxx/xxxxxxxxO2DKgSYvWQya1ALfx05hGxxxx= e:1>
2023-04-05 07:48:01.441727+1000 0xf45      Default     0x0                  1      0    launchd: [pid/512 [assistantd]:] Attempt to re-bootstrap service from different path, will use existing: service = com.apple.WeatherService, existing = /System/Library/PrivateFrameworks/WeatherFoundation.framework/Versions/A/XPCServices/WeatherService.xpc, conflicting = /System/Library/PrivateFrameworks/WeatherFoundation.framework/Versions/A/XPCServices/WeatherService_iosmac.xpc
2023-04-05 07:48:01.441732+1000 0xf45      Default     0x0                  1      0    launchd: [pid/512 [assistantd]:] Service stub created for com.apple.MediaPlayer.RemotePlayerService
2023-04-05 07:48:01.441756+1000 0xf45      Default     0x0                  1      0    launchd: [pid/512 [assistantd]:] Service stub created for com.apple.icloud.FindMyDevice.FindMyDeviceEraseXPCService
2023-04-05 07:48:01.441758+1000 0xf45      Default     0x0                  1      0    launchd: [pid/512 [assistantd]:] Service stub created for com.apple.icloud.FindMyDevice.FindMyDeviceIdentityXPCService
2023-04-05 07:48:01.441812+1000 0x1329     Activity    0x3d1b               391    0    secd: (Security) SecItemCopyMatching
2023-04-05 07:48:01.441816+1000 0x1329     Activity    0x3d1c               391    0    secd: (Security) SecItemCopyMatching_ios
2023-04-05 07:48:01.441856+1000 0xf45      Default     0x0                  1      0    launchd: [pid/517 [CloudKeychainPr]:] uncorking exec source upfront
2023-04-05 07:48:01.441861+1000 0xf45      Default     0x0                  1      0    launchd: [pid/517 [CloudKeychainPr]:] created
2023-04-05 07:48:01.441874+1000 0x1329     Activity    0x3d1d               391    0    secd: (Security) SecItemCopyMatching
2023-04-05 07:48:01.441876+1000 0x1329     Activity    0x3d1e               391    0    secd: (Security) SecItemCopyMatching_ios
2023-04-05 07:48:01.441951+1000 0xf45      Default     0x0                  1      0    launchd: [gui/501 [100007]:] failed activation: name = com.apple.assistant.device-context, flags = 0x0, requestor = assistantd[512], error = 1: Operation not permitted
2023-04-05 07:48:01.441961+1000 0x1020     Info        0x3512               438    4    syncdefaultsd: [com.apple.kvs:Connection] Accepting new XPC connection <NSXPCConnection: 0x158908af0> connection from pid 492 on mach service named com.apple.kvsd
2023-04-05 07:48:01.442000+1000 0x1020     Debug       0x3512               438    2    syncdefaultsd: [com.apple.kvs:Connection] Resuming connection <NSXPCConnection: 0x158908af0> connection from pid 492 on mach service named com.apple.kvsd
2023-04-05 07:48:01.442015+1000 0x1020     Info        0x3512               438    4    syncdefaultsd: [com.apple.kvs:Connection] Created client connection <SYDDaemonToClientConnection: 0x158908d80; clientPID=492>
2023-04-05 07:48:01.442039+1000 0x855      Default     0x0                  170    0    nehelper: [com.apple.networkextension:] Setting UUID cache generation to 13
2023-04-05 07:48:01.442146+1000 0x1329     Activity    0x3d1f               391    0    secd: (Security) SecItemCopyMatching
2023-04-05 07:48:01.442148+1000 0x1329     Activity    0x3e40               391    0    secd: (Security) SecItemCopyMatching_ios
2023-04-05 07:48:01.442194+1000 0x1329     Activity    0x3e41               391    0    secd: (Security) SecItemCopyMatching
2023-04-05 07:48:01.442196+1000 0x1329     Activity    0x3e42               391    0    secd: (Security) SecItemCopyMatching_ios
2023-04-05 07:48:01.442244+1000 0xf45      Default     0x0                  1      0    launchd: [pid/512/com.apple.siri.embeddedspeech.XXXXXXXX-XXXX-XXXX-XXXX-XXXXXXX8655:] internal event: WILL_SPAWN, code = 0
2023-04-05 07:48:01.442248+1000 0xf45      Default     0x0                  1      0    launchd: [pid/512/com.apple.siri.embeddedspeech.XXXXXXXX-XXXX-XXXX-XXXX-XXXXXXX8655:] service state: spawn scheduled
2023-04-05 07:48:01.442250+1000 0xf45      Default     0x0                  1      0    launchd: [pid/512/com.apple.siri.embeddedspeech.XXXXXXXX-XXXX-XXXX-XXXX-XXXXXXX8655:] service state: spawning
2023-04-05 07:48:01.442262+1000 0xf45      Default     0x0                  1      0    launchd: [pid/512/com.apple.siri.embeddedspeech.XXXXXXXX-XXXX-XXXX-XXXX-XXXXXXX8655:] launching: ipc (mach)
2023-04-05 07:48:01.442309+1000 0x120a     Info        0x0                  474    0    networkserviceproxy: (NetworkServiceProxy) [com.apple.networkserviceproxy:] <NSPPrivacyProxyPolicyHandler: 0x11e8056f0> adding Mail App policy 
    order = 470
    result = {
        result-type = skip
    }
    conditions = (
        {
            condition-type = effective-application
            application-uuid = XXXXXXXX-XXXX-XXXX-XXXX-XXXXXXX20AE
        },
        {
            condition-type = all-interfaces
        },
        {
            condition-type = uid
            uid = 501
        },
        {
            condition-type = client-flags
        },
    )
2023-04-05 07:48:01.442372+1000 0x120a     Info        0x0                  474    0    networkserviceproxy: (NetworkServiceProxy) [com.apple.networkserviceproxy:] <NSPPrivacyProxyPolicyHandler: 0x11e8056f0> added Mail App policy 49
2023-04-05 07:48:01.442375+1000 0x133f     Default     0x0                  512    0    assistantd: (CoreUtils) [com.apple.rapport:CLinkClient] Activate CLinkClient, CID 0x5E850003, FL 0x2000 < HHDevice >, CF 0x400000824 < iWiFi BTPipe SharedHome HHDevice >, No device
2023-04-05 07:48:01.442422+1000 0x8ae      Default     0x1467               129    8    dasd: [com.apple.duetactivityscheduler:default] Submitted Activity: 501:com.apple.mlruntimed.xpc_activity-orchestra:8C7348 at priority 5 with interval 86400 (Tue Apr  4 19:47:59 2023 - Wed Apr  5 19:47:59 2023)
2023-04-05 07:48:01.442430+1000 0x120a     Info        0x0                  474    0    networkserviceproxy: (NetworkServiceProxy) [com.apple.networkserviceproxy:] <NSPPrivacyProxyPolicyHandler: 0x11e8056f0> adding Mail App policy 
    order = 470
    result = {
        result-type = skip
    }
    conditions = (
        {
            condition-type = effective-application
            application-uuid = XXXXXXXX-XXXX-XXXX-XXXX-XXXXXXXC9EF
        },
        {
            condition-type = all-interfaces
        },
        {
            condition-type = uid
            uid = 501
        },
        {
            condition-type = client-flags
        },
    )
2023-04-05 07:48:01.442448+1000 0x120a     Info        0x0                  474    0    networkserviceproxy: (NetworkServiceProxy) [com.apple.networkserviceproxy:] <NSPPrivacyProxyPolicyHandler: 0x11e8056f0> added Mail App policy 50
2023-04-05 07:48:01.442448+1000 0xebe      Info        0x0                  407    0    rapportd: (CoreUtils) [com.apple.rapport:CLinkD] XPC connection started from assistantd:512
2023-04-05 07:48:01.442492+1000 0x120a     Info        0x0                  474    0    networkserviceproxy: (NetworkServiceProxy) [com.apple.networkserviceproxy:] <NSPPrivacyProxyPolicyHandler: 0x11e8056f0> adding Mail App policy 
    order = 470
    result = {
        result-type = skip
    }
    conditions = (
        {
            condition-type = effective-application
            application-uuid = XXXXXXXX-XXXX-XXXX-XXXX-XXXXXXXFDE6
        },
        {
            condition-type = all-interfaces
        },
        {
            condition-type = uid
            uid = 501
        },
        {
            condition-type = client-flags
        },
    )
2023-04-05 07:48:01.442506+1000 0x8ae      Default     0x1467               129    8    dasd: [com.apple.duetactivityscheduler:scoring] Activity <private>: Optimal Score 0.5438 at <private> (Valid Until: <private>)
2023-04-05 07:48:01.442506+1000 0x120a     Info        0x0                  474    0    networkserviceproxy: (NetworkServiceProxy) [com.apple.networkserviceproxy:] <NSPPrivacyProxyPolicyHandler: 0x11e8056f0> added Mail App policy 51
2023-04-05 07:48:01.442509+1000 0x1329     Default     0x0                  391    0    secd: [com.apple.securityd:octagon] SOS and Octagon keys match!
2023-04-05 07:48:01.442549+1000 0x120a     Info        0x0                  474    0    networkserviceproxy: (NetworkServiceProxy) [com.apple.networkserviceproxy:] <NSPPrivacyProxyPolicyHandler: 0x11e8056f0> adding Mail App policy 
    order = 470
    result = {
        result-type = skip
    }
    conditions = (
        {
            condition-type = effective-application
            application-uuid = XXXXXXXX-XXXX-XXXX-XXXX-XXXXXXXF835
        },
        {
            condition-type = all-interfaces
        },
        {
            condition-type = uid
            uid = 501
        },
        {
            condition-type = client-flags
        },
    )
2023-04-05 07:48:01.442562+1000 0x120a     Info        0x0                  474    0    networkserviceproxy: (NetworkServiceProxy) [com.apple.networkserviceproxy:] <NSPPrivacyProxyPolicyHandler: 0x11e8056f0> added Mail App policy 52
2023-04-05 07:48:01.442576+1000 0x1333     Activity    0x3e50               514    0    ProtectedCloudKeySyncing: (libsystem_info.dylib) Retrieve User by ID
2023-04-05 07:48:01.442603+1000 0x120a     Info        0x0                  474    0    networkserviceproxy: (NetworkServiceProxy) [com.apple.networkserviceproxy:] <NSPPrivacyProxyPolicyHandler: 0x11e8056f0> adding Mail App policy 
    order = 470
    result = {
        result-type = skip
    }
    conditions = (
        {
            condition-type = effective-application
            application-uuid = XXXXXXXX-XXXX-XXXX-XXXX-XXXXXXXD924
        },
        {
            condition-type = all-interfaces
        },
        {
            condition-type = uid
            uid = 501
        },
        {
            condition-type = client-flags
        },
    )
2023-04-05 07:48:01.442616+1000 0x120a     Info        0x0                  474    0    networkserviceproxy: (NetworkServiceProxy) [com.apple.networkserviceproxy:] <NSPPrivacyProxyPolicyHandler: 0x11e8056f0> added Mail App policy 53
2023-04-05 07:48:01.442658+1000 0x120a     Info        0x0                  474    0    networkserviceproxy: (NetworkServiceProxy) [com.apple.networkserviceproxy:] <NSPPrivacyProxyPolicyHandler: 0x11e8056f0> adding Mail App policy 
    order = 470
    result = {
        result-type = skip
    }
    conditions = (
        {
            condition-type = effective-application
            application-uuid = XXXXXXXX-XXXX-XXXX-XXXX-XXXXXXX674C
        },
        {
            condition-type = all-interfaces
        },
        {
            condition-type = uid
            uid = 501
        },
        {
            condition-type = client-flags
        },
    )
2023-04-05 07:48:01.442666+1000 0x1337     Default     0x0                  512    0    assistantd: (CoreUtils) [com.apple.rapport:CLinkClient] Activate CLinkClient, CID 0x5E850002, FL 0x2000 < HHDevice >, CF 0x400000824 < iWiFi BTPipe SharedHome HHDevice >, No device
2023-04-05 07:48:01.442670+1000 0x120a     Info        0x0                  474    0    networkserviceproxy: (NetworkServiceProxy) [com.apple.networkserviceproxy:] <NSPPrivacyProxyPolicyHandler: 0x11e8056f0> added Mail App policy 54
2023-04-05 07:48:01.442710+1000 0x133b     Default     0x0                  512    0    assistantd: (CoreUtils) [com.apple.rapport:CLinkClient] RegisterRequestID 'com.apple.siri.mux.token.exchange'
2023-04-05 07:48:01.442712+1000 0x120a     Info        0x0                  474    0    networkserviceproxy: (NetworkServiceProxy) [com.apple.networkserviceproxy:] <NSPPrivacyProxyPolicyHandler: 0x11e8056f0> adding Mail App policy 
    order = 470
    result = {
        result-type = skip
    }
    conditions = (
        {
            condition-type = effective-application
            application-uuid = XXXXXXXX-XXXX-XXXX-XXXX-XXXXXXXB82B
        },
        {
            condition-type = all-interfaces
        },
        {
            condition-type = uid
            uid = 501
        },
        {
            condition-type = client-flags
        },
    )
2023-04-05 07:48:01.442730+1000 0x133b     Default     0x0                  512    0    assistantd: (CoreUtils) [com.apple.rapport:CLinkClient] Activate CLinkClient, CID 0x5E850001, FL 0x2000 < HHDevice >, CF 0x400000824 < iWiFi BTPipe SharedHome HHDevice >, No device
2023-04-05 07:48:01.442741+1000 0xfa2      Default     0x15f6               391    0    secd: [com.apple.securityd:octagon-state] Finishing state transition attempt (ending in EnsureUpdatePreapprovals, intended: EnsureUpdatePreapprovals, f:[none], p:[]): <OTEnsureOctagonKeyConsistency: finished 2023-04-04 21:48:01 +0000 2023-04-04 21:48:01 +0000> (no error)
2023-04-05 07:48:01.442760+1000 0x8ae      Default     0x1467               129    8    dasd: [com.apple.duetactivityscheduler:scoring] 501:com.apple.mlruntimed.xpc_activity-orchestra:8C7348:[
	{name: BootTimePolicy, policyWeight: 0.010, response: {Decision: Must Not Proceed, Score: 0.00, Rationale: [{[Minimum seconds after boot]: Required:120.00, Observed:27.74},]}}
	{name: DeviceActivityPolicy, policyWeight: 20.000, response: {Decision: Must Not Proceed, Score: 0.00, Rationale: [{deviceActivity == 1}]}}
	{name: NetworkQualityPolicy, policyWeight: 11.400, response: {Decision: Absolutely Must Not Proceed, Score: 0.00, Rationale: [{[networkPathAvailability]: Required:1.00, Observed:0.00},]}}
 ], FinalDecision: Absolutely Must Not Proceed}
2023-04-05 07:48:01.442764+1000 0xfa2      Default     0x15f6               391    0    secd: [com.apple.securityd:octagon] SOS is enabled; ensuring preapprovals are correct
2023-04-05 07:48:01.442852+1000 0xebe      Info        0x0                  407    0    rapportd: (CoreUtils) [com.apple.rapport:CLinkD] XPC connection started from assistantd:512
2023-04-05 07:48:01.442977+1000 0xdb6      Info        0x3e50               118    0    opendirectoryd: [com.apple.opendirectoryd:session] UID: 501, EUID: 501, GID: 20, EGID: 20, PID: 514, PROC: ProtectedCloudKeySyncing RPC: getpwuid, Module: SystemCache, rpc_version: 2, uid: 501
2023-04-05 07:48:01.442984+1000 0xfa2      Default     0x15f6               391    0    secd: [com.apple.securityd:octagon-state] Beginning state transition attempt <OTSOSUpdatePreapprovalsOperation: ready []>
2023-04-05 07:48:01.442997+1000 0xebe      Default     0x0                  407    0    rapportd: (CoreUtils) [com.apple.rapport:CLinkD] Activate: CLinkClient, CID 0x5E850003, FL 0x2000 < HHDevice >, CF 0x400000824 < iWiFi BTPipe SharedHome HHDevice >, No device, from assistantd:512
2023-04-05 07:48:01.443000+1000 0xebe      Default     0x0                  407    0    rapportd: (CoreUtils) [com.apple.rapport:CLinkD] Activating using connection NULL
2023-04-05 07:48:01.443036+1000 0xdb6      Info        0x3e50               118    0    opendirectoryd: (SystemCache) [com.apple.opendirectoryd:libinfo] Name: <private>, Node: /Local/Default
2023-04-05 07:48:01.443116+1000 0xf74      Info        0x3e50               118    0    opendirectoryd: [com.apple.opendirectoryd:session] getpwuid completed, delivered 1 result
2023-04-05 07:48:01.443203+1000 0xebe      Info        0x0                  407    0    rapportd: (CoreUtils) [com.apple.rapport:CLinkD] XPC connection started from assistantd:512
2023-04-05 07:48:01.443369+1000 0xfa2      Default     0x15f6               391    0    secd: [com.apple.securityd:initial-sync] Setting up notifications to monitor in-sync
2023-04-05 07:48:01.443375+1000 0x1337     Default     0x0                  512    0    assistantd: (IMFoundation) [com.apple.IDS:XPC] Created XPC service with name: <private>  (Connection: 0x13ed12450)
2023-04-05 07:48:01.443390+1000 0x1340     Activity    0x3cf3               512    0    assistantd: (IDS) Framework init with service, commands
2023-04-05 07:48:01.443410+1000 0x1340     Default     0x3cf3               512    0    assistantd: (IDS) [com.apple.IDS:_IDSService] _IDSService - initing {self: 0x13eb0ece0, service: com.apple.private.alloy.siri.icloud, commands: (null), manualAck: NO}
2023-04-05 07:48:01.443411+1000 0xfa2      Default     0x15f6               391    0    secd: [com.apple.securityd:acct-txn] UID: 501 - Starting as:member [SOS is monitoring] v:{(AccessoryPairing, AppleTV, BackupBagV0, ContinuityUnlock, HomeKit, NanoRegistry, PCS-Backup, PCS-CloudKit, PCS-Escrow, PCS-FDE, PCS-Feldspar, PCS-Maildrop, PCS-MasterKey, PCS-Notes, PCS-Photos, PCS-Sharing, PCS-iCloudDrive, PCS-iMessage, WatchMigration, iCloudIdentity)}
2023-04-05 07:48:01.443419+1000 0x1337     Default     0x0                  512    0    assistantd: (IDS) [com.apple.IDS:_IDSService] Client setup service -- checked in {service: com.apple.private.alloy.siri.icloud}
2023-04-05 07:48:01.443499+1000 0xfa2      Default     0x15f6               391    0    secd: [com.apple.securityd:initial-sync] Cancelling notifications to monitor in-sync
2023-04-05 07:48:01.443504+1000 0x120a     Info        0x0                  474    0    networkserviceproxy: (NetworkServiceProxy) [com.apple.networkserviceproxy:] <NSPPrivacyProxyPolicyHandler: 0x11e8056f0> added Mail App policy 55
2023-04-05 07:48:01.443528+1000 0x120a     Info        0x0                  474    0    networkserviceproxy: (NetworkServiceProxy) [com.apple.networkserviceproxy:] <NSPPrivacyProxyPolicyHandler: 0x11e8056f0> adding Mail App policy 
    order = 470
    result = {
        result-type = skip
    }
    conditions = (
        {
            condition-type = effective-application
            application-uuid = A9135563-EF09-38AC-8683-19A90CBE9970
        },
        {
            condition-type = all-interfaces
        },
        {
            condition-type = uid
            uid = 501
        },
        {
            condition-type = client-flags
        },
    )
2023-04-05 07:48:01.443534+1000 0x120a     Info        0x0                  474    0    networkserviceproxy: (NetworkServiceProxy) [com.apple.networkserviceproxy:] <NSPPrivacyProxyPolicyHandler: 0x11e8056f0> added Mail App policy 56
2023-04-05 07:48:01.443551+1000 0x120a     Info        0x0                  474    0    networkserviceproxy: (NetworkServiceProxy) [com.apple.networkserviceproxy:] <NSPPrivacyProxyPolicyHandler: 0x11e8056f0> adding Mail App policy 
    order = 470
    result = {
        result-type = skip
    }
    conditions = (
        {
            condition-type = effective-application
            application-uuid = 9848F881-437E-36B8-AFBD-FCF10A555960
        },
        {
            condition-type = all-interfaces
        },
        {
            condition-type = uid
            uid = 501
        },
        {
            condition-type = client-flags
        },
    )
2023-04-05 07:48:01.443556+1000 0x120a     Info        0x0                  474    0    networkserviceproxy: (NetworkServiceProxy) [com.apple.networkserviceproxy:] <NSPPrivacyProxyPolicyHandler: 0x11e8056f0> added Mail App policy 57
2023-04-05 07:48:01.443571+1000 0x120a     Info        0x0                  474    0    networkserviceproxy: (NetworkServiceProxy) [com.apple.networkserviceproxy:] <NSPPrivacyProxyPolicyHandler: 0x11e8056f0> adding Mail App policy 
    order = 470
    result = {
        result-type = skip
    }
    conditions = (
        {
            condition-type = effective-application
            application-uuid = 40C9A2FF-51EF-35AA-BB6C-92A7C98086EC
        },
        {
            condition-type = all-interfaces
        },
        {
            condition-type = uid
            uid = 501
        },
        {
            condition-type = client-flags
        },
    )
2023-04-05 07:48:01.443575+1000 0x120a     Info        0x0                  474    0    networkserviceproxy: (NetworkServiceProxy) [com.apple.networkserviceproxy:] <NSPPrivacyProxyPolicyHandler: 0x11e8056f0> added Mail App policy 58
2023-04-05 07:48:01.443590+1000 0x120a     Info        0x0                  474    0    networkserviceproxy: (NetworkServiceProxy) [com.apple.networkserviceproxy:] <NSPPrivacyProxyPolicyHandler: 0x11e8056f0> adding Mail App policy 
    order = 470
    result = {
        result-type = skip
    }
    conditions = (
        {
            condition-type = effective-application
            application-uuid = 57822274-5622-3D84-AA81-5109E0C47FC1
        },
        {
            condition-type = all-interfaces
        },
        {
            condition-type = uid
            uid = 501
        },
        {
            condition-type = client-flags
        },
    )
2023-04-05 07:48:01.443594+1000 0x120a     Info        0x0                  474    0    networkserviceproxy: (NetworkServiceProxy) [com.apple.networkserviceproxy:] <NSPPrivacyProxyPolicyHandler: 0x11e8056f0> added Mail App policy 59
2023-04-05 07:48:01.443611+1000 0x120a     Info        0x0                  474    0    networkserviceproxy: (NetworkServiceProxy) [com.apple.networkserviceproxy:] <NSPPrivacyProxyPolicyHandler: 0x11e8056f0> adding Mail App policy 
    order = 470
    result = {
        result-type = skip
    }
    conditions = (
        {
            condition-type = effective-application
            application-uuid = 0BA7C347-731E-322C-8519-FE2155F9DF32
        },
        {
            condition-type = all-interfaces
        },
        {
            condition-type = uid
            uid = 501
        },
        {
            condition-type = client-flags
        },
    )
2023-04-05 07:48:01.443615+1000 0x120a     Info        0x0                  474    0    networkserviceproxy: (NetworkServiceProxy) [com.apple.networkserviceproxy:] <NSPPrivacyProxyPolicyHandler: 0x11e8056f0> added Mail App policy 60
2023-04-05 07:48:01.443630+1000 0x120a     Info        0x0                  474    0    networkserviceproxy: (NetworkServiceProxy) [com.apple.networkserviceproxy:] <NSPPrivacyProxyPolicyHandler: 0x11e8056f0> adding Mail App policy 
    order = 470
    result = {
        result-type = skip
    }
    conditions = (
        {
            condition-type = effective-application
            application-uuid = C9424A6C-A848-3165-B74B-0A4AC4262017
        },
        {
            condition-type = all-interfaces
        },
        {
            condition-type = uid
            uid = 501
        },
        {
            condition-type = client-flags
        },
    )
2023-04-05 07:48:01.443638+1000 0x120a     Info        0x0                  474    0    networkserviceproxy: (NetworkServiceProxy) [com.apple.networkserviceproxy:] <NSPPrivacyProxyPolicyHandler: 0x11e8056f0> added Mail App policy 61
2023-04-05 07:48:01.443653+1000 0x120a     Info        0x0                  474    0    networkserviceproxy: (NetworkServiceProxy) [com.apple.networkserviceproxy:] <NSPPrivacyProxyPolicyHandler: 0x11e8056f0> adding Mail App policy 
    order = 470
    result = {
        result-type = skip
    }
    conditions = (
        {
            condition-type = effective-application
            application-uuid = 8EE5FD3D-4835-3C28-ADAF-5DC9A16A66A5
        },
        {
            condition-type = all-interfaces
        },
        {
            condition-type = uid
            uid = 501
        },
        {
            condition-type = client-flags
        },
    )
2023-04-05 07:48:01.443657+1000 0x120a     Info        0x0                  474    0    networkserviceproxy: (NetworkServiceProxy) [com.apple.networkserviceproxy:] <NSPPrivacyProxyPolicyHandler: 0x11e8056f0> added Mail App policy 62
2023-04-05 07:48:01.443670+1000 0x133c     Default     0x0                  512    0    assistantd: (Trial) [com.apple.trial:_] Initializing TRIClient. Trial version: TrialXP-361.11
2023-04-05 07:48:01.443672+1000 0x120a     Info        0x0                  474    0    networkserviceproxy: (NetworkServiceProxy) [com.apple.networkserviceproxy:] <NSPPrivacyProxyPolicyHandler: 0x11e8056f0> adding Mail App policy 
    order = 470
    result = {
        result-type = skip
    }
    conditions = (
        {
            condition-type = effective-application
            application-uuid = 415B47B0-7812-3E6B-843D-96023449C827
        },
        {
            condition-type = all-interfaces
        },
        {
            condition-type = uid
            uid = 501
        },
        {
            condition-type = client-flags
        },
    )
2023-04-05 07:48:01.443676+1000 0x120a     Info        0x0                  474    0    networkserviceproxy: (NetworkServiceProxy) [com.apple.networkserviceproxy:] <NSPPrivacyProxyPolicyHandler: 0x11e8056f0> added Mail App policy 63
2023-04-05 07:48:01.443690+1000 0x120a     Info        0x0                  474    0    networkserviceproxy: (NetworkServiceProxy) [com.apple.networkserviceproxy:] <NSPPrivacyProxyPolicyHandler: 0x11e8056f0> adding Mail App policy 
    order = 470
    result = {
        result-type = skip
    }
    conditions = (
        {
            condition-type = effective-application
            application-uuid = DEF84E2D-275D-35BE-84A1-78064B096337
        },
        {
            condition-type = all-interfaces
        },
        {
            condition-type = uid
            uid = 501
        },
        {
            condition-type = client-flags
        },
    )
2023-04-05 07:48:01.443694+1000 0x120a     Info        0x0                  474    0    networkserviceproxy: (NetworkServiceProxy) [com.apple.networkserviceproxy:] <NSPPrivacyProxyPolicyHandler: 0x11e8056f0> added Mail App policy 64
2023-04-05 07:48:01.443723+1000 0x120a     Default     0x0                  474    0    networkserviceproxy: (libsystem_networkextension.dylib) [com.apple.networkextension:] UUID cache sandbox check failed
2023-04-05 07:48:01.443723+1000 0x120a     Default     0x0                  474    0    networkserviceproxy: (libsystem_networkextension.dylib) [com.apple.networkextension:] UUID cache miss for com.apple.networkTester
2023-04-05 07:48:01.443739+1000 0xf45      Default     0x0                  0      0    kernel: memorystatus_update(enter): pid 518, priority 210, dirty=0x0, Active(-1MB NF), Inactive(-1MB, NF)
2023-04-05 07:48:01.443747+1000 0xf45      Default     0x0                  0      0    kernel: memorystatus_update: init: limit on pid 518 (-1MB F ) targeting priority(210) dirty?=0x0
2023-04-05 07:48:01.443749+1000 0xebe      Default     0x0                  407    0    rapportd: (CoreUtils) [com.apple.rapport:CLinkD] Activate: CLinkClient, CID 0x5E850002, FL 0x2000 < HHDevice >, CF 0x400000824 < iWiFi BTPipe SharedHome HHDevice >, No device, from assistantd:512
2023-04-05 07:48:01.443757+1000 0xebe      Default     0x0                  407    0    rapportd: (CoreUtils) [com.apple.rapport:CLinkD] Activating using connection NULL
2023-04-05 07:48:01.443827+1000 0xfa2      Default     0x15f6               391    0    secd: [com.apple.securityd:acct-txn] UID: 501 - Finished as:member [SOS is monitoring] v:{(AccessoryPairing, AppleTV, BackupBagV0, ContinuityUnlock, HomeKit, NanoRegistry, PCS-Backup, PCS-CloudKit, PCS-Escrow, PCS-FDE, PCS-Feldspar, PCS-Maildrop, PCS-MasterKey, PCS-Notes, PCS-Photos, PCS-Sharing, PCS-iCloudDrive, PCS-iMessage, WatchMigration, iCloudIdentity)}
2023-04-05 07:48:01.443865+1000 0xfa2      Default     0x15f6               391    0    secd: [com.apple.securityd:SecError] octagon-sos: Created SPKI for peer: <CKKSSOSPeer(spid-+kfjF3gSWpNUPlSzwzcHo7vlb3): pubEnc:{length = 16, bytes = 0x04ead3f8560db45e876a1a98ed9087b8} pubSign:{length = 16, bytes = 0x04a414623bfea8aa817034baa26635a1} views:10>
2023-04-05 07:48:01.443871+1000 0xf45      Default     0x0                  1      0    launchd: [pid/512/com.apple.siri.embeddedspeech.XXXXXXXX-XXXX-XXXX-XXXX-XXXXXXX8655 [518]:] xpcproxy spawned with pid 518
2023-04-05 07:48:01.443880+1000 0xf45      Default     0x0                  1      0    launchd: [pid/512/com.apple.siri.embeddedspeech.XXXXXXXX-XXXX-XXXX-XXXX-XXXXXXX8655 [518]:] internal event: SPAWNED, code = 0
2023-04-05 07:48:01.443884+1000 0xf45      Default     0x0                  1      0    launchd: [pid/512/com.apple.siri.embeddedspeech.XXXXXXXX-XXXX-XXXX-XXXX-XXXXXXX8655 [518]:] service state: xpcproxy
2023-04-05 07:48:01.443885+1000 0xfa2      Default     0x15f6               391    0    secd: [com.apple.securityd:SecError] octagon-sos: Created SPKI for peer: <CKKSSOSPeer(spid-/lx4X1hYiew4XbyPmpcCjHlDuF): pubEnc:{length = 16, bytes = 0x048c43bdbfd7844007233df7e2cf2cc4} pubSign:{length = 16, bytes = 0x04f845e1f366282b539b40f905c21d41} views:10>
2023-04-05 07:48:01.443897+1000 0xfa2      Default     0x15f6               391    0    secd: [com.apple.securityd:SecError] octagon-sos: Created SPKI for peer: <CKKSSOSPeer(spid-DOMGDE6w5RnUgemOa19nbYoGaO): pubEnc:{length = 16, bytes = 0x040d21347b9c5b4be579b72d3bf168db} pubSign:{length = 16, bytes = 0x046233f95f2ae90f68d5f6f90e05801c} views:10>
2023-04-05 07:48:01.443897+1000 0x133c     Info        0x0                  512    0    assistantd: (ProactiveSupport) [com.apple.trial:_] _PASEntitlement: Found boolean entitlement: "com.apple.private.security.storage.triald" --> YES
2023-04-05 07:48:01.443909+1000 0xfa2      Default     0x15f6               391    0    secd: [com.apple.securityd:SecError] octagon-sos: Created SPKI for peer: <CKKSSOSPeer(spid-bb62Lu3FD5mFzuxhtKWXInm89A): pubEnc:{length = 16, bytes = 0x040f4d5b7ec1da792e99d36fa671e912} pubSign:{length = 16, bytes = 0x048c184c2df8fad653bc5d69dca7eeb2} views:10>
2023-04-05 07:48:01.443921+1000 0xfa2      Default     0x15f6               391    0    secd: [com.apple.securityd:SecError] octagon-sos: Created SPKI for peer: <CKKSSOSPeer(spid-u0WHubTowx80c0ZSvCWINKxTtz): pubEnc:{length = 16, bytes = 0x04b88d3e2916fbaa22b6b2e2ac6d9cad} pubSign:{length = 16, bytes = 0x049ebf9672ac4d72f83a953973c0b0ca} views:10>
2023-04-05 07:48:01.443932+1000 0xfa2      Default     0x15f6               391    0    secd: [com.apple.securityd:SecError] octagon-sos: Created SPKI for peer: <CKKSSOSPeer(spid-lmNj3aOq/6luW6iL2e3z6cO18i): pubEnc:{length = 16, bytes = 0x040c33cd96bab91a964a7e4c06294d6b} pubSign:{length = 16, bytes = 0x04102c2fa0d87f3f0b3bcf2c7dbf2313} views:10>
2023-04-05 07:48:01.443944+1000 0xfa2      Default     0x15f6               391    0    secd: [com.apple.securityd:SecError] octagon-sos: Created SPKI for peer: <CKKSSOSPeer(spid-g/yWWDyZxqqjaqkixx9OApK7Ks): pubEnc:{length = 16, bytes = 0x0451209f6ef4b80f13b4d8e5871ccc6c} pubSign:{length = 16, bytes = 0x040cedd329bdb6c099bfa23d00134407} views:10>
2023-04-05 07:48:01.443953+1000 0xf45      Default     0x0                  1      0    launchd: [pid/512/com.apple.siri.embeddedspeech.XXXXXXXX-XXXX-XXXX-XXXX-XXXXXXX8655 [518]:] internal event: SOURCE_ATTACH, code = 0
2023-04-05 07:48:01.443970+1000 0xfa2      Default     0x15f6               391    0    secd: [com.apple.securityd:octagon-sos] Updating SOS preapproved keys to (
    {length = 120, bytes = 0x30763010 06072a86 48ce3d02 0106052b ... 9baceff2 e036402b },
    {length = 120, bytes = 0x30763010 06072a86 48ce3d02 0106052b ... ce67317f 63c9bc56 },
    {length = 120, bytes = 0x30763010 06072a86 48ce3d02 0106052b ... f91132c8 a041f23c },
    {length = 120, bytes = 0x30763010 06072a86 48ce3d02 0106052b ... 9ba7a6ce f1c4a7fa },
    {length = 120, bytes = 0x30763010 06072a86 48ce3d02 0106052b ... d385df38 e2c1c914 },
    {length = 120, bytes = 0x30763010 06072a86 48ce3d02 0106052b ... 0f7962d2 7a4dfd21 },
    {length = 120, bytes = 0x30763010 06072a86 48ce3d02 0106052b ... 6cf73de9 9799174a }
)
2023-04-05 07:48:01.444008+1000 0x133c     Default     0x0                  512    0    assistantd: (Trial) [com.apple.trial:_] <private> 0x13eb0ab60 (no container): using Trial root dir <private>
2023-04-05 07:48:01.444075+1000 0xf45      Default     0x0                  1      0    launchd: [gui/501 [100007]:] failed activation: name = com.apple.siri.device_resolution, flags = 0x0, requestor = assistantd[512], error = 1: Operation not permitted
